Archive member included because of file (symbol)

contiki-sky.a(contiki-sky-pla)
                              obj_sky/contiki-sky-main.o (init_platform)
contiki-sky.a(button-sensor.o)
                              contiki-sky.a(contiki-sky-pla) (button_sensor)
contiki-sky.a(ds2411.o)       obj_sky/contiki-sky-main.o (ds2411_init)
contiki-sky.a(xmem.o)         obj_sky/contiki-sky-main.o (xmem_init)
contiki-sky.a(node-id.o)      obj_sky/contiki-sky-main.o (node_id_restore)
contiki-sky.a(sensors.o)      contiki-sky.a(button-sensor.o) (sensors_changed)
contiki-sky.a(cc2420.o)       obj_sky/contiki-sky-main.o (cc2420_set_pan_addr)
contiki-sky.a(cc2420-arch.o)  contiki-sky.a(cc2420.o) (cc2420_arch_init)
contiki-sky.a(uart1.o)        obj_sky/contiki-sky-main.o (uart1_active)
contiki-sky.a(uart1-putchar.o)
                              obj_sky/contiki-sky-main.o (putchar)
contiki-sky.a(msp430.o)       contiki-sky.a(uart1.o) (msp430_add_lpm_req)
contiki-sky.a(clock.o)        obj_sky/contiki-sky-main.o (clock_init)
contiki-sky.a(leds.o)         obj_sky/contiki-sky-main.o (leds_init)
contiki-sky.a(leds-arch.o)    contiki-sky.a(leds.o) (leds_arch_init)
contiki-sky.a(watchdog.o)     obj_sky/contiki-sky-main.o (watchdog_start)
contiki-sky.a(rtimer-arch.o)  obj_sky/contiki-sky-main.o (rtimer_arch_now)
contiki-sky.a(autostart.o)    obj_sky/contiki-sky-main.o (autostart_start)
contiki-sky.a(energest.o)     obj_sky/contiki-sky-main.o (energest_init)
contiki-sky.a(etimer.o)       contiki-sky.a(clock.o) (etimer_request_poll)
contiki-sky.a(ctimer.o)       obj_sky/contiki-sky-main.o (ctimer_init)
contiki-sky.a(process.o)      contiki-sky.a(etimer.o) (process_current)
contiki-sky.a(rtimer.o)       obj_sky/contiki-sky-main.o (rtimer_init)
contiki-sky.a(timer.o)        obj_sky/contiki-sky-main.o (timer_set)
contiki-sky.a(serial-line.o)  obj_sky/contiki-sky-main.o (serial_line_input_byte)
contiki-sky.a(list.o)         contiki-sky.a(ctimer.o) (list_init)
contiki-sky.a(memb.o)         Arbol_rssi.co (memb_alloc)
contiki-sky.a(random.o)       obj_sky/contiki-sky-main.o (random_init)
contiki-sky.a(ringbuf.o)      contiki-sky.a(serial-line.o) (ringbuf_init)
contiki-sky.a(rime.o)         obj_sky/contiki-sky-main.o (rime_driver)
contiki-sky.a(broadcast-annou)
                              contiki-sky.a(rime.o) (broadcast_announcement_init)
contiki-sky.a(abc.o)          contiki-sky.a(rime.o) (abc_input)
contiki-sky.a(broadcast.o)    Arbol_rssi.co (broadcast_open)
contiki-sky.a(chameleon.o)    contiki-sky.a(rime.o) (chameleon_init)
contiki-sky.a(channel.o)      contiki-sky.a(chameleon.o) (channel_init)
contiki-sky.a(unicast.o)      Arbol_rssi.co (unicast_open)
contiki-sky.a(announcement.o)
                              contiki-sky.a(rime.o) (announcement_init)
contiki-sky.a(csma.o)         obj_sky/contiki-sky-main.o (csma_driver)
contiki-sky.a(queuebuf.o)     contiki-sky.a(rime.o) (queuebuf_init)
contiki-sky.a(packetbuf.o)    contiki-sky.a(cc2420.o) (packetbuf_set_datalen)
contiki-sky.a(linkaddr.o)     Arbol_rssi.co (linkaddr_copy)
contiki-sky.a(contikimac.o)   obj_sky/contiki-sky-main.o (contikimac_driver)
contiki-sky.a(contikimac-fram)
                              contiki-sky.a(contikimac.o) (contikimac_framer)
contiki-sky.a(nullsec.o)      obj_sky/contiki-sky-main.o (nullsec_driver)
contiki-sky.a(spi.o)          contiki-sky.a(xmem.o) (spi_init)
contiki-sky.a(compower.o)     contiki-sky.a(contikimac.o) (compower_accumulate)
contiki-sky.a(chameleon-bitop)
                              contiki-sky.a(chameleon.o) (chameleon_bitopt)
contiki-sky.a(mac-sequence.o)
                              contiki-sky.a(contikimac.o) (mac_sequence_is_duplicate)
contiki-sky.a(mac.o)          contiki-sky.a(csma.o) (mac_call_sent_callback)
contiki-sky.a(framer-802154.o)
                              contiki-sky.a(contikimac-fram) (framer_802154)
contiki-sky.a(frame802154.o)  contiki-sky.a(framer-802154.o) (frame802154_get_pan_id)
/usr/lib/gcc/msp430/4.6.3/mmpy-16/libgcc.a(_mulsi3.o)
                              contiki-sky.a(csma.o) (__mulsi3)
/usr/lib/gcc/msp430/4.6.3/mmpy-16/libgcc.a(_udivmod32.o)
                              obj_sky/contiki-sky-main.o (__udivsi3)
/usr/lib/gcc/msp430/4.6.3/../../../../msp430/lib/mmpy-16/libc.a(strncmp.o)
                              contiki-sky.a(sensors.o) (strncmp)
/usr/lib/gcc/msp430/4.6.3/../../../../msp430/lib/mmpy-16/libc.a(memcmp.o)
                              contiki-sky.a(linkaddr.o) (memcmp)
/usr/lib/gcc/msp430/4.6.3/../../../../msp430/lib/mmpy-16/libc.a(strcpy.o)
                              obj_sky/Arbol_lib.o (strcpy)
/usr/lib/gcc/msp430/4.6.3/../../../../msp430/lib/mmpy-16/libc.a(memcpy.o)
                              contiki-sky.a(broadcast-annou) (memcpy)
/usr/lib/gcc/msp430/4.6.3/../../../../msp430/lib/mmpy-16/libc.a(memset.o)
                              obj_sky/contiki-sky-main.o (memset)
/usr/lib/gcc/msp430/4.6.3/../../../../msp430/lib/mmpy-16/libc.a(printf.o)
[...]
Memory Configuration

Name             Origin             Length             Attributes
sfr              0x0000000000000000 0x0000000000000010
peripheral_8bit  0x0000000000000010 0x00000000000000f0
peripheral_16bit 0x0000000000000100 0x0000000000000100
ram_mirror       0x0000000000000200 0x0000000000000800 xw
infomem          0x0000000000001000 0x0000000000000100
infob            0x0000000000001000 0x0000000000000080
infoa            0x0000000000001080 0x0000000000000080
ram              0x0000000000001100 0x0000000000002800 xw
rom              0x0000000000004000 0x000000000000bfe0 xr
vectors          0x000000000000ffe0 0x0000000000000020
bsl              0x0000000000000000 0x0000000000000000
infoc            0x0000000000000000 0x0000000000000000
infod            0x0000000000000000 0x0000000000000000
ram2             0x0000000000000000 0x0000000000000000 xw
usbram           0x0000000000000000 0x0000000000000000 xw
far_rom          0x0000000000000000 0x0000000000000000
*default*        0x0000000000000000 0xffffffffffffffff

Linker script and memory map

LOAD /usr/lib/gcc/msp430/4.6.3/mmpy-16/crt0ivtbl16.o
LOAD Arbol_rssi.co
LOAD obj_sky/Arbol_lib.o
LOAD obj_sky/contiki-sky-main.o
LOAD contiki-sky.a
LOAD /usr/lib/gcc/msp430/4.6.3/mmpy-16/libgcc.a
LOAD /usr/lib/gcc/msp430/4.6.3/../../../../msp430/lib/mmpy-16/libc.a
LOAD /usr/lib/gcc/msp430/4.6.3/mmpy-16/libgcc.a
LOAD /usr/lib/gcc/msp430/4.6.3/mmpy-16/libcrt0.a
                0x0000000000000080                PROVIDE (__info_segment_size, 0x80)
                0x0000000000001000                PROVIDE (__infob, 0x1000)
                0x0000000000001080                PROVIDE (__infoa, 0x1080)
                0x0000000000000000                __IE1 = 0x0
                0x0000000000000002                __IFG1 = 0x2
                0x0000000000000004                __ME1 = 0x4
                0x0000000000000001                __IE2 = 0x1
                0x0000000000000003                __IFG2 = 0x3
                0x0000000000000005                __ME2 = 0x5
                0x0000000000000120                __WDTCTL = 0x120
                0x0000000000000130                __MPY = 0x130
                0x0000000000000132                __MPYS = 0x132
                0x0000000000000134                __MAC = 0x134
                0x0000000000000136                __MACS = 0x136
                0x0000000000000138                __OP2 = 0x138
                0x000000000000013a                __RESLO = 0x13a
                0x000000000000013c                __RESHI = 0x13c
                0x000000000000013e                __SUMEXT = 0x13e
                0x0000000000000020                __P1IN = 0x20
                0x0000000000000021                __P1OUT = 0x21
                0x0000000000000022                __P1DIR = 0x22
                0x0000000000000023                __P1IFG = 0x23
                0x0000000000000024                __P1IES = 0x24
                0x0000000000000025                __P1IE = 0x25
                0x0000000000000026                __P1SEL = 0x26
                0x0000000000000028                __P2IN = 0x28
                0x0000000000000029                __P2OUT = 0x29
                0x000000000000002a                __P2DIR = 0x2a
                0x000000000000002b                __P2IFG = 0x2b
                0x000000000000002c                __P2IES = 0x2c
                0x000000000000002d                __P2IE = 0x2d
                0x000000000000002e                __P2SEL = 0x2e
                0x0000000000000018                __P3IN = 0x18
                0x0000000000000019                __P3OUT = 0x19
                0x000000000000001a                __P3DIR = 0x1a
                0x000000000000001b                __P3SEL = 0x1b
                0x000000000000001c                __P4IN = 0x1c
                0x000000000000001d                __P4OUT = 0x1d
                0x000000000000001e                __P4DIR = 0x1e
                0x000000000000001f                __P4SEL = 0x1f
                0x0000000000000030                __P5IN = 0x30
                0x0000000000000031                __P5OUT = 0x31
                0x0000000000000032                __P5DIR = 0x32
                0x0000000000000033                __P5SEL = 0x33
                0x0000000000000034                __P6IN = 0x34
                0x0000000000000035                __P6OUT = 0x35
                0x0000000000000036                __P6DIR = 0x36
                0x0000000000000037                __P6SEL = 0x37
                0x0000000000000070                __U0CTL = 0x70
                0x0000000000000071                __U0TCTL = 0x71
                0x0000000000000072                __U0RCTL = 0x72
                0x0000000000000073                __U0MCTL = 0x73
                0x0000000000000074                __U0BR0 = 0x74
                0x0000000000000075                __U0BR1 = 0x75
                0x0000000000000076                __U0RXBUF = 0x76
                0x0000000000000077                __U0TXBUF = 0x77
                0x0000000000000078                __U1CTL = 0x78
                0x0000000000000079                __U1TCTL = 0x79
                0x000000000000007a                __U1RCTL = 0x7a
                0x000000000000007b                __U1MCTL = 0x7b
                0x000000000000007c                __U1BR0 = 0x7c
                0x000000000000007d                __U1BR1 = 0x7d
                0x000000000000007e                __U1RXBUF = 0x7e
                0x000000000000007f                __U1TXBUF = 0x7f
                0x0000000000000050                __I2CIE = 0x50
                0x0000000000000051                __I2CIFG = 0x51
                0x0000000000000052                __I2CNDAT = 0x52
                0x0000000000000071                __I2CTCTL = 0x71
                0x0000000000000072                __I2CDCTL = 0x72
                0x0000000000000073                __I2CPSC = 0x73
                0x0000000000000074                __I2CSCLH = 0x74
                0x0000000000000075                __I2CSCLL = 0x75
                0x0000000000000076                __I2CDRB = 0x76
                0x0000000000000076                __I2CDRW = 0x76
                0x0000000000000118                __I2COA = 0x118
                0x000000000000011a                __I2CSA = 0x11a
                0x000000000000011c                __I2CIV = 0x11c
                0x000000000000012e                __TAIV = 0x12e
                0x0000000000000160                __TACTL = 0x160
                0x0000000000000162                __TACCTL0 = 0x162
                0x0000000000000164                __TACCTL1 = 0x164
                0x0000000000000166                __TACCTL2 = 0x166
                0x0000000000000170                __TAR = 0x170
                0x0000000000000172                __TACCR0 = 0x172
                0x0000000000000174                __TACCR1 = 0x174
                0x0000000000000176                __TACCR2 = 0x176
                0x000000000000011e                __TBIV = 0x11e
                0x0000000000000180                __TBCTL = 0x180
                0x0000000000000182                __TBCCTL0 = 0x182
                0x0000000000000184                __TBCCTL1 = 0x184
                0x0000000000000186                __TBCCTL2 = 0x186
                0x0000000000000188                __TBCCTL3 = 0x188
                0x000000000000018a                __TBCCTL4 = 0x18a
                0x000000000000018c                __TBCCTL5 = 0x18c
                0x000000000000018e                __TBCCTL6 = 0x18e
                0x0000000000000190                __TBR = 0x190
                0x0000000000000192                __TBCCR0 = 0x192
                0x0000000000000194                __TBCCR1 = 0x194
                0x0000000000000196                __TBCCR2 = 0x196
                0x0000000000000198                __TBCCR3 = 0x198
                0x000000000000019a                __TBCCR4 = 0x19a
                0x000000000000019c                __TBCCR5 = 0x19c
                0x000000000000019e                __TBCCR6 = 0x19e
                0x0000000000000056                __DCOCTL = 0x56
                0x0000000000000057                __BCSCTL1 = 0x57
                0x0000000000000058                __BCSCTL2 = 0x58
                0x0000000000000055                __SVSCTL = 0x55
                0x0000000000000128                __FCTL1 = 0x128
                0x000000000000012a                __FCTL2 = 0x12a
                0x000000000000012c                __FCTL3 = 0x12c
                0x0000000000000059                __CACTL1 = 0x59
                0x000000000000005a                __CACTL2 = 0x5a
                0x000000000000005b                __CAPD = 0x5b
                0x00000000000001a0                __ADC12CTL0 = 0x1a0
                0x00000000000001a2                __ADC12CTL1 = 0x1a2
                0x00000000000001a4                __ADC12IFG = 0x1a4
                0x00000000000001a6                __ADC12IE = 0x1a6
                0x00000000000001a8                __ADC12IV = 0x1a8
                0x0000000000000140                __ADC12MEM0 = 0x140
                0x0000000000000142                __ADC12MEM1 = 0x142
                0x0000000000000144                __ADC12MEM2 = 0x144
                0x0000000000000146                __ADC12MEM3 = 0x146
                0x0000000000000148                __ADC12MEM4 = 0x148
                0x000000000000014a                __ADC12MEM5 = 0x14a
                0x000000000000014c                __ADC12MEM6 = 0x14c
                0x000000000000014e                __ADC12MEM7 = 0x14e
                0x0000000000000150                __ADC12MEM8 = 0x150
                0x0000000000000152                __ADC12MEM9 = 0x152
                0x0000000000000154                __ADC12MEM10 = 0x154
                0x0000000000000156                __ADC12MEM11 = 0x156
                0x0000000000000158                __ADC12MEM12 = 0x158
                0x000000000000015a                __ADC12MEM13 = 0x15a
                0x000000000000015c                __ADC12MEM14 = 0x15c
                0x000000000000015e                __ADC12MEM15 = 0x15e
                0x0000000000000080                __ADC12MCTL0 = 0x80
                0x0000000000000081                __ADC12MCTL1 = 0x81
                0x0000000000000082                __ADC12MCTL2 = 0x82
                0x0000000000000083                __ADC12MCTL3 = 0x83
                0x0000000000000084                __ADC12MCTL4 = 0x84
                0x0000000000000085                __ADC12MCTL5 = 0x85
                0x0000000000000086                __ADC12MCTL6 = 0x86
                0x0000000000000087                __ADC12MCTL7 = 0x87
                0x0000000000000088                __ADC12MCTL8 = 0x88
                0x0000000000000089                __ADC12MCTL9 = 0x89
                0x000000000000008a                __ADC12MCTL10 = 0x8a
                0x000000000000008b                __ADC12MCTL11 = 0x8b
                0x000000000000008c                __ADC12MCTL12 = 0x8c
                0x000000000000008d                __ADC12MCTL13 = 0x8d
                0x000000000000008e                __ADC12MCTL14 = 0x8e
                0x000000000000008f                __ADC12MCTL15 = 0x8f
                0x00000000000001c0                __DAC12_0CTL = 0x1c0
                0x00000000000001c2                __DAC12_1CTL = 0x1c2
                0x00000000000001c8                __DAC12_0DAT = 0x1c8
                0x00000000000001ca                __DAC12_1DAT = 0x1ca
                0x0000000000000122                __DMACTL0 = 0x122
                0x0000000000000124                __DMACTL1 = 0x124
                0x00000000000001e0                __DMA0CTL = 0x1e0
                0x00000000000001e8                __DMA1CTL = 0x1e8
                0x00000000000001f0                __DMA2CTL = 0x1f0
                0x00000000000001e2                __DMA0SA = 0x1e2
                0x00000000000001e4                __DMA0DA = 0x1e4
                0x00000000000001e6                __DMA0SZ = 0x1e6
                0x00000000000001ea                __DMA1SA = 0x1ea
                0x00000000000001ec                __DMA1DA = 0x1ec
                0x00000000000001ee                __DMA1SZ = 0x1ee
                0x00000000000001f2                __DMA2SA = 0x1f2
                0x00000000000001f4                __DMA2DA = 0x1f4
                0x00000000000001f6                __DMA2SZ = 0x1f6

.hash
 *(.hash)

.dynsym
 *(.dynsym)

.dynstr
 *(.dynstr)

.gnu.version
 *(.gnu.version)

.gnu.version_d
 *(.gnu.version_d)

.gnu.version_r
 *(.gnu.version_r)

.rel.init
 *(.rel.init)

.rela.init
 *(.rela.init)

.rel.fini
 *(.rel.fini)

.rela.fini
 *(.rela.fini)

.rel.text
 *(.rel.text .rel.text.* .rel.gnu.linkonce.t.*)

.rela.text
 *(.rela.text .rela.text.* .rela.gnu.linkonce.t.*)

.rel.rodata
 *(.rel.rodata .rel.rodata.* .rel.gnu.linkonce.r.*)

.rela.rodata
 *(.rela.rodata .rela.rodata.* .rela.gnu.linkonce.r.*)

.rel.data
 *(.rel.data .rel.data.* .rel.gnu.linkonce.d.*)

.rela.data
 *(.rela.data .rela.data.* .rela.gnu.linkonce.d.*)

.rel.bss
 *(.rel.bss .rel.bss.* .rel.gnu.linkonce.b.*)

.rela.bss
 *(.rela.bss .rela.bss.* .rela.gnu.linkonce.b.*)

.rel.ctors
 *(.rel.ctors)

.rela.ctors
 *(.rela.ctors)

.rel.dtors
 *(.rel.dtors)

.rela.dtors
 *(.rela.dtors)

.rel.got
 *(.rel.got)

.rela.got
 *(.rela.got)

.rel.plt
 *(.rel.plt)

.rela.plt
 *(.rela.plt)

.text           0x0000000000004000     0x56e0
                0x0000000000004000                . = ALIGN (0x2)
 *(.init .init.*)
 *(.init0)
 .init0         0x0000000000004000        0x0 /usr/lib/gcc/msp430/4.6.3/mmpy-16/libcrt0.a(_reset_vector__.o)
                0x0000000000004000                _reset_vector__
 *(.init1)
 .init1         0x0000000000004000        0xc /usr/lib/gcc/msp430/4.6.3/mmpy-16/libcrt0.a(__watchdog_support.o)
                0x0000000000004000                __watchdog_support
 *(.init2)
 .init2         0x000000000000400c        0x4 /usr/lib/gcc/msp430/4.6.3/mmpy-16/libcrt0.a(__init_stack.o)
                0x000000000000400c                __init_stack
 *(.init3)
 .init3         0x0000000000004010        0x0 /usr/lib/gcc/msp430/4.6.3/mmpy-16/libcrt0.a(__low_level_init.o)
                0x0000000000004010                __low_level_init
 *(.init4)
 .init4         0x0000000000004010       0x18 /usr/lib/gcc/msp430/4.6.3/mmpy-16/libcrt0.a(_copy_data.o)
                0x0000000000004010                __do_copy_data
 .init4         0x0000000000004028       0x16 /usr/lib/gcc/msp430/4.6.3/mmpy-16/libcrt0.a(_clear_bss.o)
                0x0000000000004028                __do_clear_bss
 *(.init5)
 *(.init6)
 *(.init7)
 *(.init8)
 *(.init9)
 .init9         0x000000000000403e      0x2da obj_sky/contiki-sky-main.o
                0x000000000000403e                main
 *(.fini9)
 .fini9         0x0000000000004318        0x0 /usr/lib/gcc/msp430/4.6.3/mmpy-16/libcrt0.a(__stop_progExec__.o)
                0x0000000000004318                __stop_progExec__
 *(.fini8)
 *(.fini7)
 *(.fini6)
 *(.fini5)
 *(.fini4)
 *(.fini3)
 *(.fini2)
 *(.fini1)
 *(.fini0)
 .fini0         0x0000000000004318        0x6 /usr/lib/gcc/msp430/4.6.3/mmpy-16/libcrt0.a(_endless_loop__.o)
                0x0000000000004318                _endless_loop__
 *(.fini .fini.*)
                0x000000000000431e                . = ALIGN (0x2)
                0x000000000000431e                __ctors_start = .
 *(.ctors)
                0x000000000000431e                __ctors_end = .
                0x000000000000431e                __dtors_start = .
 *(.dtors)
                0x000000000000431e                __dtors_end = .
                0x000000000000431e                . = ALIGN (0x2)
 *(.text .text.* .gnu.linkonce.t.*)
 .text          0x000000000000431e        0x4 /usr/lib/gcc/msp430/4.6.3/mmpy-16/crt0ivtbl16.o
                0x000000000000431e                __isr_14
                0x000000000000431e                __isr_11
                0x000000000000431e                __isr_2
                0x000000000000431e                __isr_7
                0x000000000000431e                __isr_0
                0x000000000000431e                __isr_8
                0x000000000000431e                __isr_3
                0x000000000000431e                __isr_12
                0x000000000000431e                __isr_13
                0x000000000000431e                __isr_9
 .text.process_thread_unicast_rtx
                0x0000000000004322       0xec Arbol_rssi.co
 .text.recv_uc  0x000000000000440e       0xb4 Arbol_rssi.co
 .text.process_thread_select_parent
                0x00000000000044c2       0x52 Arbol_rssi.co
 .text.process_thread_unicast_msg
                0x0000000000004514       0x9e Arbol_rssi.co
 .text.process_thread_send_beacon
                0x00000000000045b2       0xbc Arbol_rssi.co
 .text.sent_uc  0x000000000000466e       0x2a Arbol_rssi.co
 .text.broadcast_recv
                0x0000000000004698       0x72 Arbol_rssi.co
 .text.llenar_beacon
                0x000000000000470a       0x14 obj_sky/Arbol_lib.o
                0x000000000000470a                llenar_beacon
 .text.llenar_unicast
                0x000000000000471e       0x32 obj_sky/Arbol_lib.o
                0x000000000000471e                llenar_unicast
 .text.cond_1_neighbor_discovery
                0x0000000000004750       0x16 obj_sky/Arbol_lib.o
                0x0000000000004750                cond_1_neighbor_discovery
 .text.print_select_table_parent
                0x0000000000004766       0x44 obj_sky/Arbol_lib.o
                0x0000000000004766                print_select_table_parent
 .text.add_parent
                0x00000000000047aa       0x96 obj_sky/Arbol_lib.o
                0x00000000000047aa                add_parent
 .text.update_parent
                0x0000000000004840       0x7e obj_sky/Arbol_lib.o
                0x0000000000004840                update_parent
 .text.init_platform
                0x00000000000048be        0xc contiki-sky.a(contiki-sky-pla)
                0x00000000000048be                init_platform
 .text.status   0x00000000000048ca       0x16 contiki-sky.a(button-sensor.o)
 .text.configure
                0x00000000000048e0       0x52 contiki-sky.a(button-sensor.o)
 .text.value    0x0000000000004932       0x22 contiki-sky.a(button-sensor.o)
 .text.irq_p2   0x0000000000004954       0x8a contiki-sky.a(button-sensor.o)
                0x0000000000004954                irq_p2
                0x0000000000004954                __isr_1
 .text.owreadb  0x00000000000049de       0x52 contiki-sky.a(ds2411.o)
 .text.ds2411_init
                0x0000000000004a30      0x122 contiki-sky.a(ds2411.o)
                0x0000000000004a30                ds2411_init
 .text.wait_ready
                0x0000000000004b52       0x50 contiki-sky.a(xmem.o)
 .text.xmem_init
                0x0000000000004ba2       0x3e contiki-sky.a(xmem.o)
                0x0000000000004ba2                xmem_init
 .text.xmem_pread
                0x0000000000004be0       0xea contiki-sky.a(xmem.o)
                0x0000000000004be0                xmem_pread
 .text.node_id_restore
                0x0000000000004cca       0x38 contiki-sky.a(node-id.o)
                0x0000000000004cca                node_id_restore
 .text.process_thread_sensors_process
                0x0000000000004d02       0xbe contiki-sky.a(sensors.o)
 .text.sensors_changed
                0x0000000000004dc0       0x2a contiki-sky.a(sensors.o)
                0x0000000000004dc0                sensors_changed
 .text.get_object
                0x0000000000004dea        0x4 contiki-sky.a(cc2420.o)
 .text.set_object
                0x0000000000004dee        0x4 contiki-sky.a(cc2420.o)
 .text.strobe   0x0000000000004df2       0x20 contiki-sky.a(cc2420.o)
 .text.getreg   0x0000000000004e12       0x54 contiki-sky.a(cc2420.o)
 .text.setreg   0x0000000000004e66       0x52 contiki-sky.a(cc2420.o)
 .text.write_ram
                0x0000000000004eb8       0x80 contiki-sky.a(cc2420.o)
 .text.write_fifo_buf
                0x0000000000004f38       0x40 contiki-sky.a(cc2420.o)
 .text.get_status
                0x0000000000004f78       0x24 contiki-sky.a(cc2420.o)
 .text.set_txpower
                0x0000000000004f9c       0x26 contiki-sky.a(cc2420.o)
 .text.cc2420_receiving_packet
                0x0000000000004fc2        0xe contiki-sky.a(cc2420.o)
 .text.pending_packet
                0x0000000000004fd0        0x8 contiki-sky.a(cc2420.o)
 .text.on       0x0000000000004fd8       0x26 contiki-sky.a(cc2420.o)
 .text.wait_for_transmission
                0x0000000000004ffe       0x22 contiki-sky.a(cc2420.o)
 .text.wait_for_status
                0x0000000000005020       0x2a contiki-sky.a(cc2420.o)
 .text.getrxdata
                0x000000000000504a       0x56 contiki-sky.a(cc2420.o)
 .text.flushrx  0x00000000000050a0       0x1a contiki-sky.a(cc2420.o)
 .text.off      0x00000000000050ba       0x62 contiki-sky.a(cc2420.o)
 .text.RELEASE_LOCK
                0x000000000000511c       0x28 contiki-sky.a(cc2420.o)
 .text.set_key  0x0000000000005144       0x18 contiki-sky.a(cc2420.o)
 .text.set_frame_filtering
                0x000000000000515c       0x30 contiki-sky.a(cc2420.o)
 .text.set_auto_ack
                0x000000000000518c       0x30 contiki-sky.a(cc2420.o)
 .text.set_poll_mode
                0x00000000000051bc       0x36 contiki-sky.a(cc2420.o)
 .text.cc2420_prepare
                0x00000000000051f2       0x3c contiki-sky.a(cc2420.o)
 .text.cc2420_on
                0x000000000000522e       0x22 contiki-sky.a(cc2420.o)
                0x000000000000522e                cc2420_on
 .text.cc2420_off
                0x0000000000005250       0x30 contiki-sky.a(cc2420.o)
                0x0000000000005250                cc2420_off
 .text.cc2420_cca
                0x0000000000005280       0x5e contiki-sky.a(cc2420.o)
 .text.cc2420_read
                0x00000000000052de       0xc0 contiki-sky.a(cc2420.o)
 .text.process_thread_cc2420_process
                0x000000000000539e       0x58 contiki-sky.a(cc2420.o)
 .text.encrypt  0x00000000000053f6       0x8e contiki-sky.a(cc2420.o)
 .text.cc2420_set_channel
                0x0000000000005484       0x3c contiki-sky.a(cc2420.o)
                0x0000000000005484                cc2420_set_channel
 .text.cc2420_set_pan_addr
                0x00000000000054c0       0x4c contiki-sky.a(cc2420.o)
                0x00000000000054c0                cc2420_set_pan_addr
 .text.cc2420_interrupt
                0x000000000000550c       0x18 contiki-sky.a(cc2420.o)
                0x000000000000550c                cc2420_interrupt
 .text.cc2420_set_txpower
                0x0000000000005524        0xe contiki-sky.a(cc2420.o)
                0x0000000000005524                cc2420_set_txpower
 .text.cc2420_get_txpower
                0x0000000000005532       0x1e contiki-sky.a(cc2420.o)
                0x0000000000005532                cc2420_get_txpower
 .text.cc2420_transmit
                0x0000000000005550      0x134 contiki-sky.a(cc2420.o)
 .text.cc2420_send
                0x0000000000005684       0x12 contiki-sky.a(cc2420.o)
 .text.cc2420_rssi
                0x0000000000005696       0x4c contiki-sky.a(cc2420.o)
                0x0000000000005696                cc2420_rssi
 .text.get_value
                0x00000000000056e2      0x108 contiki-sky.a(cc2420.o)
 .text.cc2420_set_cca_threshold
                0x00000000000057ea       0x16 contiki-sky.a(cc2420.o)
                0x00000000000057ea                cc2420_set_cca_threshold
 .text.set_value
                0x0000000000005800       0xba contiki-sky.a(cc2420.o)
 .text.cc2420_init
                0x00000000000058ba       0xf0 contiki-sky.a(cc2420.o)
                0x00000000000058ba                cc2420_init
 .text.cc2420_port1_interrupt
                0x00000000000059aa       0x62 contiki-sky.a(cc2420-arch.o)
                0x00000000000059aa                __isr_4
                0x00000000000059aa                cc2420_port1_interrupt
 .text.cc2420_arch_init
                0x0000000000005a0c       0x1a contiki-sky.a(cc2420-arch.o)
                0x0000000000005a0c                cc2420_arch_init
 .text.handle_rxdma_timer
                0x0000000000005a26       0x3a contiki-sky.a(uart1.o)
 .text.uart1_active
                0x0000000000005a60       0x1a contiki-sky.a(uart1.o)
                0x0000000000005a60                uart1_active
 .text.uart1_set_input
                0x0000000000005a7a       0x20 contiki-sky.a(uart1.o)
                0x0000000000005a7a                uart1_set_input
 .text.uart1_writeb
                0x0000000000005a9a       0x1a contiki-sky.a(uart1.o)
                0x0000000000005a9a                uart1_writeb
 .text.uart1_init
                0x0000000000005ab4       0xf6 contiki-sky.a(uart1.o)
                0x0000000000005ab4                uart1_init
 .text.putchar  0x0000000000005baa       0x10 contiki-sky.a(uart1-putchar.o)
                0x0000000000005baa                putchar
 .text.msp430_init_dco
                0x0000000000005bba       0x84 contiki-sky.a(msp430.o)
                0x0000000000005bba                msp430_init_dco
 .text.msp430_add_lpm_req
                0x0000000000005c3e        0xc contiki-sky.a(msp430.o)
                0x0000000000005c3e                msp430_add_lpm_req
 .text.msp430_cpu_init
                0x0000000000005c4a       0x2a contiki-sky.a(msp430.o)
                0x0000000000005c4a                msp430_cpu_init
 .text.splhigh_
                0x0000000000005c74        0x8 contiki-sky.a(msp430.o)
                0x0000000000005c74                splhigh_
 .text.msp430_sync_dco
                0x0000000000005c7c       0x68 contiki-sky.a(msp430.o)
                0x0000000000005c7c                msp430_sync_dco
 .text.timera1  0x0000000000005ce4      0x11e contiki-sky.a(clock.o)
                0x0000000000005ce4                __isr_5
                0x0000000000005ce4                timera1
 .text.clock_time
                0x0000000000005e02       0x1a contiki-sky.a(clock.o)
                0x0000000000005e02                clock_time
 .text.clock_init
                0x0000000000005e1c       0x28 contiki-sky.a(clock.o)
                0x0000000000005e1c                clock_init
 .text.clock_delay
                0x0000000000005e44        0xc contiki-sky.a(clock.o)
                0x0000000000005e44                clock_delay
 .text.show_leds
                0x0000000000005e50       0xf6 contiki-sky.a(leds.o)
 .text.leds_init
                0x0000000000005f46        0xa contiki-sky.a(leds.o)
                0x0000000000005f46                leds_init
 .text.leds_on  0x0000000000005f50        0xa contiki-sky.a(leds.o)
                0x0000000000005f50                leds_on
 .text.leds_off
                0x0000000000005f5a        0xe contiki-sky.a(leds.o)
                0x0000000000005f5a                leds_off
 .text.leds_arch_init
                0x0000000000005f68        0xe contiki-sky.a(leds-arch.o)
                0x0000000000005f68                leds_arch_init
 .text.leds_arch_set
                0x0000000000005f76       0x3a contiki-sky.a(leds-arch.o)
                0x0000000000005f76                leds_arch_set
 .text.watchdog_interrupt
                0x0000000000005fb0        0x6 contiki-sky.a(watchdog.o)
                0x0000000000005fb0                __isr_10
                0x0000000000005fb0                watchdog_interrupt
 .text.watchdog_start
                0x0000000000005fb6       0x14 contiki-sky.a(watchdog.o)
                0x0000000000005fb6                watchdog_start
 .text.watchdog_periodic
                0x0000000000005fca       0x12 contiki-sky.a(watchdog.o)
                0x0000000000005fca                watchdog_periodic
 .text.watchdog_stop
                0x0000000000005fdc       0x16 contiki-sky.a(watchdog.o)
                0x0000000000005fdc                watchdog_stop
 .text.watchdog_init
                0x0000000000005ff2       0x14 contiki-sky.a(watchdog.o)
                0x0000000000005ff2                watchdog_init
 .text.rtimer_arch_init
                0x0000000000006006        0xe contiki-sky.a(rtimer-arch.o)
                0x0000000000006006                rtimer_arch_init
 .text.rtimer_arch_now
                0x0000000000006014        0xe contiki-sky.a(rtimer-arch.o)
                0x0000000000006014                rtimer_arch_now
 .text.timera0  0x0000000000006022       0x70 contiki-sky.a(rtimer-arch.o)
                0x0000000000006022                __isr_6
                0x0000000000006022                timera0
 .text.rtimer_arch_schedule
                0x0000000000006092        0x6 contiki-sky.a(rtimer-arch.o)
                0x0000000000006092                rtimer_arch_schedule
 .text.autostart_start
                0x0000000000006098       0x16 contiki-sky.a(autostart.o)
                0x0000000000006098                autostart_start
 .text.energest_init
                0x00000000000060ae       0x28 contiki-sky.a(energest.o)
                0x00000000000060ae                energest_init
 .text.energest_type_time
                0x00000000000060d6       0x46 contiki-sky.a(energest.o)
                0x00000000000060d6                energest_type_time
 .text.energest_type_set
                0x000000000000611c        0xe contiki-sky.a(energest.o)
                0x000000000000611c                energest_type_set
 .text.energest_flush
                0x000000000000612a       0x48 contiki-sky.a(energest.o)
                0x000000000000612a                energest_flush
 .text.update_time
                0x0000000000006172       0x78 contiki-sky.a(etimer.o)
 .text.etimer_request_poll
                0x00000000000061ea        0xa contiki-sky.a(etimer.o)
                0x00000000000061ea                etimer_request_poll
 .text.process_thread_etimer_process
                0x00000000000061f4       0xc8 contiki-sky.a(etimer.o)
 .text.add_timer
                0x00000000000062bc       0x40 contiki-sky.a(etimer.o)
 .text.etimer_set
                0x00000000000062fc       0x12 contiki-sky.a(etimer.o)
                0x00000000000062fc                etimer_set
 .text.etimer_reset
                0x000000000000630e       0x12 contiki-sky.a(etimer.o)
                0x000000000000630e                etimer_reset
 .text.etimer_expired
                0x0000000000006320        0xe contiki-sky.a(etimer.o)
                0x0000000000006320                etimer_expired
 .text.etimer_pending
                0x000000000000632e        0xc contiki-sky.a(etimer.o)
                0x000000000000632e                etimer_pending
 .text.etimer_next_expiration_time
                0x000000000000633a       0x16 contiki-sky.a(etimer.o)
                0x000000000000633a                etimer_next_expiration_time
 .text.etimer_stop
                0x0000000000006350       0x3c contiki-sky.a(etimer.o)
                0x0000000000006350                etimer_stop
 .text.process_thread_ctimer_process
                0x000000000000638c       0xa4 contiki-sky.a(ctimer.o)
 .text.ctimer_init
                0x0000000000006430       0x18 contiki-sky.a(ctimer.o)
                0x0000000000006430                ctimer_init
 .text.ctimer_set_with_process
                0x0000000000006448       0x4e contiki-sky.a(ctimer.o)
                0x0000000000006448                ctimer_set_with_process
 .text.ctimer_set
                0x0000000000006496       0x10 contiki-sky.a(ctimer.o)
                0x0000000000006496                ctimer_set
 .text.ctimer_reset
                0x00000000000064a6       0x30 contiki-sky.a(ctimer.o)
                0x00000000000064a6                ctimer_reset
 .text.ctimer_stop
                0x00000000000064d6       0x28 contiki-sky.a(ctimer.o)
                0x00000000000064d6                ctimer_stop
 .text.call_process
                0x00000000000064fe       0x4a contiki-sky.a(process.o)
 .text.exit_process
                0x0000000000006548       0x96 contiki-sky.a(process.o)
 .text.do_poll  0x00000000000065de       0x30 contiki-sky.a(process.o)
 .text.process_alloc_event
                0x000000000000660e        0xe contiki-sky.a(process.o)
                0x000000000000660e                process_alloc_event
 .text.process_init
                0x000000000000661c       0x1c contiki-sky.a(process.o)
                0x000000000000661c                process_init
 .text.process_run
                0x0000000000006638       0x92 contiki-sky.a(process.o)
                0x0000000000006638                process_run
 .text.process_nevents
                0x00000000000066ca        0xe contiki-sky.a(process.o)
                0x00000000000066ca                process_nevents
 .text.process_post
                0x00000000000066d8       0x4e contiki-sky.a(process.o)
                0x00000000000066d8                process_post
 .text.process_post_synch
                0x0000000000006726       0x12 contiki-sky.a(process.o)
                0x0000000000006726                process_post_synch
 .text.process_start
                0x0000000000006738       0x32 contiki-sky.a(process.o)
                0x0000000000006738                process_start
 .text.process_poll
                0x000000000000676a       0x18 contiki-sky.a(process.o)
                0x000000000000676a                process_poll
 .text.rtimer_init
                0x0000000000006782        0x6 contiki-sky.a(rtimer.o)
                0x0000000000006782                rtimer_init
 .text.rtimer_set
                0x0000000000006788       0x24 contiki-sky.a(rtimer.o)
                0x0000000000006788                rtimer_set
 .text.rtimer_run_next
                0x00000000000067ac       0x26 contiki-sky.a(rtimer.o)
                0x00000000000067ac                rtimer_run_next
 .text.timer_set
                0x00000000000067d2       0x1c contiki-sky.a(timer.o)
                0x00000000000067d2                timer_set
 .text.timer_reset
                0x00000000000067ee        0xe contiki-sky.a(timer.o)
                0x00000000000067ee                timer_reset
 .text.timer_expired
                0x00000000000067fc       0x2a contiki-sky.a(timer.o)
                0x00000000000067fc                timer_expired
 .text.process_thread_serial_line_process
                0x0000000000006826       0x9c contiki-sky.a(serial-line.o)
 .text.serial_line_input_byte
                0x00000000000068c2       0x4a contiki-sky.a(serial-line.o)
                0x00000000000068c2                serial_line_input_byte
 .text.serial_line_init
                0x000000000000690c       0x1c contiki-sky.a(serial-line.o)
                0x000000000000690c                serial_line_init
 .text.list_init
                0x0000000000006928        0x6 contiki-sky.a(list.o)
                0x0000000000006928                list_init
 .text.list_head
                0x000000000000692e        0x4 contiki-sky.a(list.o)
                0x000000000000692e                list_head
 .text.list_tail
                0x0000000000006932       0x12 contiki-sky.a(list.o)
                0x0000000000006932                list_tail
 .text.list_remove
                0x0000000000006944       0x34 contiki-sky.a(list.o)
                0x0000000000006944                list_remove
 .text.list_push
                0x0000000000006978       0x1a contiki-sky.a(list.o)
                0x0000000000006978                list_push
 .text.list_add
                0x0000000000006992       0x2a contiki-sky.a(list.o)
                0x0000000000006992                list_add
 .text.list_length
                0x00000000000069bc       0x10 contiki-sky.a(list.o)
                0x00000000000069bc                list_length
 .text.list_item_next
                0x00000000000069cc        0xc contiki-sky.a(list.o)
                0x00000000000069cc                list_item_next
 .text.memb_init
                0x00000000000069d8       0x36 contiki-sky.a(memb.o)
                0x00000000000069d8                memb_init
 .text.memb_alloc
                0x0000000000006a0e       0x3e contiki-sky.a(memb.o)
                0x0000000000006a0e                memb_alloc
 .text.memb_free
                0x0000000000006a4c       0x3a contiki-sky.a(memb.o)
                0x0000000000006a4c                memb_free
 .text.memb_inmemb
                0x0000000000006a86       0x2e contiki-sky.a(memb.o)
                0x0000000000006a86                memb_inmemb
 .text.random_init
                0x0000000000006ab4        0x6 contiki-sky.a(random.o)
                0x0000000000006ab4                random_init
 .text.random_rand
                0x0000000000006aba        0x6 contiki-sky.a(random.o)
                0x0000000000006aba                random_rand
 .text.ringbuf_init
                0x0000000000006ac0       0x14 contiki-sky.a(ringbuf.o)
                0x0000000000006ac0                ringbuf_init
 .text.ringbuf_put
                0x0000000000006ad4       0x38 contiki-sky.a(ringbuf.o)
                0x0000000000006ad4                ringbuf_put
 .text.ringbuf_get
                0x0000000000006b0c       0x34 contiki-sky.a(ringbuf.o)
                0x0000000000006b0c                ringbuf_get
 .text.input    0x0000000000006b40       0x3a contiki-sky.a(rime.o)
 .text.init     0x0000000000006b7a       0x2e contiki-sky.a(rime.o)
 .text.packet_sent
                0x0000000000006ba8       0x44 contiki-sky.a(rime.o)
 .text.rime_output
                0x0000000000006bec       0x24 contiki-sky.a(rime.o)
                0x0000000000006bec                rime_output
 .text.adv_packet_sent
                0x0000000000006c10        0x2 contiki-sky.a(broadcast-annou)
 .text.adv_packet_received
                0x0000000000006c12       0x66 contiki-sky.a(broadcast-annou)
 .text.set_timers
                0x0000000000006c78       0x4a contiki-sky.a(broadcast-annou)
 .text.send_timer
                0x0000000000006cc2       0x36 contiki-sky.a(broadcast-annou)
 .text.new_announcement
                0x0000000000006cf8       0x18 contiki-sky.a(broadcast-annou)
 .text.send_adv
                0x0000000000006d10       0x66 contiki-sky.a(broadcast-annou)
 .text.broadcast_announcement_init
                0x0000000000006d76       0x48 contiki-sky.a(broadcast-annou)
                0x0000000000006d76                broadcast_announcement_init
 .text.abc_open
                0x0000000000006dbe       0x26 contiki-sky.a(abc.o)
                0x0000000000006dbe                abc_open
 .text.abc_close
                0x0000000000006de4        0x6 contiki-sky.a(abc.o)
                0x0000000000006de4                abc_close
 .text.abc_send
                0x0000000000006dea        0x6 contiki-sky.a(abc.o)
                0x0000000000006dea                abc_send
 .text.abc_input
                0x0000000000006df0        0xe contiki-sky.a(abc.o)
                0x0000000000006df0                abc_input
 .text.abc_sent
                0x0000000000006dfe       0x10 contiki-sky.a(abc.o)
                0x0000000000006dfe                abc_sent
 .text.sent_by_abc
                0x0000000000006e0e       0x10 contiki-sky.a(broadcast.o)
 .text.recv_from_abc
                0x0000000000006e1e       0x26 contiki-sky.a(broadcast.o)
 .text.broadcast_open
                0x0000000000006e44       0x2a contiki-sky.a(broadcast.o)
                0x0000000000006e44                broadcast_open
 .text.broadcast_close
                0x0000000000006e6e        0x6 contiki-sky.a(broadcast.o)
                0x0000000000006e6e                broadcast_close
 .text.broadcast_send
                0x0000000000006e74       0x1a contiki-sky.a(broadcast.o)
                0x0000000000006e74                broadcast_send
 .text.chameleon_init
                0x0000000000006e8e        0x6 contiki-sky.a(chameleon.o)
                0x0000000000006e8e                chameleon_init
 .text.chameleon_parse
                0x0000000000006e94       0x10 contiki-sky.a(chameleon.o)
                0x0000000000006e94                chameleon_parse
 .text.chameleon_create
                0x0000000000006ea4       0x1c contiki-sky.a(chameleon.o)
                0x0000000000006ea4                chameleon_create
 .text.chameleon_hdrsize
                0x0000000000006ec0        0x6 contiki-sky.a(chameleon.o)
                0x0000000000006ec0                chameleon_hdrsize
 .text.channel_init
                0x0000000000006ec6        0xa contiki-sky.a(channel.o)
                0x0000000000006ec6                channel_init
 .text.channel_open
                0x0000000000006ed0       0x10 contiki-sky.a(channel.o)
                0x0000000000006ed0                channel_open
 .text.channel_close
                0x0000000000006ee0        0xc contiki-sky.a(channel.o)
                0x0000000000006ee0                channel_close
 .text.channel_lookup
                0x0000000000006eec       0x20 contiki-sky.a(channel.o)
                0x0000000000006eec                channel_lookup
 .text.channel_set_attributes
                0x0000000000006f0c       0x24 contiki-sky.a(channel.o)
                0x0000000000006f0c                channel_set_attributes
 .text.sent_by_broadcast
                0x0000000000006f30       0x10 contiki-sky.a(unicast.o)
 .text.recv_from_broadcast
                0x0000000000006f40       0x2e contiki-sky.a(unicast.o)
 .text.unicast_open
                0x0000000000006f6e       0x2a contiki-sky.a(unicast.o)
                0x0000000000006f6e                unicast_open
 .text.unicast_close
                0x0000000000006f98        0x6 contiki-sky.a(unicast.o)
                0x0000000000006f98                unicast_close
 .text.unicast_send
                0x0000000000006f9e       0x16 contiki-sky.a(unicast.o)
                0x0000000000006f9e                unicast_send
 .text.announcement_init
                0x0000000000006fb4        0xa contiki-sky.a(announcement.o)
                0x0000000000006fb4                announcement_init
 .text.announcement_register_observer_callback
                0x0000000000006fbe        0x6 contiki-sky.a(announcement.o)
                0x0000000000006fbe                announcement_register_observer_callback
 .text.announcement_list
                0x0000000000006fc4        0xa contiki-sky.a(announcement.o)
                0x0000000000006fc4                announcement_list
 .text.announcement_heard
                0x0000000000006fce       0x42 contiki-sky.a(announcement.o)
                0x0000000000006fce                announcement_heard
 .text.input_packet
                0x0000000000007010        0x6 contiki-sky.a(csma.o)
 .text.on       0x0000000000007016        0x6 contiki-sky.a(csma.o)
 .text.off      0x000000000000701c        0x6 contiki-sky.a(csma.o)
 .text.channel_check_interval
                0x0000000000007022       0x10 contiki-sky.a(csma.o)
 .text.transmit_packet_list
                0x0000000000007032       0x24 contiki-sky.a(csma.o)
 .text.schedule_transmission
                0x0000000000007056       0x94 contiki-sky.a(csma.o)
 .text.send_packet
                0x00000000000070ea      0x170 contiki-sky.a(csma.o)
 .text.init     0x000000000000725a       0x1a contiki-sky.a(csma.o)
 .text.tx_done  0x0000000000007274       0x98 contiki-sky.a(csma.o)
 .text.packet_sent
                0x000000000000730c       0xd2 contiki-sky.a(csma.o)
 .text.queuebuf_init
                0x00000000000073de       0x12 contiki-sky.a(queuebuf.o)
                0x00000000000073de                queuebuf_init
 .text.queuebuf_new_from_packetbuf
                0x00000000000073f0       0x52 contiki-sky.a(queuebuf.o)
                0x00000000000073f0                queuebuf_new_from_packetbuf
 .text.queuebuf_update_attr_from_packetbuf
                0x0000000000007442       0x12 contiki-sky.a(queuebuf.o)
                0x0000000000007442                queuebuf_update_attr_from_packetbuf
 .text.queuebuf_update_from_packetbuf
                0x0000000000007454       0x22 contiki-sky.a(queuebuf.o)
                0x0000000000007454                queuebuf_update_from_packetbuf
 .text.queuebuf_free
                0x0000000000007476       0x2a contiki-sky.a(queuebuf.o)
                0x0000000000007476                queuebuf_free
 .text.queuebuf_to_packetbuf
                0x00000000000074a0       0x32 contiki-sky.a(queuebuf.o)
                0x00000000000074a0                queuebuf_to_packetbuf
 .text.queuebuf_attr
                0x00000000000074d2        0xe contiki-sky.a(queuebuf.o)
                0x00000000000074d2                queuebuf_attr
 .text.packetbuf_hdrreduce
                0x00000000000074e0       0x1a contiki-sky.a(packetbuf.o)
                0x00000000000074e0                packetbuf_hdrreduce
 .text.packetbuf_set_datalen
                0x00000000000074fa        0x6 contiki-sky.a(packetbuf.o)
                0x00000000000074fa                packetbuf_set_datalen
 .text.packetbuf_hdrptr
                0x0000000000007500        0x6 contiki-sky.a(packetbuf.o)
                0x0000000000007500                packetbuf_hdrptr
 .text.packetbuf_datalen
                0x0000000000007506        0x6 contiki-sky.a(packetbuf.o)
                0x0000000000007506                packetbuf_datalen
 .text.packetbuf_hdrlen
                0x000000000000750c        0xa contiki-sky.a(packetbuf.o)
                0x000000000000750c                packetbuf_hdrlen
 .text.packetbuf_dataptr
                0x0000000000007516        0xc contiki-sky.a(packetbuf.o)
                0x0000000000007516                packetbuf_dataptr
 .text.packetbuf_copyto
                0x0000000000007522       0x46 contiki-sky.a(packetbuf.o)
                0x0000000000007522                packetbuf_copyto
 .text.packetbuf_compact
                0x0000000000007568       0x36 contiki-sky.a(packetbuf.o)
                0x0000000000007568                packetbuf_compact
 .text.packetbuf_totlen
                0x000000000000759e        0xc contiki-sky.a(packetbuf.o)
                0x000000000000759e                packetbuf_totlen
 .text.packetbuf_hdralloc
                0x00000000000075aa       0x3a contiki-sky.a(packetbuf.o)
                0x00000000000075aa                packetbuf_hdralloc
 .text.packetbuf_attr_clear
                0x00000000000075e4       0x2c contiki-sky.a(packetbuf.o)
                0x00000000000075e4                packetbuf_attr_clear
 .text.packetbuf_clear
                0x0000000000007610       0x12 contiki-sky.a(packetbuf.o)
                0x0000000000007610                packetbuf_clear
 .text.packetbuf_copyfrom
                0x0000000000007622       0x2e contiki-sky.a(packetbuf.o)
                0x0000000000007622                packetbuf_copyfrom
 .text.packetbuf_attr_copyto
                0x0000000000007650       0x20 contiki-sky.a(packetbuf.o)
                0x0000000000007650                packetbuf_attr_copyto
 .text.packetbuf_attr_copyfrom
                0x0000000000007670       0x22 contiki-sky.a(packetbuf.o)
                0x0000000000007670                packetbuf_attr_copyfrom
 .text.packetbuf_holds_broadcast
                0x0000000000007692        0xe contiki-sky.a(packetbuf.o)
                0x0000000000007692                packetbuf_holds_broadcast
 .text.linkaddr_copy
                0x00000000000076a0        0xc contiki-sky.a(linkaddr.o)
                0x00000000000076a0                linkaddr_copy
 .text.linkaddr_cmp
                0x00000000000076ac       0x12 contiki-sky.a(linkaddr.o)
                0x00000000000076ac                linkaddr_cmp
 .text.linkaddr_set_node_addr
                0x00000000000076be        0xc contiki-sky.a(linkaddr.o)
                0x00000000000076be                linkaddr_set_node_addr
 .text.duty_cycle
                0x00000000000076ca        0x6 contiki-sky.a(contikimac.o)
 .text.init     0x00000000000076d0       0x2a contiki-sky.a(contikimac.o)
 .text.on       0x00000000000076fa       0x1a contiki-sky.a(contikimac.o)
 .text.off      0x0000000000007714       0x22 contiki-sky.a(contikimac.o)
 .text.recv_burst_off
                0x0000000000007736        0xa contiki-sky.a(contikimac.o)
 .text.turn_off
                0x0000000000007740       0x20 contiki-sky.a(contikimac.o)
 .text.turn_on  0x0000000000007760       0x30 contiki-sky.a(contikimac.o)
 .text.schedule_powercycle_fixed.part.4
                0x0000000000007790       0x32 contiki-sky.a(contikimac.o)
 .text.powercycle_turn_radio_off
                0x00000000000077c2       0x30 contiki-sky.a(contikimac.o)
 .text.powercycle_wrapper
                0x00000000000077f2      0x1c2 contiki-sky.a(contikimac.o)
 .text.input_packet
                0x00000000000079b4       0xb2 contiki-sky.a(contikimac.o)
 .text.send_packet.isra.8
                0x0000000000007a66      0x1ec contiki-sky.a(contikimac.o)
 .text.qsend_list
                0x0000000000007c52       0xd2 contiki-sky.a(contikimac.o)
 .text.qsend_packet
                0x0000000000007d24       0x28 contiki-sky.a(contikimac.o)
 .text.hdr_length
                0x0000000000007d4c        0x8 contiki-sky.a(contikimac-fram)
 .text.parse    0x0000000000007d54       0x3a contiki-sky.a(contikimac-fram)
 .text.create   0x0000000000007d8e       0x74 contiki-sky.a(contikimac-fram)
 .text.init     0x0000000000007e02        0x2 contiki-sky.a(nullsec.o)
 .text.send     0x0000000000007e04        0xa contiki-sky.a(nullsec.o)
 .text.input    0x0000000000007e0e        0x6 contiki-sky.a(nullsec.o)
 .text.spi_init
                0x0000000000007e14       0x32 contiki-sky.a(spi.o)
                0x0000000000007e14                spi_init
 .text.compower_accumulate
                0x0000000000007e46       0x72 contiki-sky.a(compower.o)
                0x0000000000007e46                compower_accumulate
 .text.compower_clear
                0x0000000000007eb8       0x12 contiki-sky.a(compower.o)
                0x0000000000007eb8                compower_clear
 .text.compower_attrconv
                0x0000000000007eca       0x10 contiki-sky.a(compower.o)
                0x0000000000007eca                compower_attrconv
 .text.get_bits_in_byte
                0x0000000000007eda       0x3a contiki-sky.a(chameleon-bitop)
 .text.header_size
                0x0000000000007f14       0x16 contiki-sky.a(chameleon-bitop)
 .text.get_bits
                0x0000000000007f2a       0xa4 contiki-sky.a(chameleon-bitop)
                0x0000000000007f2a                get_bits
 .text.unpack_header
                0x0000000000007fce       0xdc contiki-sky.a(chameleon-bitop)
 .text.set_bits
                0x00000000000080aa      0x116 contiki-sky.a(chameleon-bitop)
                0x00000000000080aa                set_bits
 .text.pack_header
                0x00000000000081c0       0xc4 contiki-sky.a(chameleon-bitop)
 .text.mac_sequence_is_duplicate
                0x0000000000008284       0x66 contiki-sky.a(mac-sequence.o)
                0x0000000000008284                mac_sequence_is_duplicate
 .text.mac_sequence_register_seqno
                0x00000000000082ea       0x74 contiki-sky.a(mac-sequence.o)
                0x00000000000082ea                mac_sequence_register_seqno
 .text.mac_call_sent_callback
                0x000000000000835e       0x14 contiki-sky.a(mac.o)
                0x000000000000835e                mac_call_sent_callback
 .text.parse    0x0000000000008372       0xb0 contiki-sky.a(framer-802154.o)
 .text.create_frame.isra.0
                0x0000000000008422      0x114 contiki-sky.a(framer-802154.o)
 .text.create   0x0000000000008536        0x8 contiki-sky.a(framer-802154.o)
 .text.hdr_length
                0x000000000000853e        0x8 contiki-sky.a(framer-802154.o)
 .text.frame802154_get_pan_id
                0x0000000000008546        0x6 contiki-sky.a(frame802154.o)
                0x0000000000008546                frame802154_get_pan_id
 .text.frame802154_has_panid
                0x000000000000854c       0xdc contiki-sky.a(frame802154.o)
                0x000000000000854c                frame802154_has_panid
 .text.field_len
                0x0000000000008628       0xb2 contiki-sky.a(frame802154.o)
 .text.frame802154_is_broadcast_addr
                0x00000000000086da       0x24 contiki-sky.a(frame802154.o)
                0x00000000000086da                frame802154_is_broadcast_addr
 .text.frame802154_hdrlen
                0x00000000000086fe       0x32 contiki-sky.a(frame802154.o)
                0x00000000000086fe                frame802154_hdrlen
 .text.frame802154_create_fcf
                0x0000000000008730       0x96 contiki-sky.a(frame802154.o)
                0x0000000000008730                frame802154_create_fcf
 .text.frame802154_create
                0x00000000000087c6       0xe4 contiki-sky.a(frame802154.o)
                0x00000000000087c6                frame802154_create
 .text.frame802154_parse_fcf
                0x00000000000088aa       0xbe contiki-sky.a(frame802154.o)
                0x00000000000088aa                frame802154_parse_fcf
 .text.frame802154_parse
                0x0000000000008968      0x18c contiki-sky.a(frame802154.o)
                0x0000000000008968                frame802154_parse
 .text.libgcc   0x0000000000008af4       0x2c /usr/lib/gcc/msp430/4.6.3/mmpy-16/libgcc.a(_mulsi3.o)
                0x0000000000008af4                __mulsi3
 .text.libgcc   0x0000000000008b20       0x40 /usr/lib/gcc/msp430/4.6.3/mmpy-16/libgcc.a(_udivmod32.o)
                0x0000000000008b20                __udivsi3
                0x0000000000008b20                __ext_udivmod32
                0x0000000000008b56                __umodsi3
 .text          0x0000000000008b60       0x20 /usr/lib/gcc/msp430/4.6.3/../../../../msp430/lib/mmpy-16/libc.a(memcmp.o)
                0x0000000000008b60                memcmp
 .text          0x0000000000008b80       0x14 /usr/lib/gcc/msp430/4.6.3/../../../../msp430/lib/mmpy-16/libc.a(strcpy.o)
                0x0000000000008b80                strcpy
 .text          0x0000000000008b94       0xfa /usr/lib/gcc/msp430/4.6.3/../../../../msp430/lib/mmpy-16/libc.a(memcpy.o)
                0x0000000000008b94                memcpy
 .text          0x0000000000008c8e       0x6a /usr/lib/gcc/msp430/4.6.3/../../../../msp430/lib/mmpy-16/libc.a(memset.o)
                0x0000000000008c8e                memset
 .text          0x0000000000008cf8       0x1e /usr/lib/gcc/msp430/4.6.3/../../../../msp430/lib/mmpy-16/libc.a(printf.o)
                0x0000000000008cf8                printf
                0x0000000000008d08                vprintf
 .text          0x0000000000008d16      0x836 /usr/lib/gcc/msp430/4.6.3/../../../../msp430/lib/mmpy-16/libc.a(vuprintf.o)
                0x0000000000008eae                vuprintf
 .text          0x000000000000954c       0x2c /usr/lib/gcc/msp430/4.6.3/../../../../msp430/lib/mmpy-16/libc.a(puts.o)
                0x000000000000954c                puts
 .text          0x0000000000009578       0x54 /usr/lib/gcc/msp430/4.6.3/../../../../msp430/lib/mmpy-16/libc.a(rand.o)
                0x0000000000009578                rand_r
                0x000000000000959c                rand
                0x00000000000095c2                srand
 .text.libgcc   0x00000000000095cc       0x22 /usr/lib/gcc/msp430/4.6.3/mmpy-16/libgcc.a(_udivmod16.o)
                0x00000000000095cc                __udivhi3
                0x00000000000095cc                __ext_udivmod16
                0x00000000000095e6                __umodhi3
 .text.libgcc   0x00000000000095ee       0xf0 /usr/lib/gcc/msp430/4.6.3/mmpy-16/libgcc.a(_udivmod64.o)
                0x00000000000095ee                __xabi_udivmod64
                0x000000000000964c                __udivdi3
                0x0000000000009672                __umoddi3
                0x00000000000096a0                __udivmoddi4
 .text.crt0     0x00000000000096de        0x2 /usr/lib/gcc/msp430/4.6.3/mmpy-16/libcrt0.a(_unexpected_.o)
                0x00000000000096de                _unexpected_
                0x00000000000096e0                . = ALIGN (0x2)

.rodata         0x00000000000096e0      0x550
                0x00000000000096e0                . = ALIGN (0x2)
 *(.rodata .rodata.* .gnu.linkonce.r.*)
 .rodata        0x00000000000096e0      0x222 Arbol_rssi.co
                0x0000000000009882                autostart_processes
 .rodata        0x0000000000009902      0x108 obj_sky/Arbol_lib.o
 .rodata        0x0000000000009a0a       0xe7 obj_sky/contiki-sky-main.o
 *fill*         0x0000000000009af1        0x1 00
 .rodata        0x0000000000009af2       0x10 contiki-sky.a(button-sensor.o)
                0x0000000000009afa                button_sensor
 .rodata        0x0000000000009b02        0x8 contiki-sky.a(sensors.o)
 .rodata        0x0000000000009b0a       0x70 contiki-sky.a(cc2420.o)
                0x0000000000009b3c                cc2420_aes_128_driver
                0x0000000000009b40                cc2420_driver
 .rodata        0x0000000000009b7a        0xc contiki-sky.a(etimer.o)
 .rodata        0x0000000000009b86        0xf contiki-sky.a(ctimer.o)
 .rodata        0x0000000000009b95        0xe contiki-sky.a(serial-line.o)
 *fill*         0x0000000000009ba3        0x1 00
 .rodata        0x0000000000009ba4        0xc contiki-sky.a(rime.o)
                0x0000000000009baa                rime_driver
 .rodata        0x0000000000009bb0        0x4 contiki-sky.a(broadcast-annou)
 .rodata        0x0000000000009bb4        0x2 contiki-sky.a(abc.o)
 .rodata        0x0000000000009bb6        0x8 contiki-sky.a(broadcast.o)
 .rodata        0x0000000000009bbe        0xa contiki-sky.a(unicast.o)
 .rodata        0x0000000000009bc8       0x14 contiki-sky.a(csma.o)
                0x0000000000009bce                csma_driver
 .rodata        0x0000000000009bdc        0x2 contiki-sky.a(linkaddr.o)
                0x0000000000009bdc                linkaddr_null
 .rodata        0x0000000000009bde       0x1c contiki-sky.a(contikimac.o)
                0x0000000000009bea                contikimac_driver
 .rodata        0x0000000000009bfa        0x6 contiki-sky.a(contikimac-fram)
                0x0000000000009bfa                contikimac_framer
 .rodata        0x0000000000009c00       0x10 contiki-sky.a(nullsec.o)
                0x0000000000009c08                nullsec_driver
 .rodata        0x0000000000009c10       0x10 contiki-sky.a(chameleon-bitop)
                0x0000000000009c10                chameleon_bitopt
 .rodata        0x0000000000009c20        0x6 contiki-sky.a(framer-802154.o)
                0x0000000000009c20                framer_802154
 .rodata        0x0000000000009c26        0x2 contiki-sky.a(frame802154.o)
 .rodata        0x0000000000009c28        0x7 /usr/lib/gcc/msp430/4.6.3/../../../../msp430/lib/mmpy-16/libc.a(vuprintf.o)
                0x0000000000009c30                . = ALIGN (0x2)
 *fill*         0x0000000000009c2f        0x1 00
                0x0000000000009c30                _etext = .

.data           0x0000000000001100       0xa2 load address 0x0000000000009c30
                0x0000000000001100                . = ALIGN (0x2)
                0x0000000000001100                PROVIDE (__data_start, .)
 *(.data .data.* .gnu.linkonce.d.*)
 .data          0x0000000000001100       0x32 Arbol_rssi.co
                0x0000000000001100                unicast_rtx
                0x000000000000110a                select_parent
                0x0000000000001114                unicast_msg
                0x000000000000111e                send_beacon
 .data          0x0000000000001132        0x8 obj_sky/Arbol_lib.o
 .data          0x000000000000113a        0x4 contiki-sky.a(contiki-sky-pla)
                0x000000000000113a                sensors
 .data          0x000000000000113e        0xa contiki-sky.a(sensors.o)
                0x000000000000113e                sensors_process
 .data          0x0000000000001148        0xc contiki-sky.a(cc2420.o)
                0x0000000000001148                cc2420_process
 .data          0x0000000000001154        0x2 contiki-sky.a(msp430.o)
 .data          0x0000000000001156        0xa contiki-sky.a(etimer.o)
                0x0000000000001156                etimer_process
 .data          0x0000000000001160        0xa contiki-sky.a(ctimer.o)
                0x0000000000001160                ctimer_process
 .data          0x000000000000116a        0xa contiki-sky.a(serial-line.o)
                0x000000000000116a                serial_line_process
 .data          0x0000000000001174       0x18 contiki-sky.a(csma.o)
 .data          0x000000000000118c       0x10 contiki-sky.a(queuebuf.o)
 .data          0x000000000000119c        0x2 contiki-sky.a(frame802154.o)
 .data          0x000000000000119e        0x4 /usr/lib/gcc/msp430/4.6.3/../../../../msp430/lib/mmpy-16/libc.a(rand.o)
                0x00000000000011a2                . = ALIGN (0x2)
                0x00000000000011a2                _edata = .
                0x0000000000009c30                PROVIDE (__data_load_start, LOADADDR (.data))
                0x00000000000000a2                PROVIDE (__data_size, SIZEOF (.data))

.bss            0x00000000000011a2     0x139c load address 0x0000000000009cd2
                0x00000000000011a2                PROVIDE (__bss_start, .)
 *(.bss .bss.*)
 .bss           0x00000000000011a2      0x10c Arbol_rssi.co
 .bss           0x00000000000012ae       0xd4 obj_sky/Arbol_lib.o
 .bss           0x0000000000001382        0xc obj_sky/contiki-sky-main.o
 .bss           0x000000000000138e        0x8 contiki-sky.a(button-sensor.o)
 .bss           0x0000000000001396        0x2 contiki-sky.a(node-id.o)
                0x0000000000001396                node_id
 .bss           0x0000000000001398        0x6 contiki-sky.a(sensors.o)
 .bss           0x000000000000139e        0xa contiki-sky.a(cc2420.o)
 .bss           0x00000000000013a8       0x9a contiki-sky.a(uart1.o)
 .bss           0x0000000000001442        0xa contiki-sky.a(clock.o)
 .bss           0x000000000000144c        0x1 contiki-sky.a(leds.o)
 *fill*         0x000000000000144d        0x1 00
 .bss           0x000000000000144e        0x2 contiki-sky.a(watchdog.o)
 .bss           0x0000000000001450        0x6 contiki-sky.a(etimer.o)
 .bss           0x0000000000001456        0x4 contiki-sky.a(ctimer.o)
 .bss           0x000000000000145a       0x38 contiki-sky.a(process.o)
                0x000000000000145a                process_current
                0x000000000000145c                process_list
 .bss           0x0000000000001492        0x2 contiki-sky.a(rtimer.o)
 .bss           0x0000000000001494      0x10a contiki-sky.a(serial-line.o)
 .bss           0x000000000000159e        0x2 contiki-sky.a(rime.o)
 .bss           0x00000000000015a0       0x46 contiki-sky.a(broadcast-annou)
 .bss           0x00000000000015e6        0x2 contiki-sky.a(channel.o)
 .bss           0x00000000000015e8        0x6 contiki-sky.a(announcement.o)
 .bss           0x00000000000015ee      0x124 contiki-sky.a(csma.o)
 .bss           0x0000000000001712      0xc20 contiki-sky.a(queuebuf.o)
 .bss           0x0000000000002332       0x86 contiki-sky.a(packetbuf.o)
 .bss           0x00000000000023b8       0x32 contiki-sky.a(contikimac.o)
 .bss           0x00000000000023ea        0x8 contiki-sky.a(compower.o)
 .bss           0x00000000000023f2       0x80 contiki-sky.a(mac-sequence.o)
 .bss           0x0000000000002472        0x2 contiki-sky.a(framer-802154.o)
 *(COMMON)
 COMMON         0x0000000000002474        0xe Arbol_rssi.co
                0x0000000000002474                b
                0x0000000000002478                n
                0x000000000000247c                u_msg
                0x0000000000002480                selected_parent
 COMMON         0x0000000000002482        0x2 contiki-sky.a(contiki-sky-pla)
                0x0000000000002482                sensors_flags
 COMMON         0x0000000000002484        0x8 contiki-sky.a(ds2411.o)
                0x0000000000002484                ds2411_id
 COMMON         0x000000000000248c        0x1 contiki-sky.a(sensors.o)
                0x000000000000248c                sensors_event
 *fill*         0x000000000000248d        0x1 00
 COMMON         0x000000000000248e       0x10 contiki-sky.a(cc2420.o)
                0x000000000000248e                cc2420_last_rssi
                0x0000000000002490                cc2420_sfd_start_time
                0x0000000000002492                cc2420_time_of_departure
                0x0000000000002494                cc2420_time_of_arrival
                0x0000000000002496                cc2420_last_correlation
                0x0000000000002498                cc2420_authority_level_of_sender
                0x000000000000249a                cc2420_sfd_counter
                0x000000000000249c                cc2420_sfd_end_time
 COMMON         0x000000000000249e        0x2 contiki-sky.a(msp430.o)
                0x000000000000249e                msp430_dco_required
 COMMON         0x00000000000024a0       0x56 contiki-sky.a(energest.o)
                0x00000000000024a0                energest_total_time
                0x00000000000024d0                energest_total_count
                0x00000000000024d2                energest_current_mode
                0x00000000000024de                energest_current_time
 COMMON         0x00000000000024f6        0x1 contiki-sky.a(process.o)
                0x00000000000024f6                process_maxevents
 COMMON         0x00000000000024f7        0x1 contiki-sky.a(serial-line.o)
                0x00000000000024f7                serial_line_event_message
 COMMON         0x00000000000024f8       0x3c contiki-sky.a(packetbuf.o)
                0x00000000000024f8                packetbuf_addrs
                0x0000000000002500                packetbuf_attrs
 COMMON         0x0000000000002534        0x2 contiki-sky.a(linkaddr.o)
                0x0000000000002534                linkaddr_node_addr
 COMMON         0x0000000000002536        0x8 contiki-sky.a(compower.o)
                0x0000000000002536                compower_idle_activity
                0x000000000000253e                . = ALIGN (0x2)
                0x000000000000253e                PROVIDE (__bss_end, .)
                0x000000000000139c                PROVIDE (__bss_size, SIZEOF (.bss))

.noinit         0x000000000000253e        0x2 load address 0x0000000000009cd2
                0x000000000000253e                PROVIDE (__noinit_start, .)
 *(.noinit .noinit.*)
 .noinit.crt0   0x000000000000253e        0x2 /usr/lib/gcc/msp430/4.6.3/mmpy-16/libcrt0.a(__watchdog_support.o)
                0x000000000000253e                __wdt_clear_value
                0x0000000000002540                . = ALIGN (0x2)
                0x0000000000002540                PROVIDE (__noinit_end, .)
                0x0000000000002540                . = ALIGN (0x2)
                0x0000000000002540                _end = .

.infomem        0x0000000000001000        0x0
 *(.infomem)
                0x0000000000001000                . = ALIGN (0x2)
 *(.infomem.*)

.infomemnobits  0x0000000000001000        0x0
 *(.infomemnobits)
                0x0000000000001000                . = ALIGN (0x2)
 *(.infomemnobits.*)

.infoa
 *(.infoa .infoa.*)

.infob
 *(.infob .infob.*)

.infoc
 *(.infoc .infoc.*)

.infod
 *(.infod .infod.*)

.vectors        0x000000000000ffe0       0x20
                0x000000000000ffe0                PROVIDE (__vectors_start, .)
 *(.vectors*)
 .vectors       0x000000000000ffe0       0x20 /usr/lib/gcc/msp430/4.6.3/mmpy-16/crt0ivtbl16.o
                0x000000000000ffe0                __ivtbl_16
                0x0000000000010000                _vectors_end = .

.fartext        0x0000000000000000        0x0
                0x0000000000000000                . = ALIGN (0x2)
 *(.fartext)
                0x0000000000000000                . = ALIGN (0x2)
 *(.fartext.*)
                0x0000000000000000                _efartext = .

.profiler
 *(.profiler)

.stab           0x0000000000000000    0x1b144
 *(.stab)
 .stab          0x0000000000000000     0x19a4 Arbol_rssi.co
 .stab          0x00000000000019a4      0x8f4 obj_sky/Arbol_lib.o
                                       0x1614 (size before relaxing)
 .stab          0x0000000000002298     0x1074 obj_sky/contiki-sky-main.o
                                       0x17a0 (size before relaxing)
 .stab          0x000000000000330c      0x258 contiki-sky.a(contiki-sky-pla)
                                        0x5b8 (size before relaxing)
 .stab          0x0000000000003564      0x468 contiki-sky.a(button-sensor.o)
                                        0x7d4 (size before relaxing)
 .stab          0x00000000000039cc      0x624 contiki-sky.a(ds2411.o)
                                        0xb40 (size before relaxing)
 .stab          0x0000000000003ff0      0xa38 contiki-sky.a(xmem.o)
                                        0xf60 (size before relaxing)
 .stab          0x0000000000004a28      0x2b8 contiki-sky.a(node-id.o)
                                        0x4e0 (size before relaxing)
 .stab          0x0000000000004ce0      0x654 contiki-sky.a(sensors.o)
                                        0xb70 (size before relaxing)
 .stab          0x0000000000005334     0x2904 contiki-sky.a(cc2420.o)
                                       0x3030 (size before relaxing)
 .stab          0x0000000000007c38      0xa68 contiki-sky.a(cc2420-arch.o)
                                       0x13f8 (size before relaxing)
 .stab          0x00000000000086a0      0x60c contiki-sky.a(uart1.o)
                                        0x960 (size before relaxing)
 .stab          0x0000000000008cac      0x234 contiki-sky.a(uart1-putchar.o)
                                        0x588 (size before relaxing)
 .stab          0x0000000000008ee0      0x744 contiki-sky.a(msp430.o)
                                        0xa98 (size before relaxing)
 .stab          0x0000000000009624      0x948 contiki-sky.a(clock.o)
                                        0xc9c (size before relaxing)
 .stab          0x0000000000009f6c      0x5dc contiki-sky.a(leds.o)
                                        0x828 (size before relaxing)
 .stab          0x000000000000a548      0x3a8 contiki-sky.a(leds-arch.o)
                                        0x6fc (size before relaxing)
 .stab          0x000000000000a8f0      0x3fc contiki-sky.a(watchdog.o)
                                        0x750 (size before relaxing)
 .stab          0x000000000000acec      0x3cc contiki-sky.a(rtimer-arch.o)
                                        0x720 (size before relaxing)
 .stab          0x000000000000b0b8      0x294 contiki-sky.a(autostart.o)
                                        0x534 (size before relaxing)
 .stab          0x000000000000b34c      0x474 contiki-sky.a(energest.o)
                                        0x6fc (size before relaxing)
 .stab          0x000000000000b7c0      0xabc contiki-sky.a(etimer.o)
                                        0xd8c (size before relaxing)
 .stab          0x000000000000c27c      0x858 contiki-sky.a(ctimer.o)
                                        0xbc4 (size before relaxing)
 .stab          0x000000000000cad4      0xba0 contiki-sky.a(process.o)
                                       0x1038 (size before relaxing)
 .stab          0x000000000000d674      0x3d8 contiki-sky.a(rtimer.o)
                                        0x6c0 (size before relaxing)
 .stab          0x000000000000da4c      0x354 contiki-sky.a(timer.o)
                                        0x594 (size before relaxing)
 .stab          0x000000000000dda0      0x534 contiki-sky.a(serial-line.o)
                                        0xa50 (size before relaxing)
 .stab          0x000000000000e2d4      0x7f8 contiki-sky.a(list.o)
                                        0x804 (size before relaxing)
 .stab          0x000000000000eacc      0x5c4 contiki-sky.a(memb.o)
                                        0xaf8 (size before relaxing)
 .stab          0x000000000000f090      0x24c contiki-sky.a(random.o)
                                        0x624 (size before relaxing)
 .stab          0x000000000000f2dc      0x3fc contiki-sky.a(ringbuf.o)
                                        0x63c (size before relaxing)
 .stab          0x000000000000f6d8      0xbc4 contiki-sky.a(rime.o)
                                       0x1410 (size before relaxing)
 .stab          0x000000000001029c      0x948 contiki-sky.a(broadcast-annou)
                                       0x15c0 (size before relaxing)
 .stab          0x0000000000010be4      0x66c contiki-sky.a(abc.o)
                                       0x1494 (size before relaxing)
 .stab          0x0000000000011250      0x6d8 contiki-sky.a(broadcast.o)
                                       0x1500 (size before relaxing)
 .stab          0x0000000000011928      0x5e8 contiki-sky.a(chameleon.o)
                                       0x123c (size before relaxing)
 .stab          0x0000000000011f10      0x624 contiki-sky.a(channel.o)
                                       0x129c (size before relaxing)
 .stab          0x0000000000012534      0x624 contiki-sky.a(unicast.o)
                                       0x129c (size before relaxing)
 .stab          0x0000000000012b58      0x6e4 contiki-sky.a(announcement.o)
                                        0x984 (size before relaxing)
 .stab          0x000000000001323c      0xcf0 contiki-sky.a(csma.o)
                                       0x1680 (size before relaxing)
 .stab          0x0000000000013f2c      0xa5c contiki-sky.a(queuebuf.o)
                                       0x1884 (size before relaxing)
 .stab          0x0000000000014988      0xc60 contiki-sky.a(packetbuf.o)
                                       0x1aa0 (size before relaxing)
 .stab          0x00000000000155e8      0x2c4 contiki-sky.a(linkaddr.o)
                                        0x6c0 (size before relaxing)
 .stab          0x00000000000158ac     0x1728 contiki-sky.a(contikimac.o)
                                       0x22ec (size before relaxing)
 .stab          0x0000000000016fd4      0x81c contiki-sky.a(contikimac-fram)
                                        0xe58 (size before relaxing)
 .stab          0x00000000000177f0      0x3c0 contiki-sky.a(nullsec.o)
                                        0xcf0 (size before relaxing)
 .stab          0x0000000000017bb0      0x204 contiki-sky.a(spi.o)
                                        0x42c (size before relaxing)
 .stab          0x0000000000017db4      0x51c contiki-sky.a(compower.o)
                                        0xd20 (size before relaxing)
 .stab          0x00000000000182d0      0xd80 contiki-sky.a(chameleon-bitop)
                                       0x19f8 (size before relaxing)
 .stab          0x0000000000019050      0x630 contiki-sky.a(mac-sequence.o)
                                       0x1470 (size before relaxing)
 .stab          0x0000000000019680      0x1f8 contiki-sky.a(mac.o)
                                        0x4ec (size before relaxing)
 .stab          0x0000000000019878      0x6f0 contiki-sky.a(framer-802154.o)
                                        0xf30 (size before relaxing)
 .stab          0x0000000000019f68     0x11dc contiki-sky.a(frame802154.o)
                                       0x19c8 (size before relaxing)

.stabstr        0x0000000000000000    0x15bd9
 *(.stabstr)
 .stabstr       0x0000000000000000    0x15bd9 Arbol_rssi.co

.stab.excl
 *(.stab.excl)

.stab.exclstr
 *(.stab.exclstr)

.stab.index
 *(.stab.index)

.stab.indexstr
 *(.stab.indexstr)

.comment
 *(.comment)

.debug
 *(.debug)

.line
 *(.line)

.debug_srcinfo
 *(.debug_srcinfo)

.debug_sfnames
 *(.debug_sfnames)

.debug_aranges  0x0000000000000000      0x17c
 *(.debug_aranges)
 .debug_aranges
                0x0000000000000000       0x14 /usr/lib/gcc/msp430/4.6.3/mmpy-16/libgcc.a(_mulsi3.o)
 .debug_aranges
                0x0000000000000014       0x14 /usr/lib/gcc/msp430/4.6.3/mmpy-16/libgcc.a(_udivmod32.o)
 .debug_aranges
                0x0000000000000028       0x14 /usr/lib/gcc/msp430/4.6.3/../../../../msp430/lib/mmpy-16/libc.a(strncmp.o)
 .debug_aranges
                0x000000000000003c       0x14 /usr/lib/gcc/msp430/4.6.3/../../../../msp430/lib/mmpy-16/libc.a(memcmp.o)
 .debug_aranges
                0x0000000000000050       0x14 /usr/lib/gcc/msp430/4.6.3/../../../../msp430/lib/mmpy-16/libc.a(strcpy.o)
 .debug_aranges
                0x0000000000000064       0x14 /usr/lib/gcc/msp430/4.6.3/../../../../msp430/lib/mmpy-16/libc.a(memcpy.o)
 .debug_aranges
                0x0000000000000078       0x14 /usr/lib/gcc/msp430/4.6.3/../../../../msp430/lib/mmpy-16/libc.a(memset.o)
 .debug_aranges
                0x000000000000008c       0x14 /usr/lib/gcc/msp430/4.6.3/../../../../msp430/lib/mmpy-16/libc.a(printf.o)
 .debug_aranges
                0x00000000000000a0       0x14 /usr/lib/gcc/msp430/4.6.3/../../../../msp430/lib/mmpy-16/libc.a(vuprintf.o)
 .debug_aranges
                0x00000000000000b4       0x14 /usr/lib/gcc/msp430/4.6.3/../../../../msp430/lib/mmpy-16/libc.a(puts.o)
 .debug_aranges
                0x00000000000000c8       0x14 /usr/lib/gcc/msp430/4.6.3/../../../../msp430/lib/mmpy-16/libc.a(rand.o)
 .debug_aranges
                0x00000000000000dc       0x14 /usr/lib/gcc/msp430/4.6.3/mmpy-16/libgcc.a(_udivmod16.o)
 .debug_aranges
                0x00000000000000f0       0x14 /usr/lib/gcc/msp430/4.6.3/mmpy-16/libgcc.a(_udivmod64.o)
 .debug_aranges
                0x0000000000000104       0x14 /usr/lib/gcc/msp430/4.6.3/mmpy-16/libcrt0.a(__watchdog_support.o)
 .debug_aranges
                0x0000000000000118       0x14 /usr/lib/gcc/msp430/4.6.3/mmpy-16/libcrt0.a(__init_stack.o)
 .debug_aranges
                0x000000000000012c       0x14 /usr/lib/gcc/msp430/4.6.3/mmpy-16/libcrt0.a(_copy_data.o)
 .debug_aranges
                0x0000000000000140       0x14 /usr/lib/gcc/msp430/4.6.3/mmpy-16/libcrt0.a(_clear_bss.o)
 .debug_aranges
                0x0000000000000154       0x14 /usr/lib/gcc/msp430/4.6.3/mmpy-16/libcrt0.a(_endless_loop__.o)
 .debug_aranges
                0x0000000000000168       0x14 /usr/lib/gcc/msp430/4.6.3/mmpy-16/libcrt0.a(_unexpected_.o)

.debug_pubnames
 *(.debug_pubnames)

.debug_info     0x0000000000000000     0x152d
 *(.debug_info)
 .debug_info    0x0000000000000000       0xec /usr/lib/gcc/msp430/4.6.3/mmpy-16/libgcc.a(_mulsi3.o)
 .debug_info    0x00000000000000ec       0xec /usr/lib/gcc/msp430/4.6.3/mmpy-16/libgcc.a(_udivmod32.o)
 .debug_info    0x00000000000001d8       0xbb /usr/lib/gcc/msp430/4.6.3/../../../../msp430/lib/mmpy-16/libc.a(strncmp.o)
 .debug_info    0x0000000000000293       0xe8 /usr/lib/gcc/msp430/4.6.3/../../../../msp430/lib/mmpy-16/libc.a(memcmp.o)
 .debug_info    0x000000000000037b       0xb6 /usr/lib/gcc/msp430/4.6.3/../../../../msp430/lib/mmpy-16/libc.a(strcpy.o)
 .debug_info    0x0000000000000431      0x113 /usr/lib/gcc/msp430/4.6.3/../../../../msp430/lib/mmpy-16/libc.a(memcpy.o)
 .debug_info    0x0000000000000544       0xfe /usr/lib/gcc/msp430/4.6.3/../../../../msp430/lib/mmpy-16/libc.a(memset.o)
 .debug_info    0x0000000000000642      0x105 /usr/lib/gcc/msp430/4.6.3/../../../../msp430/lib/mmpy-16/libc.a(printf.o)
 .debug_info    0x0000000000000747      0x565 /usr/lib/gcc/msp430/4.6.3/../../../../msp430/lib/mmpy-16/libc.a(vuprintf.o)
 .debug_info    0x0000000000000cac       0x96 /usr/lib/gcc/msp430/4.6.3/../../../../msp430/lib/mmpy-16/libc.a(puts.o)
 .debug_info    0x0000000000000d42      0x13f /usr/lib/gcc/msp430/4.6.3/../../../../msp430/lib/mmpy-16/libc.a(rand.o)
 .debug_info    0x0000000000000e81       0xec /usr/lib/gcc/msp430/4.6.3/mmpy-16/libgcc.a(_udivmod16.o)
 .debug_info    0x0000000000000f6d       0xec /usr/lib/gcc/msp430/4.6.3/mmpy-16/libgcc.a(_udivmod64.o)
 .debug_info    0x0000000000001059       0xce /usr/lib/gcc/msp430/4.6.3/mmpy-16/libcrt0.a(__watchdog_support.o)
 .debug_info    0x0000000000001127       0xce /usr/lib/gcc/msp430/4.6.3/mmpy-16/libcrt0.a(__init_stack.o)
 .debug_info    0x00000000000011f5       0xce /usr/lib/gcc/msp430/4.6.3/mmpy-16/libcrt0.a(_copy_data.o)
 .debug_info    0x00000000000012c3       0xce /usr/lib/gcc/msp430/4.6.3/mmpy-16/libcrt0.a(_clear_bss.o)
 .debug_info    0x0000000000001391       0xce /usr/lib/gcc/msp430/4.6.3/mmpy-16/libcrt0.a(_endless_loop__.o)
 .debug_info    0x000000000000145f       0xce /usr/lib/gcc/msp430/4.6.3/mmpy-16/libcrt0.a(_unexpected_.o)
 *(.gnu.linkonce.wi.*)

.debug_abbrev   0x0000000000000000      0x79f
 *(.debug_abbrev)
 .debug_abbrev  0x0000000000000000       0x14 /usr/lib/gcc/msp430/4.6.3/mmpy-16/libgcc.a(_mulsi3.o)
 .debug_abbrev  0x0000000000000014       0x14 /usr/lib/gcc/msp430/4.6.3/mmpy-16/libgcc.a(_udivmod32.o)
 .debug_abbrev  0x0000000000000028       0x7c /usr/lib/gcc/msp430/4.6.3/../../../../msp430/lib/mmpy-16/libc.a(strncmp.o)
 .debug_abbrev  0x00000000000000a4       0x9b /usr/lib/gcc/msp430/4.6.3/../../../../msp430/lib/mmpy-16/libc.a(memcmp.o)
 .debug_abbrev  0x000000000000013f       0x7e /usr/lib/gcc/msp430/4.6.3/../../../../msp430/lib/mmpy-16/libc.a(strcpy.o)
 .debug_abbrev  0x00000000000001bd       0x97 /usr/lib/gcc/msp430/4.6.3/../../../../msp430/lib/mmpy-16/libc.a(memcpy.o)
 .debug_abbrev  0x0000000000000254       0x9c /usr/lib/gcc/msp430/4.6.3/../../../../msp430/lib/mmpy-16/libc.a(memset.o)
 .debug_abbrev  0x00000000000002f0       0xd0 /usr/lib/gcc/msp430/4.6.3/../../../../msp430/lib/mmpy-16/libc.a(printf.o)
 .debug_abbrev  0x00000000000003c0      0x1ef /usr/lib/gcc/msp430/4.6.3/../../../../msp430/lib/mmpy-16/libc.a(vuprintf.o)
 .debug_abbrev  0x00000000000005af       0x60 /usr/lib/gcc/msp430/4.6.3/../../../../msp430/lib/mmpy-16/libc.a(puts.o)
 .debug_abbrev  0x000000000000060f       0xf0 /usr/lib/gcc/msp430/4.6.3/../../../../msp430/lib/mmpy-16/libc.a(rand.o)
 .debug_abbrev  0x00000000000006ff       0x14 /usr/lib/gcc/msp430/4.6.3/mmpy-16/libgcc.a(_udivmod16.o)
 .debug_abbrev  0x0000000000000713       0x14 /usr/lib/gcc/msp430/4.6.3/mmpy-16/libgcc.a(_udivmod64.o)
 .debug_abbrev  0x0000000000000727       0x14 /usr/lib/gcc/msp430/4.6.3/mmpy-16/libcrt0.a(__watchdog_support.o)
 .debug_abbrev  0x000000000000073b       0x14 /usr/lib/gcc/msp430/4.6.3/mmpy-16/libcrt0.a(__init_stack.o)
 .debug_abbrev  0x000000000000074f       0x14 /usr/lib/gcc/msp430/4.6.3/mmpy-16/libcrt0.a(_copy_data.o)
 .debug_abbrev  0x0000000000000763       0x14 /usr/lib/gcc/msp430/4.6.3/mmpy-16/libcrt0.a(_clear_bss.o)
 .debug_abbrev  0x0000000000000777       0x14 /usr/lib/gcc/msp430/4.6.3/mmpy-16/libcrt0.a(_endless_loop__.o)
 .debug_abbrev  0x000000000000078b       0x14 /usr/lib/gcc/msp430/4.6.3/mmpy-16/libcrt0.a(_unexpected_.o)

.debug_line     0x0000000000000000      0xd2a
 *(.debug_line)
 .debug_line    0x0000000000000000       0xae /usr/lib/gcc/msp430/4.6.3/mmpy-16/libgcc.a(_mulsi3.o)
 .debug_line    0x00000000000000ae       0xb6 /usr/lib/gcc/msp430/4.6.3/mmpy-16/libgcc.a(_udivmod32.o)
 .debug_line    0x0000000000000164       0x75 /usr/lib/gcc/msp430/4.6.3/../../../../msp430/lib/mmpy-16/libc.a(strncmp.o)
 .debug_line    0x00000000000001d9       0x73 /usr/lib/gcc/msp430/4.6.3/../../../../msp430/lib/mmpy-16/libc.a(memcmp.o)
 .debug_line    0x000000000000024c       0x4d /usr/lib/gcc/msp430/4.6.3/../../../../msp430/lib/mmpy-16/libc.a(strcpy.o)
 .debug_line    0x0000000000000299       0xe9 /usr/lib/gcc/msp430/4.6.3/../../../../msp430/lib/mmpy-16/libc.a(memcpy.o)
 .debug_line    0x0000000000000382       0xc8 /usr/lib/gcc/msp430/4.6.3/../../../../msp430/lib/mmpy-16/libc.a(memset.o)
 .debug_line    0x000000000000044a       0x72 /usr/lib/gcc/msp430/4.6.3/../../../../msp430/lib/mmpy-16/libc.a(printf.o)
 .debug_line    0x00000000000004bc      0x2d2 /usr/lib/gcc/msp430/4.6.3/../../../../msp430/lib/mmpy-16/libc.a(vuprintf.o)
 .debug_line    0x000000000000078e       0x4d /usr/lib/gcc/msp430/4.6.3/../../../../msp430/lib/mmpy-16/libc.a(puts.o)
 .debug_line    0x00000000000007db       0x4f /usr/lib/gcc/msp430/4.6.3/../../../../msp430/lib/mmpy-16/libc.a(rand.o)
 .debug_line    0x000000000000082a       0xa7 /usr/lib/gcc/msp430/4.6.3/mmpy-16/libgcc.a(_udivmod16.o)
 .debug_line    0x00000000000008d1       0xfc /usr/lib/gcc/msp430/4.6.3/mmpy-16/libgcc.a(_udivmod64.o)
 .debug_line    0x00000000000009cd       0x8f /usr/lib/gcc/msp430/4.6.3/mmpy-16/libcrt0.a(__watchdog_support.o)
 .debug_line    0x0000000000000a5c       0x8d /usr/lib/gcc/msp430/4.6.3/mmpy-16/libcrt0.a(__init_stack.o)
 .debug_line    0x0000000000000ae9       0x93 /usr/lib/gcc/msp430/4.6.3/mmpy-16/libcrt0.a(_copy_data.o)
 .debug_line    0x0000000000000b7c       0x93 /usr/lib/gcc/msp430/4.6.3/mmpy-16/libcrt0.a(_clear_bss.o)
 .debug_line    0x0000000000000c0f       0x8e /usr/lib/gcc/msp430/4.6.3/mmpy-16/libcrt0.a(_endless_loop__.o)
 .debug_line    0x0000000000000c9d       0x8d /usr/lib/gcc/msp430/4.6.3/mmpy-16/libcrt0.a(_unexpected_.o)

.debug_frame    0x0000000000000000      0x20a
 *(.debug_frame)
 .debug_frame   0x0000000000000000       0x24 /usr/lib/gcc/msp430/4.6.3/../../../../msp430/lib/mmpy-16/libc.a(strncmp.o)
 .debug_frame   0x0000000000000024       0x24 /usr/lib/gcc/msp430/4.6.3/../../../../msp430/lib/mmpy-16/libc.a(memcmp.o)
 .debug_frame   0x0000000000000048       0x1e /usr/lib/gcc/msp430/4.6.3/../../../../msp430/lib/mmpy-16/libc.a(strcpy.o)
 .debug_frame   0x0000000000000066       0x38 /usr/lib/gcc/msp430/4.6.3/../../../../msp430/lib/mmpy-16/libc.a(memcpy.o)
 .debug_frame   0x000000000000009e       0x32 /usr/lib/gcc/msp430/4.6.3/../../../../msp430/lib/mmpy-16/libc.a(memset.o)
 .debug_frame   0x00000000000000d0       0x2a /usr/lib/gcc/msp430/4.6.3/../../../../msp430/lib/mmpy-16/libc.a(printf.o)
 .debug_frame   0x00000000000000fa       0xb0 /usr/lib/gcc/msp430/4.6.3/../../../../msp430/lib/mmpy-16/libc.a(vuprintf.o)
 .debug_frame   0x00000000000001aa       0x24 /usr/lib/gcc/msp430/4.6.3/../../../../msp430/lib/mmpy-16/libc.a(puts.o)
 .debug_frame   0x00000000000001ce       0x3c /usr/lib/gcc/msp430/4.6.3/../../../../msp430/lib/mmpy-16/libc.a(rand.o)

.debug_str      0x0000000000000000      0x40b
 *(.debug_str)
 .debug_str     0x0000000000000000       0xd0 /usr/lib/gcc/msp430/4.6.3/../../../../msp430/lib/mmpy-16/libc.a(strncmp.o)
                                        0x109 (size before relaxing)
 .debug_str     0x00000000000000d0       0x19 /usr/lib/gcc/msp430/4.6.3/../../../../msp430/lib/mmpy-16/libc.a(memcmp.o)
                                        0x107 (size before relaxing)
 .debug_str     0x00000000000000e9       0x23 /usr/lib/gcc/msp430/4.6.3/../../../../msp430/lib/mmpy-16/libc.a(strcpy.o)
                                        0x10a (size before relaxing)
 .debug_str     0x000000000000010c       0x34 /usr/lib/gcc/msp430/4.6.3/../../../../msp430/lib/mmpy-16/libc.a(memcpy.o)
                                        0x122 (size before relaxing)
 .debug_str     0x0000000000000140       0x26 /usr/lib/gcc/msp430/4.6.3/../../../../msp430/lib/mmpy-16/libc.a(memset.o)
                                        0x120 (size before relaxing)
 .debug_str     0x0000000000000166       0x40 /usr/lib/gcc/msp430/4.6.3/../../../../msp430/lib/mmpy-16/libc.a(printf.o)
                                        0x136 (size before relaxing)
 .debug_str     0x00000000000001a6      0x221 /usr/lib/gcc/msp430/4.6.3/../../../../msp430/lib/mmpy-16/libc.a(vuprintf.o)
                                        0x381 (size before relaxing)
 .debug_str     0x00000000000003c7       0x15 /usr/lib/gcc/msp430/4.6.3/../../../../msp430/lib/mmpy-16/libc.a(puts.o)
                                         0xfc (size before relaxing)
 .debug_str     0x00000000000003dc       0x2f /usr/lib/gcc/msp430/4.6.3/../../../../msp430/lib/mmpy-16/libc.a(rand.o)
                                        0x11b (size before relaxing)

.debug_loc      0x0000000000000000      0xb05
 *(.debug_loc)
 .debug_loc     0x0000000000000000       0x38 /usr/lib/gcc/msp430/4.6.3/../../../../msp430/lib/mmpy-16/libc.a(strncmp.o)
 .debug_loc     0x0000000000000038       0x5e /usr/lib/gcc/msp430/4.6.3/../../../../msp430/lib/mmpy-16/libc.a(memcmp.o)
 .debug_loc     0x0000000000000096       0x12 /usr/lib/gcc/msp430/4.6.3/../../../../msp430/lib/mmpy-16/libc.a(strcpy.o)
 .debug_loc     0x00000000000000a8      0x1f0 /usr/lib/gcc/msp430/4.6.3/../../../../msp430/lib/mmpy-16/libc.a(memcpy.o)
 .debug_loc     0x0000000000000298       0xdb /usr/lib/gcc/msp430/4.6.3/../../../../msp430/lib/mmpy-16/libc.a(memset.o)
 .debug_loc     0x0000000000000373       0x38 /usr/lib/gcc/msp430/4.6.3/../../../../msp430/lib/mmpy-16/libc.a(printf.o)
 .debug_loc     0x00000000000003ab      0x705 /usr/lib/gcc/msp430/4.6.3/../../../../msp430/lib/mmpy-16/libc.a(vuprintf.o)
 .debug_loc     0x0000000000000ab0       0x26 /usr/lib/gcc/msp430/4.6.3/../../../../msp430/lib/mmpy-16/libc.a(puts.o)
 .debug_loc     0x0000000000000ad6       0x2f /usr/lib/gcc/msp430/4.6.3/../../../../msp430/lib/mmpy-16/libc.a(rand.o)

.debug_macinfo
 *(.debug_macinfo)

.debug_pubtypes
 *(.debug_pubtypes)

.debug_ranges   0x0000000000000000       0x18
 *(.debug_ranges)
 .debug_ranges  0x0000000000000000       0x18 /usr/lib/gcc/msp430/4.6.3/../../../../msp430/lib/mmpy-16/libc.a(vuprintf.o)
                0x0000000000003900                PROVIDE (__stack, (ORIGIN (ram) + 0x2800))
                0x0000000000009c30                PROVIDE (__data_start_rom, _etext)
                0x0000000000009cd2                PROVIDE (__data_end_rom, (_etext + SIZEOF (.data)))
OUTPUT(Arbol_rssi.sky elf32-msp430)
