Archive member included because of file (symbol)

contiki-sky.a(contiki-sky-pla)
                              obj_sky/contiki-sky-main.o (init_platform)
contiki-sky.a(button-sensor.o)
                              contiki-sky.a(contiki-sky-pla) (button_sensor)
contiki-sky.a(ds2411.o)       obj_sky/contiki-sky-main.o (ds2411_init)
contiki-sky.a(xmem.o)         obj_sky/contiki-sky-main.o (xmem_init)
contiki-sky.a(node-id.o)      obj_sky/contiki-sky-main.o (node_id_restore)
contiki-sky.a(sensors.o)      contiki-sky.a(button-sensor.o) (sensors_changed)
contiki-sky.a(cc2420.o)       obj_sky/contiki-sky-main.o (cc2420_set_pan_addr)
contiki-sky.a(cc2420-arch.o)  contiki-sky.a(cc2420.o) (cc2420_arch_init)
contiki-sky.a(uart1.o)        obj_sky/contiki-sky-main.o (uart1_active)
contiki-sky.a(uart1-putchar.o)
                              udp-client.co (putchar)
contiki-sky.a(msp430.o)       contiki-sky.a(uart1.o) (msp430_add_lpm_req)
contiki-sky.a(clock.o)        obj_sky/contiki-sky-main.o (clock_init)
contiki-sky.a(leds.o)         obj_sky/contiki-sky-main.o (leds_init)
contiki-sky.a(leds-arch.o)    contiki-sky.a(leds.o) (leds_arch_init)
contiki-sky.a(watchdog.o)     obj_sky/contiki-sky-main.o (watchdog_start)
contiki-sky.a(rtimer-arch.o)  obj_sky/contiki-sky-main.o (rtimer_arch_now)
contiki-sky.a(autostart.o)    obj_sky/contiki-sky-main.o (autostart_start)
contiki-sky.a(ctimer.o)       obj_sky/contiki-sky-main.o (ctimer_init)
contiki-sky.a(energest.o)     obj_sky/contiki-sky-main.o (energest_init)
contiki-sky.a(stimer.o)       udp-client.co (stimer_remaining)
contiki-sky.a(etimer.o)       contiki-sky.a(clock.o) (etimer_request_poll)
contiki-sky.a(process.o)      udp-client.co (process_current)
contiki-sky.a(rtimer.o)       obj_sky/contiki-sky-main.o (rtimer_init)
contiki-sky.a(timer.o)        obj_sky/contiki-sky-main.o (timer_set)
contiki-sky.a(serial-line.o)  udp-client.co (serial_line_event_message)
contiki-sky.a(list.o)         contiki-sky.a(ctimer.o) (list_init)
contiki-sky.a(random.o)       obj_sky/contiki-sky-main.o (random_init)
contiki-sky.a(ringbuf.o)      contiki-sky.a(serial-line.o) (ringbuf_init)
contiki-sky.a(uip-ds6.o)      udp-client.co (uip_ds6_if)
contiki-sky.a(uip-ds6-route.o)
                              contiki-sky.a(uip-ds6.o) (uip_ds6_route_init)
contiki-sky.a(uip6.o)         udp-client.co (uip_len)
contiki-sky.a(uip-ds6-nbr.o)  contiki-sky.a(uip-ds6.o) (uip_ds6_neighbors_init)
contiki-sky.a(uip-nd6.o)      contiki-sky.a(uip6.o) (uip_nd6_init)
contiki-sky.a(sicslowpan.o)   obj_sky/contiki-sky-main.o (sicslowpan_driver)
contiki-sky.a(uip-udp-packet.)
                              udp-client.co (uip_udp_packet_sendto)
contiki-sky.a(tcpip.o)        contiki-sky.a(sicslowpan.o) (tcpip_set_outputfunc)
contiki-sky.a(uip-debug.o)    udp-client.co (uip_debug_ipaddr_print)
contiki-sky.a(rpl-dag.o)      contiki-sky.a(tcpip.o) (rpl_repair_root)
contiki-sky.a(rpl-timers.o)   contiki-sky.a(rpl-dag.o) (rpl_reset_dio_timer)
contiki-sky.a(rpl-ext-header.)
                              contiki-sky.a(uip6.o) (rpl_verify_hbh_header)
contiki-sky.a(rpl.o)          contiki-sky.a(rpl-timers.o) (rpl_get_mode)
contiki-sky.a(rpl-mrhof.o)    contiki-sky.a(rpl-dag.o) (rpl_mrhof)
contiki-sky.a(framer-802154.o)
                              contiki-sky.a(sicslowpan.o) (framer_802154)
contiki-sky.a(csma.o)         obj_sky/contiki-sky-main.o (csma_driver)
contiki-sky.a(nullrdc.o)      obj_sky/contiki-sky-main.o (nullrdc_driver)
contiki-sky.a(queuebuf.o)     obj_sky/contiki-sky-main.o (queuebuf_init)
contiki-sky.a(nbr-table.o)    contiki-sky.a(uip-ds6-route.o) (nbr_table_register)
contiki-sky.a(packetbuf.o)    contiki-sky.a(framer-802154.o) (packetbuf_hdrreduce)
contiki-sky.a(linkaddr.o)     obj_sky/contiki-sky-main.o (linkaddr_copy)
contiki-sky.a(link-stats.o)   contiki-sky.a(rpl-dag.o) (link_stats_from_lladdr)
contiki-sky.a(nullsec.o)      obj_sky/contiki-sky-main.o (nullsec_driver)
contiki-sky.a(spi.o)          contiki-sky.a(xmem.o) (spi_init)
contiki-sky.a(memb.o)         contiki-sky.a(uip-ds6-route.o) (memb_init)
contiki-sky.a(uip-icmp6.o)    contiki-sky.a(uip6.o) (uip_icmp6_input)
contiki-sky.a(rpl-icmp6.o)    contiki-sky.a(rpl-dag.o) (rpl_icmp6_update_nbr_table)
contiki-sky.a(rpl-nbr-policy.)
                              contiki-sky.a(nbr-table.o) (rpl_nbr_policy_find_removable)
contiki-sky.a(mac-sequence.o)
                              contiki-sky.a(nullrdc.o) (mac_sequence_is_duplicate)
contiki-sky.a(frame802154.o)  contiki-sky.a(framer-802154.o) (frame802154_get_pan_id)
contiki-sky.a(mac.o)          contiki-sky.a(csma.o) (mac_call_sent_callback)
/usr/lib/gcc/msp430/4.6.3/mmpy-16/libgcc.a(_mulsi3.o)
                              contiki-sky.a(rpl-timers.o) (__mulsi3)
/usr/lib/gcc/msp430/4.6.3/mmpy-16/libgcc.a(_udivmod16.o)
                              contiki-sky.a(rpl-dag.o) (__udivhi3)
/usr/lib/gcc/msp430/4.6.3/mmpy-16/libgcc.a(_divmod16.o)
                              contiki-sky.a(sicslowpan.o) (__divhi3)
[...]
Memory Configuration

Name             Origin             Length             Attributes
sfr              0x0000000000000000 0x0000000000000010
peripheral_8bit  0x0000000000000010 0x00000000000000f0
peripheral_16bit 0x0000000000000100 0x0000000000000100
ram_mirror       0x0000000000000200 0x0000000000000800 xw
infomem          0x0000000000001000 0x0000000000000100
infob            0x0000000000001000 0x0000000000000080
infoa            0x0000000000001080 0x0000000000000080
ram              0x0000000000001100 0x0000000000002800 xw
rom              0x0000000000004000 0x000000000000bfe0 xr
vectors          0x000000000000ffe0 0x0000000000000020
bsl              0x0000000000000000 0x0000000000000000
infoc            0x0000000000000000 0x0000000000000000
infod            0x0000000000000000 0x0000000000000000
ram2             0x0000000000000000 0x0000000000000000 xw
usbram           0x0000000000000000 0x0000000000000000 xw
far_rom          0x0000000000000000 0x0000000000000000
*default*        0x0000000000000000 0xffffffffffffffff

Linker script and memory map

LOAD /usr/lib/gcc/msp430/4.6.3/mmpy-16/crt0ivtbl16.o
LOAD udp-client.co
LOAD obj_sky/contiki-sky-main.o
LOAD contiki-sky.a
LOAD /usr/lib/gcc/msp430/4.6.3/mmpy-16/libgcc.a
LOAD /usr/lib/gcc/msp430/4.6.3/../../../../msp430/lib/mmpy-16/libc.a
LOAD /usr/lib/gcc/msp430/4.6.3/mmpy-16/libgcc.a
LOAD /usr/lib/gcc/msp430/4.6.3/mmpy-16/libcrt0.a
                0x0000000000000080                PROVIDE (__info_segment_size, 0x80)
                0x0000000000001000                PROVIDE (__infob, 0x1000)
                0x0000000000001080                PROVIDE (__infoa, 0x1080)
                0x0000000000000000                __IE1 = 0x0
                0x0000000000000002                __IFG1 = 0x2
                0x0000000000000004                __ME1 = 0x4
                0x0000000000000001                __IE2 = 0x1
                0x0000000000000003                __IFG2 = 0x3
                0x0000000000000005                __ME2 = 0x5
                0x0000000000000120                __WDTCTL = 0x120
                0x0000000000000130                __MPY = 0x130
                0x0000000000000132                __MPYS = 0x132
                0x0000000000000134                __MAC = 0x134
                0x0000000000000136                __MACS = 0x136
                0x0000000000000138                __OP2 = 0x138
                0x000000000000013a                __RESLO = 0x13a
                0x000000000000013c                __RESHI = 0x13c
                0x000000000000013e                __SUMEXT = 0x13e
                0x0000000000000020                __P1IN = 0x20
                0x0000000000000021                __P1OUT = 0x21
                0x0000000000000022                __P1DIR = 0x22
                0x0000000000000023                __P1IFG = 0x23
                0x0000000000000024                __P1IES = 0x24
                0x0000000000000025                __P1IE = 0x25
                0x0000000000000026                __P1SEL = 0x26
                0x0000000000000028                __P2IN = 0x28
                0x0000000000000029                __P2OUT = 0x29
                0x000000000000002a                __P2DIR = 0x2a
                0x000000000000002b                __P2IFG = 0x2b
                0x000000000000002c                __P2IES = 0x2c
                0x000000000000002d                __P2IE = 0x2d
                0x000000000000002e                __P2SEL = 0x2e
                0x0000000000000018                __P3IN = 0x18
                0x0000000000000019                __P3OUT = 0x19
                0x000000000000001a                __P3DIR = 0x1a
                0x000000000000001b                __P3SEL = 0x1b
                0x000000000000001c                __P4IN = 0x1c
                0x000000000000001d                __P4OUT = 0x1d
                0x000000000000001e                __P4DIR = 0x1e
                0x000000000000001f                __P4SEL = 0x1f
                0x0000000000000030                __P5IN = 0x30
                0x0000000000000031                __P5OUT = 0x31
                0x0000000000000032                __P5DIR = 0x32
                0x0000000000000033                __P5SEL = 0x33
                0x0000000000000034                __P6IN = 0x34
                0x0000000000000035                __P6OUT = 0x35
                0x0000000000000036                __P6DIR = 0x36
                0x0000000000000037                __P6SEL = 0x37
                0x0000000000000070                __U0CTL = 0x70
                0x0000000000000071                __U0TCTL = 0x71
                0x0000000000000072                __U0RCTL = 0x72
                0x0000000000000073                __U0MCTL = 0x73
                0x0000000000000074                __U0BR0 = 0x74
                0x0000000000000075                __U0BR1 = 0x75
                0x0000000000000076                __U0RXBUF = 0x76
                0x0000000000000077                __U0TXBUF = 0x77
                0x0000000000000078                __U1CTL = 0x78
                0x0000000000000079                __U1TCTL = 0x79
                0x000000000000007a                __U1RCTL = 0x7a
                0x000000000000007b                __U1MCTL = 0x7b
                0x000000000000007c                __U1BR0 = 0x7c
                0x000000000000007d                __U1BR1 = 0x7d
                0x000000000000007e                __U1RXBUF = 0x7e
                0x000000000000007f                __U1TXBUF = 0x7f
                0x0000000000000050                __I2CIE = 0x50
                0x0000000000000051                __I2CIFG = 0x51
                0x0000000000000052                __I2CNDAT = 0x52
                0x0000000000000071                __I2CTCTL = 0x71
                0x0000000000000072                __I2CDCTL = 0x72
                0x0000000000000073                __I2CPSC = 0x73
                0x0000000000000074                __I2CSCLH = 0x74
                0x0000000000000075                __I2CSCLL = 0x75
                0x0000000000000076                __I2CDRB = 0x76
                0x0000000000000076                __I2CDRW = 0x76
                0x0000000000000118                __I2COA = 0x118
                0x000000000000011a                __I2CSA = 0x11a
                0x000000000000011c                __I2CIV = 0x11c
                0x000000000000012e                __TAIV = 0x12e
                0x0000000000000160                __TACTL = 0x160
                0x0000000000000162                __TACCTL0 = 0x162
                0x0000000000000164                __TACCTL1 = 0x164
                0x0000000000000166                __TACCTL2 = 0x166
                0x0000000000000170                __TAR = 0x170
                0x0000000000000172                __TACCR0 = 0x172
                0x0000000000000174                __TACCR1 = 0x174
                0x0000000000000176                __TACCR2 = 0x176
                0x000000000000011e                __TBIV = 0x11e
                0x0000000000000180                __TBCTL = 0x180
                0x0000000000000182                __TBCCTL0 = 0x182
                0x0000000000000184                __TBCCTL1 = 0x184
                0x0000000000000186                __TBCCTL2 = 0x186
                0x0000000000000188                __TBCCTL3 = 0x188
                0x000000000000018a                __TBCCTL4 = 0x18a
                0x000000000000018c                __TBCCTL5 = 0x18c
                0x000000000000018e                __TBCCTL6 = 0x18e
                0x0000000000000190                __TBR = 0x190
                0x0000000000000192                __TBCCR0 = 0x192
                0x0000000000000194                __TBCCR1 = 0x194
                0x0000000000000196                __TBCCR2 = 0x196
                0x0000000000000198                __TBCCR3 = 0x198
                0x000000000000019a                __TBCCR4 = 0x19a
                0x000000000000019c                __TBCCR5 = 0x19c
                0x000000000000019e                __TBCCR6 = 0x19e
                0x0000000000000056                __DCOCTL = 0x56
                0x0000000000000057                __BCSCTL1 = 0x57
                0x0000000000000058                __BCSCTL2 = 0x58
                0x0000000000000055                __SVSCTL = 0x55
                0x0000000000000128                __FCTL1 = 0x128
                0x000000000000012a                __FCTL2 = 0x12a
                0x000000000000012c                __FCTL3 = 0x12c
                0x0000000000000059                __CACTL1 = 0x59
                0x000000000000005a                __CACTL2 = 0x5a
                0x000000000000005b                __CAPD = 0x5b
                0x00000000000001a0                __ADC12CTL0 = 0x1a0
                0x00000000000001a2                __ADC12CTL1 = 0x1a2
                0x00000000000001a4                __ADC12IFG = 0x1a4
                0x00000000000001a6                __ADC12IE = 0x1a6
                0x00000000000001a8                __ADC12IV = 0x1a8
                0x0000000000000140                __ADC12MEM0 = 0x140
                0x0000000000000142                __ADC12MEM1 = 0x142
                0x0000000000000144                __ADC12MEM2 = 0x144
                0x0000000000000146                __ADC12MEM3 = 0x146
                0x0000000000000148                __ADC12MEM4 = 0x148
                0x000000000000014a                __ADC12MEM5 = 0x14a
                0x000000000000014c                __ADC12MEM6 = 0x14c
                0x000000000000014e                __ADC12MEM7 = 0x14e
                0x0000000000000150                __ADC12MEM8 = 0x150
                0x0000000000000152                __ADC12MEM9 = 0x152
                0x0000000000000154                __ADC12MEM10 = 0x154
                0x0000000000000156                __ADC12MEM11 = 0x156
                0x0000000000000158                __ADC12MEM12 = 0x158
                0x000000000000015a                __ADC12MEM13 = 0x15a
                0x000000000000015c                __ADC12MEM14 = 0x15c
                0x000000000000015e                __ADC12MEM15 = 0x15e
                0x0000000000000080                __ADC12MCTL0 = 0x80
                0x0000000000000081                __ADC12MCTL1 = 0x81
                0x0000000000000082                __ADC12MCTL2 = 0x82
                0x0000000000000083                __ADC12MCTL3 = 0x83
                0x0000000000000084                __ADC12MCTL4 = 0x84
                0x0000000000000085                __ADC12MCTL5 = 0x85
                0x0000000000000086                __ADC12MCTL6 = 0x86
                0x0000000000000087                __ADC12MCTL7 = 0x87
                0x0000000000000088                __ADC12MCTL8 = 0x88
                0x0000000000000089                __ADC12MCTL9 = 0x89
                0x000000000000008a                __ADC12MCTL10 = 0x8a
                0x000000000000008b                __ADC12MCTL11 = 0x8b
                0x000000000000008c                __ADC12MCTL12 = 0x8c
                0x000000000000008d                __ADC12MCTL13 = 0x8d
                0x000000000000008e                __ADC12MCTL14 = 0x8e
                0x000000000000008f                __ADC12MCTL15 = 0x8f
                0x00000000000001c0                __DAC12_0CTL = 0x1c0
                0x00000000000001c2                __DAC12_1CTL = 0x1c2
                0x00000000000001c8                __DAC12_0DAT = 0x1c8
                0x00000000000001ca                __DAC12_1DAT = 0x1ca
                0x0000000000000122                __DMACTL0 = 0x122
                0x0000000000000124                __DMACTL1 = 0x124
                0x00000000000001e0                __DMA0CTL = 0x1e0
                0x00000000000001e8                __DMA1CTL = 0x1e8
                0x00000000000001f0                __DMA2CTL = 0x1f0
                0x00000000000001e2                __DMA0SA = 0x1e2
                0x00000000000001e4                __DMA0DA = 0x1e4
                0x00000000000001e6                __DMA0SZ = 0x1e6
                0x00000000000001ea                __DMA1SA = 0x1ea
                0x00000000000001ec                __DMA1DA = 0x1ec
                0x00000000000001ee                __DMA1SZ = 0x1ee
                0x00000000000001f2                __DMA2SA = 0x1f2
                0x00000000000001f4                __DMA2DA = 0x1f4
                0x00000000000001f6                __DMA2SZ = 0x1f6

.hash
 *(.hash)

.dynsym
 *(.dynsym)

.dynstr
 *(.dynstr)

.gnu.version
 *(.gnu.version)

.gnu.version_d
 *(.gnu.version_d)

.gnu.version_r
 *(.gnu.version_r)

.rel.init
 *(.rel.init)

.rela.init
 *(.rela.init)

.rel.fini
 *(.rel.fini)

.rela.fini
 *(.rela.fini)

.rel.text
 *(.rel.text .rel.text.* .rel.gnu.linkonce.t.*)

.rela.text
 *(.rela.text .rela.text.* .rela.gnu.linkonce.t.*)

.rel.rodata
 *(.rel.rodata .rel.rodata.* .rel.gnu.linkonce.r.*)

.rela.rodata
 *(.rela.rodata .rela.rodata.* .rela.gnu.linkonce.r.*)

.rel.data
 *(.rel.data .rel.data.* .rel.gnu.linkonce.d.*)

.rela.data
 *(.rela.data .rela.data.* .rela.gnu.linkonce.d.*)

.rel.bss
 *(.rel.bss .rel.bss.* .rel.gnu.linkonce.b.*)

.rela.bss
 *(.rela.bss .rela.bss.* .rela.gnu.linkonce.b.*)

.rel.ctors
 *(.rel.ctors)

.rela.ctors
 *(.rela.ctors)

.rel.dtors
 *(.rel.dtors)

.rela.dtors
 *(.rela.dtors)

.rel.got
 *(.rel.got)

.rela.got
 *(.rela.got)

.rel.plt
 *(.rel.plt)

.rela.plt
 *(.rela.plt)

.text           0x0000000000004000     0xb402
                0x0000000000004000                . = ALIGN (0x2)
 *(.init .init.*)
 *(.init0)
 .init0         0x0000000000004000        0x0 /usr/lib/gcc/msp430/4.6.3/mmpy-16/libcrt0.a(_reset_vector__.o)
                0x0000000000004000                _reset_vector__
 *(.init1)
 .init1         0x0000000000004000        0xc /usr/lib/gcc/msp430/4.6.3/mmpy-16/libcrt0.a(__watchdog_support.o)
                0x0000000000004000                __watchdog_support
 *(.init2)
 .init2         0x000000000000400c        0x4 /usr/lib/gcc/msp430/4.6.3/mmpy-16/libcrt0.a(__init_stack.o)
                0x000000000000400c                __init_stack
 *(.init3)
 .init3         0x0000000000004010        0x0 /usr/lib/gcc/msp430/4.6.3/mmpy-16/libcrt0.a(__low_level_init.o)
                0x0000000000004010                __low_level_init
 *(.init4)
 .init4         0x0000000000004010       0x18 /usr/lib/gcc/msp430/4.6.3/mmpy-16/libcrt0.a(_copy_data.o)
                0x0000000000004010                __do_copy_data
 .init4         0x0000000000004028       0x16 /usr/lib/gcc/msp430/4.6.3/mmpy-16/libcrt0.a(_clear_bss.o)
                0x0000000000004028                __do_clear_bss
 *(.init5)
 *(.init6)
 *(.init7)
 *(.init8)
 *(.init9)
 .init9         0x000000000000403e      0x340 obj_sky/contiki-sky-main.o
                0x000000000000403e                main
 *(.fini9)
 .fini9         0x000000000000437e        0x0 /usr/lib/gcc/msp430/4.6.3/mmpy-16/libcrt0.a(__stop_progExec__.o)
                0x000000000000437e                __stop_progExec__
 *(.fini8)
 *(.fini7)
 *(.fini6)
 *(.fini5)
 *(.fini4)
 *(.fini3)
 *(.fini2)
 *(.fini1)
 *(.fini0)
 .fini0         0x000000000000437e        0x6 /usr/lib/gcc/msp430/4.6.3/mmpy-16/libcrt0.a(_endless_loop__.o)
                0x000000000000437e                _endless_loop__
 *(.fini .fini.*)
                0x0000000000004384                . = ALIGN (0x2)
                0x0000000000004384                __ctors_start = .
 *(.ctors)
                0x0000000000004384                __ctors_end = .
                0x0000000000004384                __dtors_start = .
 *(.dtors)
                0x0000000000004384                __dtors_end = .
                0x0000000000004384                . = ALIGN (0x2)
 *(.text .text.* .gnu.linkonce.t.*)
 .text          0x0000000000004384        0x4 /usr/lib/gcc/msp430/4.6.3/mmpy-16/crt0ivtbl16.o
                0x0000000000004384                __isr_14
                0x0000000000004384                __isr_11
                0x0000000000004384                __isr_2
                0x0000000000004384                __isr_7
                0x0000000000004384                __isr_0
                0x0000000000004384                __isr_8
                0x0000000000004384                __isr_3
                0x0000000000004384                __isr_12
                0x0000000000004384                __isr_13
                0x0000000000004384                __isr_9
 .text.process_thread_udp_client_process
                0x0000000000004388      0x2c2 udp-client.co
 .text.send_packet
                0x000000000000464a       0x70 udp-client.co
 .text.init_platform
                0x00000000000046ba        0xc contiki-sky.a(contiki-sky-pla)
                0x00000000000046ba                init_platform
 .text.status   0x00000000000046c6       0x16 contiki-sky.a(button-sensor.o)
 .text.configure
                0x00000000000046dc       0x52 contiki-sky.a(button-sensor.o)
 .text.value    0x000000000000472e       0x22 contiki-sky.a(button-sensor.o)
 .text.irq_p2   0x0000000000004750       0x8a contiki-sky.a(button-sensor.o)
                0x0000000000004750                irq_p2
                0x0000000000004750                __isr_1
 .text.owreadb  0x00000000000047da       0x52 contiki-sky.a(ds2411.o)
 .text.ds2411_init
                0x000000000000482c      0x122 contiki-sky.a(ds2411.o)
                0x000000000000482c                ds2411_init
 .text.wait_ready
                0x000000000000494e       0x50 contiki-sky.a(xmem.o)
 .text.xmem_init
                0x000000000000499e       0x3e contiki-sky.a(xmem.o)
                0x000000000000499e                xmem_init
 .text.xmem_pread
                0x00000000000049dc       0xea contiki-sky.a(xmem.o)
                0x00000000000049dc                xmem_pread
 .text.node_id_restore
                0x0000000000004ac6       0x38 contiki-sky.a(node-id.o)
                0x0000000000004ac6                node_id_restore
 .text.process_thread_sensors_process
                0x0000000000004afe       0xbe contiki-sky.a(sensors.o)
 .text.sensors_changed
                0x0000000000004bbc       0x2a contiki-sky.a(sensors.o)
                0x0000000000004bbc                sensors_changed
 .text.get_object
                0x0000000000004be6        0x4 contiki-sky.a(cc2420.o)
 .text.set_object
                0x0000000000004bea        0x4 contiki-sky.a(cc2420.o)
 .text.strobe   0x0000000000004bee       0x20 contiki-sky.a(cc2420.o)
 .text.getreg   0x0000000000004c0e       0x54 contiki-sky.a(cc2420.o)
 .text.setreg   0x0000000000004c62       0x52 contiki-sky.a(cc2420.o)
 .text.write_ram
                0x0000000000004cb4       0x80 contiki-sky.a(cc2420.o)
 .text.write_fifo_buf
                0x0000000000004d34       0x40 contiki-sky.a(cc2420.o)
 .text.get_status
                0x0000000000004d74       0x24 contiki-sky.a(cc2420.o)
 .text.set_txpower
                0x0000000000004d98       0x26 contiki-sky.a(cc2420.o)
 .text.cc2420_receiving_packet
                0x0000000000004dbe        0xe contiki-sky.a(cc2420.o)
 .text.pending_packet
                0x0000000000004dcc        0x8 contiki-sky.a(cc2420.o)
 .text.on       0x0000000000004dd4       0x26 contiki-sky.a(cc2420.o)
 .text.wait_for_transmission
                0x0000000000004dfa       0x22 contiki-sky.a(cc2420.o)
 .text.wait_for_status
                0x0000000000004e1c       0x2a contiki-sky.a(cc2420.o)
 .text.getrxdata
                0x0000000000004e46       0x56 contiki-sky.a(cc2420.o)
 .text.flushrx  0x0000000000004e9c       0x1a contiki-sky.a(cc2420.o)
 .text.off      0x0000000000004eb6       0x62 contiki-sky.a(cc2420.o)
 .text.RELEASE_LOCK
                0x0000000000004f18       0x28 contiki-sky.a(cc2420.o)
 .text.set_key  0x0000000000004f40       0x18 contiki-sky.a(cc2420.o)
 .text.set_frame_filtering
                0x0000000000004f58       0x30 contiki-sky.a(cc2420.o)
 .text.set_auto_ack
                0x0000000000004f88       0x30 contiki-sky.a(cc2420.o)
 .text.set_poll_mode
                0x0000000000004fb8       0x36 contiki-sky.a(cc2420.o)
 .text.cc2420_prepare
                0x0000000000004fee       0x3c contiki-sky.a(cc2420.o)
 .text.cc2420_on
                0x000000000000502a       0x22 contiki-sky.a(cc2420.o)
                0x000000000000502a                cc2420_on
 .text.cc2420_off
                0x000000000000504c       0x30 contiki-sky.a(cc2420.o)
                0x000000000000504c                cc2420_off
 .text.cc2420_cca
                0x000000000000507c       0x5e contiki-sky.a(cc2420.o)
 .text.cc2420_read
                0x00000000000050da       0xc0 contiki-sky.a(cc2420.o)
 .text.process_thread_cc2420_process
                0x000000000000519a       0x58 contiki-sky.a(cc2420.o)
 .text.encrypt  0x00000000000051f2       0x8e contiki-sky.a(cc2420.o)
 .text.cc2420_set_channel
                0x0000000000005280       0x3c contiki-sky.a(cc2420.o)
                0x0000000000005280                cc2420_set_channel
 .text.cc2420_set_pan_addr
                0x00000000000052bc       0x4c contiki-sky.a(cc2420.o)
                0x00000000000052bc                cc2420_set_pan_addr
 .text.cc2420_interrupt
                0x0000000000005308       0x18 contiki-sky.a(cc2420.o)
                0x0000000000005308                cc2420_interrupt
 .text.cc2420_set_txpower
                0x0000000000005320        0xe contiki-sky.a(cc2420.o)
                0x0000000000005320                cc2420_set_txpower
 .text.cc2420_get_txpower
                0x000000000000532e       0x1e contiki-sky.a(cc2420.o)
                0x000000000000532e                cc2420_get_txpower
 .text.cc2420_transmit
                0x000000000000534c      0x114 contiki-sky.a(cc2420.o)
 .text.cc2420_send
                0x0000000000005460       0x12 contiki-sky.a(cc2420.o)
 .text.cc2420_rssi
                0x0000000000005472       0x4c contiki-sky.a(cc2420.o)
                0x0000000000005472                cc2420_rssi
 .text.get_value
                0x00000000000054be      0x108 contiki-sky.a(cc2420.o)
 .text.cc2420_set_cca_threshold
                0x00000000000055c6       0x16 contiki-sky.a(cc2420.o)
                0x00000000000055c6                cc2420_set_cca_threshold
 .text.set_value
                0x00000000000055dc       0xba contiki-sky.a(cc2420.o)
 .text.cc2420_init
                0x0000000000005696       0xf0 contiki-sky.a(cc2420.o)
                0x0000000000005696                cc2420_init
 .text.cc2420_port1_interrupt
                0x0000000000005786       0x62 contiki-sky.a(cc2420-arch.o)
                0x0000000000005786                __isr_4
                0x0000000000005786                cc2420_port1_interrupt
 .text.cc2420_arch_init
                0x00000000000057e8       0x1a contiki-sky.a(cc2420-arch.o)
                0x00000000000057e8                cc2420_arch_init
 .text.uart1_active
                0x0000000000005802       0x1a contiki-sky.a(uart1.o)
                0x0000000000005802                uart1_active
 .text.uart1_writeb
                0x000000000000581c       0x1a contiki-sky.a(uart1.o)
                0x000000000000581c                uart1_writeb
 .text.uart1_init
                0x0000000000005836       0xf6 contiki-sky.a(uart1.o)
                0x0000000000005836                uart1_init
 .text.putchar  0x000000000000592c       0x10 contiki-sky.a(uart1-putchar.o)
                0x000000000000592c                putchar
 .text.msp430_init_dco
                0x000000000000593c       0x84 contiki-sky.a(msp430.o)
                0x000000000000593c                msp430_init_dco
 .text.msp430_add_lpm_req
                0x00000000000059c0        0xc contiki-sky.a(msp430.o)
                0x00000000000059c0                msp430_add_lpm_req
 .text.msp430_cpu_init
                0x00000000000059cc       0x2a contiki-sky.a(msp430.o)
                0x00000000000059cc                msp430_cpu_init
 .text.splhigh_
                0x00000000000059f6        0x8 contiki-sky.a(msp430.o)
                0x00000000000059f6                splhigh_
 .text.msp430_sync_dco
                0x00000000000059fe       0x68 contiki-sky.a(msp430.o)
                0x00000000000059fe                msp430_sync_dco
 .text.timera1  0x0000000000005a66      0x11e contiki-sky.a(clock.o)
                0x0000000000005a66                __isr_5
                0x0000000000005a66                timera1
 .text.clock_time
                0x0000000000005b84       0x1a contiki-sky.a(clock.o)
                0x0000000000005b84                clock_time
 .text.clock_init
                0x0000000000005b9e       0x28 contiki-sky.a(clock.o)
                0x0000000000005b9e                clock_init
 .text.clock_delay
                0x0000000000005bc6        0xc contiki-sky.a(clock.o)
                0x0000000000005bc6                clock_delay
 .text.clock_seconds
                0x0000000000005bd2       0x1a contiki-sky.a(clock.o)
                0x0000000000005bd2                clock_seconds
 .text.show_leds
                0x0000000000005bec       0xf6 contiki-sky.a(leds.o)
 .text.leds_init
                0x0000000000005ce2        0xa contiki-sky.a(leds.o)
                0x0000000000005ce2                leds_init
 .text.leds_on  0x0000000000005cec        0xa contiki-sky.a(leds.o)
                0x0000000000005cec                leds_on
 .text.leds_off
                0x0000000000005cf6        0xe contiki-sky.a(leds.o)
                0x0000000000005cf6                leds_off
 .text.leds_arch_init
                0x0000000000005d04        0xe contiki-sky.a(leds-arch.o)
                0x0000000000005d04                leds_arch_init
 .text.leds_arch_set
                0x0000000000005d12       0x3a contiki-sky.a(leds-arch.o)
                0x0000000000005d12                leds_arch_set
 .text.watchdog_interrupt
                0x0000000000005d4c        0x6 contiki-sky.a(watchdog.o)
                0x0000000000005d4c                __isr_10
                0x0000000000005d4c                watchdog_interrupt
 .text.watchdog_start
                0x0000000000005d52       0x14 contiki-sky.a(watchdog.o)
                0x0000000000005d52                watchdog_start
 .text.watchdog_periodic
                0x0000000000005d66       0x12 contiki-sky.a(watchdog.o)
                0x0000000000005d66                watchdog_periodic
 .text.watchdog_stop
                0x0000000000005d78       0x16 contiki-sky.a(watchdog.o)
                0x0000000000005d78                watchdog_stop
 .text.watchdog_init
                0x0000000000005d8e       0x14 contiki-sky.a(watchdog.o)
                0x0000000000005d8e                watchdog_init
 .text.rtimer_arch_init
                0x0000000000005da2        0xe contiki-sky.a(rtimer-arch.o)
                0x0000000000005da2                rtimer_arch_init
 .text.rtimer_arch_now
                0x0000000000005db0        0xe contiki-sky.a(rtimer-arch.o)
                0x0000000000005db0                rtimer_arch_now
 .text.timera0  0x0000000000005dbe       0x70 contiki-sky.a(rtimer-arch.o)
                0x0000000000005dbe                __isr_6
                0x0000000000005dbe                timera0
 .text.rtimer_arch_schedule
                0x0000000000005e2e        0x6 contiki-sky.a(rtimer-arch.o)
                0x0000000000005e2e                rtimer_arch_schedule
 .text.autostart_start
                0x0000000000005e34       0x16 contiki-sky.a(autostart.o)
                0x0000000000005e34                autostart_start
 .text.process_thread_ctimer_process
                0x0000000000005e4a       0xa4 contiki-sky.a(ctimer.o)
 .text.ctimer_init
                0x0000000000005eee       0x18 contiki-sky.a(ctimer.o)
                0x0000000000005eee                ctimer_init
 .text.ctimer_set_with_process
                0x0000000000005f06       0x4e contiki-sky.a(ctimer.o)
                0x0000000000005f06                ctimer_set_with_process
 .text.ctimer_set
                0x0000000000005f54       0x10 contiki-sky.a(ctimer.o)
                0x0000000000005f54                ctimer_set
 .text.ctimer_reset
                0x0000000000005f64       0x30 contiki-sky.a(ctimer.o)
                0x0000000000005f64                ctimer_reset
 .text.ctimer_restart
                0x0000000000005f94       0x30 contiki-sky.a(ctimer.o)
                0x0000000000005f94                ctimer_restart
 .text.ctimer_stop
                0x0000000000005fc4       0x28 contiki-sky.a(ctimer.o)
                0x0000000000005fc4                ctimer_stop
 .text.energest_init
                0x0000000000005fec       0x28 contiki-sky.a(energest.o)
                0x0000000000005fec                energest_init
 .text.energest_type_time
                0x0000000000006014       0x46 contiki-sky.a(energest.o)
                0x0000000000006014                energest_type_time
 .text.energest_type_set
                0x000000000000605a        0xe contiki-sky.a(energest.o)
                0x000000000000605a                energest_type_set
 .text.energest_flush
                0x0000000000006068       0x48 contiki-sky.a(energest.o)
                0x0000000000006068                energest_flush
 .text.stimer_set
                0x00000000000060b0       0x1c contiki-sky.a(stimer.o)
                0x00000000000060b0                stimer_set
 .text.stimer_expired
                0x00000000000060cc       0x30 contiki-sky.a(stimer.o)
                0x00000000000060cc                stimer_expired
 .text.stimer_remaining
                0x00000000000060fc       0x28 contiki-sky.a(stimer.o)
                0x00000000000060fc                stimer_remaining
 .text.update_time
                0x0000000000006124       0x78 contiki-sky.a(etimer.o)
 .text.etimer_request_poll
                0x000000000000619c        0xa contiki-sky.a(etimer.o)
                0x000000000000619c                etimer_request_poll
 .text.process_thread_etimer_process
                0x00000000000061a6       0xc8 contiki-sky.a(etimer.o)
 .text.add_timer
                0x000000000000626e       0x40 contiki-sky.a(etimer.o)
 .text.etimer_set
                0x00000000000062ae       0x12 contiki-sky.a(etimer.o)
                0x00000000000062ae                etimer_set
 .text.etimer_reset
                0x00000000000062c0       0x12 contiki-sky.a(etimer.o)
                0x00000000000062c0                etimer_reset
 .text.etimer_restart
                0x00000000000062d2       0x12 contiki-sky.a(etimer.o)
                0x00000000000062d2                etimer_restart
 .text.etimer_expired
                0x00000000000062e4        0xe contiki-sky.a(etimer.o)
                0x00000000000062e4                etimer_expired
 .text.etimer_expiration_time
                0x00000000000062f2       0x14 contiki-sky.a(etimer.o)
                0x00000000000062f2                etimer_expiration_time
 .text.etimer_pending
                0x0000000000006306        0xc contiki-sky.a(etimer.o)
                0x0000000000006306                etimer_pending
 .text.etimer_next_expiration_time
                0x0000000000006312       0x16 contiki-sky.a(etimer.o)
                0x0000000000006312                etimer_next_expiration_time
 .text.etimer_stop
                0x0000000000006328       0x3c contiki-sky.a(etimer.o)
                0x0000000000006328                etimer_stop
 .text.call_process
                0x0000000000006364       0x4a contiki-sky.a(process.o)
 .text.exit_process
                0x00000000000063ae       0x96 contiki-sky.a(process.o)
 .text.do_poll  0x0000000000006444       0x30 contiki-sky.a(process.o)
 .text.process_alloc_event
                0x0000000000006474        0xe contiki-sky.a(process.o)
                0x0000000000006474                process_alloc_event
 .text.process_init
                0x0000000000006482       0x1c contiki-sky.a(process.o)
                0x0000000000006482                process_init
 .text.process_run
                0x000000000000649e       0x92 contiki-sky.a(process.o)
                0x000000000000649e                process_run
 .text.process_nevents
                0x0000000000006530        0xe contiki-sky.a(process.o)
                0x0000000000006530                process_nevents
 .text.process_post
                0x000000000000653e       0x4e contiki-sky.a(process.o)
                0x000000000000653e                process_post
 .text.process_post_synch
                0x000000000000658c       0x12 contiki-sky.a(process.o)
                0x000000000000658c                process_post_synch
 .text.process_start
                0x000000000000659e       0x32 contiki-sky.a(process.o)
                0x000000000000659e                process_start
 .text.process_poll
                0x00000000000065d0       0x18 contiki-sky.a(process.o)
                0x00000000000065d0                process_poll
 .text.rtimer_init
                0x00000000000065e8        0x6 contiki-sky.a(rtimer.o)
                0x00000000000065e8                rtimer_init
 .text.rtimer_run_next
                0x00000000000065ee       0x26 contiki-sky.a(rtimer.o)
                0x00000000000065ee                rtimer_run_next
 .text.timer_set
                0x0000000000006614       0x1c contiki-sky.a(timer.o)
                0x0000000000006614                timer_set
 .text.timer_reset
                0x0000000000006630        0xe contiki-sky.a(timer.o)
                0x0000000000006630                timer_reset
 .text.timer_restart
                0x000000000000663e       0x14 contiki-sky.a(timer.o)
                0x000000000000663e                timer_restart
 .text.timer_expired
                0x0000000000006652       0x2a contiki-sky.a(timer.o)
                0x0000000000006652                timer_expired
 .text.list_init
                0x000000000000667c        0x6 contiki-sky.a(list.o)
                0x000000000000667c                list_init
 .text.list_head
                0x0000000000006682        0x4 contiki-sky.a(list.o)
                0x0000000000006682                list_head
 .text.list_tail
                0x0000000000006686       0x12 contiki-sky.a(list.o)
                0x0000000000006686                list_tail
 .text.list_remove
                0x0000000000006698       0x34 contiki-sky.a(list.o)
                0x0000000000006698                list_remove
 .text.list_push
                0x00000000000066cc       0x1a contiki-sky.a(list.o)
                0x00000000000066cc                list_push
 .text.list_add
                0x00000000000066e6       0x2a contiki-sky.a(list.o)
                0x00000000000066e6                list_add
 .text.list_length
                0x0000000000006710       0x10 contiki-sky.a(list.o)
                0x0000000000006710                list_length
 .text.list_item_next
                0x0000000000006720        0xc contiki-sky.a(list.o)
                0x0000000000006720                list_item_next
 .text.random_init
                0x000000000000672c        0x6 contiki-sky.a(random.o)
                0x000000000000672c                random_init
 .text.random_rand
                0x0000000000006732        0x6 contiki-sky.a(random.o)
                0x0000000000006732                random_rand
 .text.uip_ds6_list_loop
                0x0000000000006738       0x86 contiki-sky.a(uip-ds6.o)
                0x0000000000006738                uip_ds6_list_loop
 .text.uip_ds6_prefix_add
                0x00000000000067be       0x80 contiki-sky.a(uip-ds6.o)
                0x00000000000067be                uip_ds6_prefix_add
 .text.uip_ds6_is_addr_onlink
                0x000000000000683e       0x54 contiki-sky.a(uip-ds6.o)
                0x000000000000683e                uip_ds6_is_addr_onlink
 .text.uip_ds6_addr_lookup
                0x0000000000006892       0x2a contiki-sky.a(uip-ds6.o)
                0x0000000000006892                uip_ds6_addr_lookup
 .text.uip_ds6_get_link_local
                0x00000000000068bc       0x3e contiki-sky.a(uip-ds6.o)
                0x00000000000068bc                uip_ds6_get_link_local
 .text.uip_ds6_maddr_add
                0x00000000000068fa       0x4c contiki-sky.a(uip-ds6.o)
                0x00000000000068fa                uip_ds6_maddr_add
 .text.uip_ds6_addr_add
                0x0000000000006946       0xc4 contiki-sky.a(uip-ds6.o)
                0x0000000000006946                uip_ds6_addr_add
 .text.uip_ds6_maddr_lookup
                0x0000000000006a0a       0x2a contiki-sky.a(uip-ds6.o)
                0x0000000000006a0a                uip_ds6_maddr_lookup
 .text.uip_ds6_addr_rm
                0x0000000000006a34       0x54 contiki-sky.a(uip-ds6.o)
                0x0000000000006a34                uip_ds6_addr_rm
 .text.uip_ds6_periodic
                0x0000000000006a88       0x46 contiki-sky.a(uip-ds6.o)
                0x0000000000006a88                uip_ds6_periodic
 .text.uip_ds6_set_addr_iid
                0x0000000000006ace       0x14 contiki-sky.a(uip-ds6.o)
                0x0000000000006ace                uip_ds6_set_addr_iid
 .text.get_match_length
                0x0000000000006ae2       0x3e contiki-sky.a(uip-ds6.o)
                0x0000000000006ae2                get_match_length
 .text.uip_ds6_select_src
                0x0000000000006b20       0xaa contiki-sky.a(uip-ds6.o)
                0x0000000000006b20                uip_ds6_select_src
 .text.uip_ds6_compute_reachable_time
                0x0000000000006bca       0x3e contiki-sky.a(uip-ds6.o)
                0x0000000000006bca                uip_ds6_compute_reachable_time
 .text.uip_ds6_init
                0x0000000000006c08      0x154 contiki-sky.a(uip-ds6.o)
                0x0000000000006c08                uip_ds6_init
 .text.call_route_callback
                0x0000000000006d5c       0x4c contiki-sky.a(uip-ds6-route.o)
 .text.uip_ds6_route_init
                0x0000000000006da8       0x36 contiki-sky.a(uip-ds6-route.o)
                0x0000000000006da8                uip_ds6_route_init
 .text.uip_ds6_route_nexthop
                0x0000000000006dde       0x1a contiki-sky.a(uip-ds6-route.o)
                0x0000000000006dde                uip_ds6_route_nexthop
 .text.uip_ds6_route_head
                0x0000000000006df8        0xa contiki-sky.a(uip-ds6-route.o)
                0x0000000000006df8                uip_ds6_route_head
 .text.uip_ds6_route_next
                0x0000000000006e02        0xe contiki-sky.a(uip-ds6-route.o)
                0x0000000000006e02                uip_ds6_route_next
 .text.uip_ds6_route_is_nexthop
                0x0000000000006e10       0x1e contiki-sky.a(uip-ds6-route.o)
                0x0000000000006e10                uip_ds6_route_is_nexthop
 .text.uip_ds6_route_lookup
                0x0000000000006e2e       0x8c contiki-sky.a(uip-ds6-route.o)
                0x0000000000006e2e                uip_ds6_route_lookup
 .text.uip_ds6_route_rm
                0x0000000000006eba       0xa4 contiki-sky.a(uip-ds6-route.o)
                0x0000000000006eba                uip_ds6_route_rm
 .text.rm_routelist
                0x0000000000006f5e       0x34 contiki-sky.a(uip-ds6-route.o)
 .text.rm_routelist_callback
                0x0000000000006f92        0x6 contiki-sky.a(uip-ds6-route.o)
 .text.uip_ds6_route_add
                0x0000000000006f98      0x110 contiki-sky.a(uip-ds6-route.o)
                0x0000000000006f98                uip_ds6_route_add
 .text.uip_ds6_defrt_rm
                0x00000000000070a8       0x48 contiki-sky.a(uip-ds6-route.o)
                0x00000000000070a8                uip_ds6_defrt_rm
 .text.uip_ds6_defrt_lookup
                0x00000000000070f0       0x36 contiki-sky.a(uip-ds6-route.o)
                0x00000000000070f0                uip_ds6_defrt_lookup
 .text.uip_ds6_defrt_add
                0x0000000000007126       0x74 contiki-sky.a(uip-ds6-route.o)
                0x0000000000007126                uip_ds6_defrt_add
 .text.uip_ds6_defrt_choose
                0x000000000000719a       0x3a contiki-sky.a(uip-ds6-route.o)
                0x000000000000719a                uip_ds6_defrt_choose
 .text.uip_ds6_defrt_periodic
                0x00000000000071d4       0x38 contiki-sky.a(uip-ds6-route.o)
                0x00000000000071d4                uip_ds6_defrt_periodic
 .text.chksum   0x000000000000720c       0x32 contiki-sky.a(uip6.o)
 .text.upper_layer_chksum
                0x000000000000723e       0x56 contiki-sky.a(uip6.o)
 .text.ext_hdr_options_process
                0x0000000000007294       0xda contiki-sky.a(uip6.o)
 .text.uip_add32
                0x000000000000736e       0x68 contiki-sky.a(uip6.o)
                0x000000000000736e                uip_add32
 .text.unlikely.uip_add_rcv_nxt
                0x00000000000073d6       0x2e contiki-sky.a(uip6.o)
 .text.uip_icmp6chksum
                0x0000000000007404        0xa contiki-sky.a(uip6.o)
                0x0000000000007404                uip_icmp6chksum
 .text.uip_tcpchksum
                0x000000000000740e        0xa contiki-sky.a(uip6.o)
                0x000000000000740e                uip_tcpchksum
 .text.uip_udpchksum
                0x0000000000007418        0xa contiki-sky.a(uip6.o)
                0x0000000000007418                uip_udpchksum
 .text.uip_init
                0x0000000000007422       0x56 contiki-sky.a(uip6.o)
                0x0000000000007422                uip_init
 .text.remove_ext_hdr
                0x0000000000007478       0x56 contiki-sky.a(uip6.o)
                0x0000000000007478                remove_ext_hdr
 .text.uip_udp_new
                0x00000000000074ce       0xac contiki-sky.a(uip6.o)
                0x00000000000074ce                uip_udp_new
 .text.uip_unlisten
                0x000000000000757a       0x1e contiki-sky.a(uip6.o)
                0x000000000000757a                uip_unlisten
 .text.uip_process
                0x0000000000007598      0xe18 contiki-sky.a(uip6.o)
                0x0000000000007598                uip_process
 .text.uip_htonl
                0x00000000000083b0       0x2e contiki-sky.a(uip6.o)
                0x00000000000083b0                uip_htonl
 .text.uip_ds6_nbr_rm
                0x00000000000083de       0x1e contiki-sky.a(uip-ds6-nbr.o)
                0x00000000000083de                uip_ds6_nbr_rm
 .text.uip_ds6_neighbors_init
                0x00000000000083fc       0x12 contiki-sky.a(uip-ds6-nbr.o)
                0x00000000000083fc                uip_ds6_neighbors_init
 .text.uip_ds6_nbr_add
                0x000000000000840e       0x3e contiki-sky.a(uip-ds6-nbr.o)
                0x000000000000840e                uip_ds6_nbr_add
 .text.uip_ds6_nbr_get_ll
                0x000000000000844c        0xc contiki-sky.a(uip-ds6-nbr.o)
                0x000000000000844c                uip_ds6_nbr_get_ll
 .text.uip_ds6_nbr_lookup
                0x0000000000008458       0x42 contiki-sky.a(uip-ds6-nbr.o)
                0x0000000000008458                uip_ds6_nbr_lookup
 .text.uip_ds6_nbr_ll_lookup
                0x000000000000849a        0xc contiki-sky.a(uip-ds6-nbr.o)
                0x000000000000849a                uip_ds6_nbr_ll_lookup
 .text.uip_ds6_nbr_ipaddr_from_lladdr
                0x00000000000084a6        0x6 contiki-sky.a(uip-ds6-nbr.o)
                0x00000000000084a6                uip_ds6_nbr_ipaddr_from_lladdr
 .text.uip_ds6_nbr_lladdr_from_ipaddr
                0x00000000000084ac       0x12 contiki-sky.a(uip-ds6-nbr.o)
                0x00000000000084ac                uip_ds6_nbr_lladdr_from_ipaddr
 .text.uip_ds6_link_neighbor_callback
                0x00000000000084be       0x36 contiki-sky.a(uip-ds6-nbr.o)
                0x00000000000084be                uip_ds6_link_neighbor_callback
 .text.ns_input
                0x00000000000084f4      0x266 contiki-sky.a(uip-nd6.o)
 .text.uip_nd6_init
                0x000000000000875a        0xa contiki-sky.a(uip-nd6.o)
                0x000000000000875a                uip_nd6_init
 .text.clear_fragments
                0x0000000000008764       0x42 contiki-sky.a(sicslowpan.o)
 .text.set_packet_attrs
                0x00000000000087a6       0x44 contiki-sky.a(sicslowpan.o)
 .text.addr_context_lookup_by_number
                0x00000000000087ea       0x36 contiki-sky.a(sicslowpan.o)
 .text.compress_addr_64
                0x0000000000008820       0xae contiki-sky.a(sicslowpan.o)
 .text.store_fragment
                0x00000000000088ce       0xc8 contiki-sky.a(sicslowpan.o)
 .text.add_fragment
                0x0000000000008996      0x1ee contiki-sky.a(sicslowpan.o)
 .text.uncompress_addr
                0x0000000000008b84       0xb4 contiki-sky.a(sicslowpan.o)
 .text.input    0x0000000000008c38      0x6f0 contiki-sky.a(sicslowpan.o)
 .text.sicslowpan_init
                0x0000000000009328       0x24 contiki-sky.a(sicslowpan.o)
                0x0000000000009328                sicslowpan_init
 .text.addr_context_lookup_by_prefix
                0x000000000000934c       0x4c contiki-sky.a(sicslowpan.o)
 .text.send_packet
                0x0000000000009398       0x1a contiki-sky.a(sicslowpan.o)
 .text.output   0x00000000000093b2      0x6d0 contiki-sky.a(sicslowpan.o)
 .text.packet_sent
                0x0000000000009a82       0x22 contiki-sky.a(sicslowpan.o)
 .text.uip_udp_packet_send
                0x0000000000009aa4       0x2a contiki-sky.a(uip-udp-packet.)
                0x0000000000009aa4                uip_udp_packet_send
 .text.uip_udp_packet_sendto
                0x0000000000009ace       0x66 contiki-sky.a(uip-udp-packet.)
                0x0000000000009ace                uip_udp_packet_sendto
 .text.start_periodic_tcp_timer
                0x0000000000009b34       0x16 contiki-sky.a(tcpip.o)
 .text.tcpip_output
                0x0000000000009b4a       0x10 contiki-sky.a(tcpip.o)
                0x0000000000009b4a                tcpip_output
 .text.tcpip_set_outputfunc
                0x0000000000009b5a        0x6 contiki-sky.a(tcpip.o)
                0x0000000000009b5a                tcpip_set_outputfunc
 .text.udp_new  0x0000000000009b60       0x1a contiki-sky.a(tcpip.o)
                0x0000000000009b60                udp_new
 .text.tcpip_input
                0x0000000000009b7a       0x16 contiki-sky.a(tcpip.o)
                0x0000000000009b7a                tcpip_input
 .text.tcpip_ipv6_output
                0x0000000000009b90       0xc0 contiki-sky.a(tcpip.o)
                0x0000000000009b90                tcpip_ipv6_output
 .text.process_thread_tcpip_process
                0x0000000000009c50      0x1b6 contiki-sky.a(tcpip.o)
 .text.tcpip_uipcall
                0x0000000000009e06       0x64 contiki-sky.a(tcpip.o)
                0x0000000000009e06                tcpip_uipcall
 .text.uip_debug_ipaddr_print
                0x0000000000009e6a       0xc6 contiki-sky.a(uip-debug.o)
                0x0000000000009e6a                uip_debug_ipaddr_print
 .text.lollipop_greater_than
                0x0000000000009f30       0x44 contiki-sky.a(rpl-dag.o)
 .text.acceptable_rank
                0x0000000000009f74       0x50 contiki-sky.a(rpl-dag.o)
 .text.find_parent_any_dag_any_instance
                0x0000000000009fc4       0x14 contiki-sky.a(rpl-dag.o)
 .text.rpl_set_preferred_parent
                0x0000000000009fd8       0x30 contiki-sky.a(rpl-dag.o)
 .text.set_ip_from_prefix
                0x000000000000a008       0x38 contiki-sky.a(rpl-dag.o)
 .text.check_prefix
                0x000000000000a040       0x80 contiki-sky.a(rpl-dag.o)
 .text.rpl_dag_init
                0x000000000000a0c0        0xe contiki-sky.a(rpl-dag.o)
                0x000000000000a0c0                rpl_dag_init
 .text.rpl_get_parent
                0x000000000000a0ce        0xc contiki-sky.a(rpl-dag.o)
                0x000000000000a0ce                rpl_get_parent
 .text.rpl_rank_via_parent
                0x000000000000a0da       0x2e contiki-sky.a(rpl-dag.o)
                0x000000000000a0da                rpl_rank_via_parent
 .text.rpl_get_parent_lladdr
                0x000000000000a108        0xc contiki-sky.a(rpl-dag.o)
                0x000000000000a108                rpl_get_parent_lladdr
 .text.rpl_get_parent_ipaddr
                0x000000000000a114        0xa contiki-sky.a(rpl-dag.o)
                0x000000000000a114                rpl_get_parent_ipaddr
 .text.rpl_get_parent_link_stats
                0x000000000000a11e        0xa contiki-sky.a(rpl-dag.o)
                0x000000000000a11e                rpl_get_parent_link_stats
 .text.rpl_parent_is_fresh
                0x000000000000a128        0xa contiki-sky.a(rpl-dag.o)
                0x000000000000a128                rpl_parent_is_fresh
 .text.best_parent
                0x000000000000a132       0x80 contiki-sky.a(rpl-dag.o)
 .text.rpl_parent_is_reachable
                0x000000000000a1b2       0x46 contiki-sky.a(rpl-dag.o)
                0x000000000000a1b2                rpl_parent_is_reachable
 .text.rpl_set_prefix
                0x000000000000a1f8       0x8e contiki-sky.a(rpl-dag.o)
                0x000000000000a1f8                rpl_set_prefix
 .text.rpl_set_default_route
                0x000000000000a286       0x3e contiki-sky.a(rpl-dag.o)
                0x000000000000a286                rpl_set_default_route
 .text.rpl_alloc_instance
                0x000000000000a2c4       0x34 contiki-sky.a(rpl-dag.o)
                0x000000000000a2c4                rpl_alloc_instance
 .text.rpl_add_parent
                0x000000000000a2f8       0x3e contiki-sky.a(rpl-dag.o)
                0x000000000000a2f8                rpl_add_parent
 .text.rpl_find_parent
                0x000000000000a336       0x18 contiki-sky.a(rpl-dag.o)
                0x000000000000a336                rpl_find_parent
 .text.rpl_find_parent_any_dag
                0x000000000000a34e       0x20 contiki-sky.a(rpl-dag.o)
                0x000000000000a34e                rpl_find_parent_any_dag
 .text.rpl_select_parent
                0x000000000000a36e       0x66 contiki-sky.a(rpl-dag.o)
                0x000000000000a36e                rpl_select_parent
 .text.rpl_select_dag
                0x000000000000a3d4      0x17e contiki-sky.a(rpl-dag.o)
                0x000000000000a3d4                rpl_select_dag
 .text.rpl_nullify_parent
                0x000000000000a552       0x60 contiki-sky.a(rpl-dag.o)
                0x000000000000a552                rpl_nullify_parent
 .text.rpl_remove_parent
                0x000000000000a5b2       0x16 contiki-sky.a(rpl-dag.o)
                0x000000000000a5b2                rpl_remove_parent
 .text.nbr_callback
                0x000000000000a5c8        0x6 contiki-sky.a(rpl-dag.o)
 .text.remove_parents.constprop.3
                0x000000000000a5ce       0x30 contiki-sky.a(rpl-dag.o)
 .text.rpl_free_dag
                0x000000000000a5fe       0x44 contiki-sky.a(rpl-dag.o)
                0x000000000000a5fe                rpl_free_dag
 .text.rpl_move_parent
                0x000000000000a642       0x68 contiki-sky.a(rpl-dag.o)
                0x000000000000a642                rpl_move_parent
 .text.rpl_get_dag
                0x000000000000a6aa       0x86 contiki-sky.a(rpl-dag.o)
                0x000000000000a6aa                rpl_get_dag
 .text.rpl_get_any_dag
                0x000000000000a730       0x18 contiki-sky.a(rpl-dag.o)
                0x000000000000a730                rpl_get_any_dag
 .text.rpl_get_instance
                0x000000000000a748       0x1a contiki-sky.a(rpl-dag.o)
                0x000000000000a748                rpl_get_instance
 .text.rpl_alloc_dag
                0x000000000000a762       0x60 contiki-sky.a(rpl-dag.o)
                0x000000000000a762                rpl_alloc_dag
 .text.rpl_repair_root
                0x000000000000a7c2       0x50 contiki-sky.a(rpl-dag.o)
                0x000000000000a7c2                rpl_repair_root
 .text.rpl_find_of
                0x000000000000a812       0x10 contiki-sky.a(rpl-dag.o)
                0x000000000000a812                rpl_find_of
 .text.rpl_join_instance
                0x000000000000a822      0x158 contiki-sky.a(rpl-dag.o)
                0x000000000000a822                rpl_join_instance
 .text.rpl_local_repair
                0x000000000000a97a       0x9a contiki-sky.a(rpl-dag.o)
                0x000000000000a97a                rpl_local_repair
 .text.rpl_process_parent_event
                0x000000000000aa14       0x8e contiki-sky.a(rpl-dag.o)
                0x000000000000aa14                rpl_process_parent_event
 .text.rpl_recalculate_ranks
                0x000000000000aaa2       0x46 contiki-sky.a(rpl-dag.o)
                0x000000000000aaa2                rpl_recalculate_ranks
 .text.rpl_add_dag
                0x000000000000aae8      0x114 contiki-sky.a(rpl-dag.o)
                0x000000000000aae8                rpl_add_dag
 .text.rpl_process_dio
                0x000000000000abfc      0x332 contiki-sky.a(rpl-dag.o)
                0x000000000000abfc                rpl_process_dio
 .text.handle_unicast_dio_timer
                0x000000000000af2e       0x1c contiki-sky.a(rpl-timers.o)
 .text.new_dio_interval
                0x000000000000af4a       0x92 contiki-sky.a(rpl-timers.o)
 .text.handle_periodic_timer
                0x000000000000afdc       0x50 contiki-sky.a(rpl-timers.o)
 .text.set_dao_lifetime_timer.part.0
                0x000000000000b02c       0x66 contiki-sky.a(rpl-timers.o)
 .text.schedule_dao
                0x000000000000b092       0x90 contiki-sky.a(rpl-timers.o)
 .text.handle_dio_timer
                0x000000000000b122       0x88 contiki-sky.a(rpl-timers.o)
 .text.handle_dao_timer
                0x000000000000b1aa       0x72 contiki-sky.a(rpl-timers.o)
 .text.rpl_reset_periodic_timer
                0x000000000000b21c       0x60 contiki-sky.a(rpl-timers.o)
                0x000000000000b21c                rpl_reset_periodic_timer
 .text.rpl_reset_dio_timer
                0x000000000000b27c       0x18 contiki-sky.a(rpl-timers.o)
                0x000000000000b27c                rpl_reset_dio_timer
 .text.rpl_schedule_dao
                0x000000000000b294        0xc contiki-sky.a(rpl-timers.o)
                0x000000000000b294                rpl_schedule_dao
 .text.rpl_schedule_unicast_dio_immediately
                0x000000000000b2a0       0x16 contiki-sky.a(rpl-timers.o)
                0x000000000000b2a0                rpl_schedule_unicast_dio_immediately
 .text.get_probing_delay
                0x000000000000b2b6       0x40 contiki-sky.a(rpl-timers.o)
                0x000000000000b2b6                get_probing_delay
 .text.get_probing_target
                0x000000000000b2f6       0xf6 contiki-sky.a(rpl-timers.o)
                0x000000000000b2f6                get_probing_target
 .text.rpl_schedule_probing
                0x000000000000b3ec       0x26 contiki-sky.a(rpl-timers.o)
                0x000000000000b3ec                rpl_schedule_probing
 .text.handle_probing_timer
                0x000000000000b412       0x3c contiki-sky.a(rpl-timers.o)
 .text.update_hbh_header
                0x000000000000b44e       0xcc contiki-sky.a(rpl-ext-header.)
 .text.insert_hbh_header
                0x000000000000b51a       0x9c contiki-sky.a(rpl-ext-header.)
 .text.rpl_verify_hbh_header
                0x000000000000b5b6      0x104 contiki-sky.a(rpl-ext-header.)
                0x000000000000b5b6                rpl_verify_hbh_header
 .text.rpl_remove_header
                0x000000000000b6ba       0x7a contiki-sky.a(rpl-ext-header.)
                0x000000000000b6ba                rpl_remove_header
 .text.rpl_update_header
                0x000000000000b734       0x64 contiki-sky.a(rpl-ext-header.)
                0x000000000000b734                rpl_update_header
 .text.rpl_get_mode
                0x000000000000b798        0x6 contiki-sky.a(rpl.o)
                0x000000000000b798                rpl_get_mode
 .text.rpl_purge_routes
                0x000000000000b79e       0x94 contiki-sky.a(rpl.o)
                0x000000000000b79e                rpl_purge_routes
 .text.rpl_remove_routes
                0x000000000000b832       0x22 contiki-sky.a(rpl.o)
                0x000000000000b832                rpl_remove_routes
 .text.rpl_remove_routes_by_nexthop
                0x000000000000b854       0x46 contiki-sky.a(rpl.o)
                0x000000000000b854                rpl_remove_routes_by_nexthop
 .text.rpl_add_route
                0x000000000000b89a       0x52 contiki-sky.a(rpl.o)
                0x000000000000b89a                rpl_add_route
 .text.rpl_link_neighbor_callback
                0x000000000000b8ec       0x4c contiki-sky.a(rpl.o)
                0x000000000000b8ec                rpl_link_neighbor_callback
 .text.rpl_ipv6_neighbor_callback
                0x000000000000b938       0x1e contiki-sky.a(rpl.o)
                0x000000000000b938                rpl_ipv6_neighbor_callback
 .text.rpl_purge_dags
                0x000000000000b956       0x6e contiki-sky.a(rpl.o)
                0x000000000000b956                rpl_purge_dags
 .text.rpl_init
                0x000000000000b9c4       0x44 contiki-sky.a(rpl.o)
                0x000000000000b9c4                rpl_init
 .text.reset    0x000000000000ba08        0x2 contiki-sky.a(rpl-mrhof.o)
 .text.update_metric_container
                0x000000000000ba0a        0x6 contiki-sky.a(rpl-mrhof.o)
 .text.parent_link_metric
                0x000000000000ba10       0x10 contiki-sky.a(rpl-mrhof.o)
 .text.parent_has_usable_link
                0x000000000000ba20       0x14 contiki-sky.a(rpl-mrhof.o)
 .text.best_dag
                0x000000000000ba34       0x34 contiki-sky.a(rpl-mrhof.o)
 .text.parent_path_cost
                0x000000000000ba68       0x44 contiki-sky.a(rpl-mrhof.o)
 .text.parent_is_acceptable
                0x000000000000baac       0x2a contiki-sky.a(rpl-mrhof.o)
 .text.best_parent
                0x000000000000bad6       0x88 contiki-sky.a(rpl-mrhof.o)
 .text.rank_via_parent
                0x000000000000bb5e       0x56 contiki-sky.a(rpl-mrhof.o)
 .text.parse    0x000000000000bbb4       0xa6 contiki-sky.a(framer-802154.o)
 .text.create_frame.isra.0
                0x000000000000bc5a      0x118 contiki-sky.a(framer-802154.o)
 .text.create   0x000000000000bd72        0x8 contiki-sky.a(framer-802154.o)
 .text.hdr_length
                0x000000000000bd7a        0x8 contiki-sky.a(framer-802154.o)
 .text.input_packet
                0x000000000000bd82        0x6 contiki-sky.a(csma.o)
 .text.on       0x000000000000bd88        0x6 contiki-sky.a(csma.o)
 .text.off      0x000000000000bd8e        0x6 contiki-sky.a(csma.o)
 .text.channel_check_interval
                0x000000000000bd94       0x10 contiki-sky.a(csma.o)
 .text.transmit_packet_list
                0x000000000000bda4       0x24 contiki-sky.a(csma.o)
 .text.schedule_transmission
                0x000000000000bdc8       0x96 contiki-sky.a(csma.o)
 .text.send_packet
                0x000000000000be5e      0x164 contiki-sky.a(csma.o)
 .text.init     0x000000000000bfc2       0x1a contiki-sky.a(csma.o)
 .text.tx_done  0x000000000000bfdc       0x9a contiki-sky.a(csma.o)
 .text.packet_sent
                0x000000000000c076       0xd2 contiki-sky.a(csma.o)
 .text.on       0x000000000000c148        0x6 contiki-sky.a(nullrdc.o)
 .text.channel_check_interval
                0x000000000000c14e        0x4 contiki-sky.a(nullrdc.o)
 .text.init     0x000000000000c152        0x6 contiki-sky.a(nullrdc.o)
 .text.send_one_packet
                0x000000000000c158      0x116 contiki-sky.a(nullrdc.o)
 .text.send_list
                0x000000000000c26e       0x30 contiki-sky.a(nullrdc.o)
 .text.send_packet
                0x000000000000c29e        0x6 contiki-sky.a(nullrdc.o)
 .text.off      0x000000000000c2a4       0x10 contiki-sky.a(nullrdc.o)
 .text.packet_input
                0x000000000000c2b4       0x3c contiki-sky.a(nullrdc.o)
 .text.queuebuf_init
                0x000000000000c2f0       0x12 contiki-sky.a(queuebuf.o)
                0x000000000000c2f0                queuebuf_init
 .text.queuebuf_numfree
                0x000000000000c302        0xa contiki-sky.a(queuebuf.o)
                0x000000000000c302                queuebuf_numfree
 .text.queuebuf_new_from_packetbuf
                0x000000000000c30c       0x52 contiki-sky.a(queuebuf.o)
                0x000000000000c30c                queuebuf_new_from_packetbuf
 .text.queuebuf_update_attr_from_packetbuf
                0x000000000000c35e       0x12 contiki-sky.a(queuebuf.o)
                0x000000000000c35e                queuebuf_update_attr_from_packetbuf
 .text.queuebuf_free
                0x000000000000c370       0x2a contiki-sky.a(queuebuf.o)
                0x000000000000c370                queuebuf_free
 .text.queuebuf_to_packetbuf
                0x000000000000c39a       0x32 contiki-sky.a(queuebuf.o)
                0x000000000000c39a                queuebuf_to_packetbuf
 .text.queuebuf_attr
                0x000000000000c3cc        0xe contiki-sky.a(queuebuf.o)
                0x000000000000c3cc                queuebuf_attr
 .text.index_from_key
                0x000000000000c3da       0x48 contiki-sky.a(nbr-table.o)
 .text.item_from_key
                0x000000000000c422       0x34 contiki-sky.a(nbr-table.o)
 .text.nbr_set_bit
                0x000000000000c456       0x8e contiki-sky.a(nbr-table.o)
 .text.index_from_lladdr
                0x000000000000c4e4       0x42 contiki-sky.a(nbr-table.o)
 .text.nbr_get_bit.constprop.0
                0x000000000000c526       0x62 contiki-sky.a(nbr-table.o)
 .text.remove_key
                0x000000000000c588       0x60 contiki-sky.a(nbr-table.o)
 .text.nbr_table_register
                0x000000000000c5e8       0x28 contiki-sky.a(nbr-table.o)
                0x000000000000c5e8                nbr_table_register
 .text.nbr_table_next
                0x000000000000c610       0x90 contiki-sky.a(nbr-table.o)
                0x000000000000c610                nbr_table_next
 .text.nbr_table_head
                0x000000000000c6a0       0x36 contiki-sky.a(nbr-table.o)
                0x000000000000c6a0                nbr_table_head
 .text.nbr_table_add_lladdr
                0x000000000000c6d6      0x136 contiki-sky.a(nbr-table.o)
                0x000000000000c6d6                nbr_table_add_lladdr
 .text.nbr_table_get_from_lladdr
                0x000000000000c80c       0x48 contiki-sky.a(nbr-table.o)
                0x000000000000c80c                nbr_table_get_from_lladdr
 .text.nbr_table_remove
                0x000000000000c854       0x32 contiki-sky.a(nbr-table.o)
                0x000000000000c854                nbr_table_remove
 .text.nbr_table_lock
                0x000000000000c886       0x10 contiki-sky.a(nbr-table.o)
                0x000000000000c886                nbr_table_lock
 .text.nbr_table_unlock
                0x000000000000c896       0x10 contiki-sky.a(nbr-table.o)
                0x000000000000c896                nbr_table_unlock
 .text.nbr_table_get_lladdr
                0x000000000000c8a6       0x5a contiki-sky.a(nbr-table.o)
                0x000000000000c8a6                nbr_table_get_lladdr
 .text.nbr_table_update_lladdr
                0x000000000000c900       0x68 contiki-sky.a(nbr-table.o)
                0x000000000000c900                nbr_table_update_lladdr
 .text.packetbuf_hdrreduce
                0x000000000000c968       0x1a contiki-sky.a(packetbuf.o)
                0x000000000000c968                packetbuf_hdrreduce
 .text.packetbuf_set_datalen
                0x000000000000c982        0x6 contiki-sky.a(packetbuf.o)
                0x000000000000c982                packetbuf_set_datalen
 .text.packetbuf_hdrptr
                0x000000000000c988        0x6 contiki-sky.a(packetbuf.o)
                0x000000000000c988                packetbuf_hdrptr
 .text.packetbuf_datalen
                0x000000000000c98e        0x6 contiki-sky.a(packetbuf.o)
                0x000000000000c98e                packetbuf_datalen
 .text.packetbuf_hdrlen
                0x000000000000c994        0xa contiki-sky.a(packetbuf.o)
                0x000000000000c994                packetbuf_hdrlen
 .text.packetbuf_dataptr
                0x000000000000c99e        0xc contiki-sky.a(packetbuf.o)
                0x000000000000c99e                packetbuf_dataptr
 .text.packetbuf_copyto
                0x000000000000c9aa       0x46 contiki-sky.a(packetbuf.o)
                0x000000000000c9aa                packetbuf_copyto
 .text.packetbuf_totlen
                0x000000000000c9f0        0xc contiki-sky.a(packetbuf.o)
                0x000000000000c9f0                packetbuf_totlen
 .text.packetbuf_hdralloc
                0x000000000000c9fc       0x3a contiki-sky.a(packetbuf.o)
                0x000000000000c9fc                packetbuf_hdralloc
 .text.packetbuf_attr_clear
                0x000000000000ca36       0x28 contiki-sky.a(packetbuf.o)
                0x000000000000ca36                packetbuf_attr_clear
 .text.packetbuf_clear
                0x000000000000ca5e       0x12 contiki-sky.a(packetbuf.o)
                0x000000000000ca5e                packetbuf_clear
 .text.packetbuf_copyfrom
                0x000000000000ca70       0x2e contiki-sky.a(packetbuf.o)
                0x000000000000ca70                packetbuf_copyfrom
 .text.packetbuf_attr_copyto
                0x000000000000ca9e       0x22 contiki-sky.a(packetbuf.o)
                0x000000000000ca9e                packetbuf_attr_copyto
 .text.packetbuf_attr_copyfrom
                0x000000000000cac0       0x24 contiki-sky.a(packetbuf.o)
                0x000000000000cac0                packetbuf_attr_copyfrom
 .text.packetbuf_holds_broadcast
                0x000000000000cae4        0xe contiki-sky.a(packetbuf.o)
                0x000000000000cae4                packetbuf_holds_broadcast
 .text.linkaddr_copy
                0x000000000000caf2        0x8 contiki-sky.a(linkaddr.o)
                0x000000000000caf2                linkaddr_copy
 .text.linkaddr_cmp
                0x000000000000cafa       0x12 contiki-sky.a(linkaddr.o)
                0x000000000000cafa                linkaddr_cmp
 .text.linkaddr_set_node_addr
                0x000000000000cb0c        0xc contiki-sky.a(linkaddr.o)
                0x000000000000cb0c                linkaddr_set_node_addr
 .text.periodic
                0x000000000000cb18       0x28 contiki-sky.a(link-stats.o)
 .text.link_stats_from_lladdr
                0x000000000000cb40        0xc contiki-sky.a(link-stats.o)
                0x000000000000cb40                link_stats_from_lladdr
 .text.link_stats_is_fresh
                0x000000000000cb4c       0x30 contiki-sky.a(link-stats.o)
                0x000000000000cb4c                link_stats_is_fresh
 .text.link_stats_packet_sent
                0x000000000000cb7c       0xda contiki-sky.a(link-stats.o)
                0x000000000000cb7c                link_stats_packet_sent
 .text.link_stats_input_callback
                0x000000000000cc56       0xbc contiki-sky.a(link-stats.o)
                0x000000000000cc56                link_stats_input_callback
 .text.link_stats_init
                0x000000000000cd12       0x22 contiki-sky.a(link-stats.o)
                0x000000000000cd12                link_stats_init
 .text.init     0x000000000000cd34        0x2 contiki-sky.a(nullsec.o)
 .text.send     0x000000000000cd36        0xa contiki-sky.a(nullsec.o)
 .text.input    0x000000000000cd40        0x6 contiki-sky.a(nullsec.o)
 .text.spi_init
                0x000000000000cd46       0x32 contiki-sky.a(spi.o)
                0x000000000000cd46                spi_init
 .text.memb_init
                0x000000000000cd78       0x36 contiki-sky.a(memb.o)
                0x000000000000cd78                memb_init
 .text.memb_alloc
                0x000000000000cdae       0x3e contiki-sky.a(memb.o)
                0x000000000000cdae                memb_alloc
 .text.memb_free
                0x000000000000cdec       0x3a contiki-sky.a(memb.o)
                0x000000000000cdec                memb_free
 .text.memb_inmemb
                0x000000000000ce26       0x2e contiki-sky.a(memb.o)
                0x000000000000ce26                memb_inmemb
 .text.memb_numfree
                0x000000000000ce54       0x26 contiki-sky.a(memb.o)
                0x000000000000ce54                memb_numfree
 .text.echo_reply_input
                0x000000000000ce7a       0xb2 contiki-sky.a(uip-icmp6.o)
 .text.echo_request_input
                0x000000000000cf2c       0xca contiki-sky.a(uip-icmp6.o)
 .text.uip_icmp6_input
                0x000000000000cff6       0x44 contiki-sky.a(uip-icmp6.o)
                0x000000000000cff6                uip_icmp6_input
 .text.uip_icmp6_register_input_handler
                0x000000000000d03a        0xc contiki-sky.a(uip-icmp6.o)
                0x000000000000d03a                uip_icmp6_register_input_handler
 .text.uip_icmp6_error_output
                0x000000000000d046      0x17c contiki-sky.a(uip-icmp6.o)
                0x000000000000d046                uip_icmp6_error_output
 .text.uip_icmp6_send
                0x000000000000d1c2       0x96 contiki-sky.a(uip-icmp6.o)
                0x000000000000d1c2                uip_icmp6_send
 .text.uip_icmp6_init
                0x000000000000d258       0x12 contiki-sky.a(uip-icmp6.o)
                0x000000000000d258                uip_icmp6_init
 .text.prepare_for_dao_fwd
                0x000000000000d26a       0x28 contiki-sky.a(rpl-icmp6.o)
 .text.get32    0x000000000000d292       0x46 contiki-sky.a(rpl-icmp6.o)
 .text.set32    0x000000000000d2d8       0x2a contiki-sky.a(rpl-icmp6.o)
 .text.get16    0x000000000000d302        0xe contiki-sky.a(rpl-icmp6.o)
 .text.set16    0x000000000000d310       0x10 contiki-sky.a(rpl-icmp6.o)
 .text.dao_ack_input
                0x000000000000d320        0xa contiki-sky.a(rpl-icmp6.o)
 .text.dio_input
                0x000000000000d32a      0x2aa contiki-sky.a(rpl-icmp6.o)
 .text.rpl_icmp6_update_nbr_table
                0x000000000000d5d4       0x30 contiki-sky.a(rpl-icmp6.o)
                0x000000000000d5d4                rpl_icmp6_update_nbr_table
 .text.dao_input
                0x000000000000d604      0x29a contiki-sky.a(rpl-icmp6.o)
 .text.dis_output
                0x000000000000d89e       0x50 contiki-sky.a(rpl-icmp6.o)
                0x000000000000d89e                dis_output
 .text.dio_output
                0x000000000000d8ee      0x276 contiki-sky.a(rpl-icmp6.o)
                0x000000000000d8ee                dio_output
 .text.dis_input
                0x000000000000db64       0x3e contiki-sky.a(rpl-icmp6.o)
 .text.dao_output_target
                0x000000000000dba2      0x114 contiki-sky.a(rpl-icmp6.o)
                0x000000000000dba2                dao_output_target
 .text.dao_output
                0x000000000000dcb6       0xb2 contiki-sky.a(rpl-icmp6.o)
                0x000000000000dcb6                dao_output
 .text.rpl_icmp6_register_handlers
                0x000000000000dd68       0x22 contiki-sky.a(rpl-icmp6.o)
                0x000000000000dd68                rpl_icmp6_register_handlers
 .text.update_nbr
                0x000000000000dd8a       0xea contiki-sky.a(rpl-nbr-policy.)
 .text.handle_periodic_timer
                0x000000000000de74        0xe contiki-sky.a(rpl-nbr-policy.)
 .text.find_removable_dis
                0x000000000000de82       0x14 contiki-sky.a(rpl-nbr-policy.)
                0x000000000000de82                find_removable_dis
 .text.find_removable_dio
                0x000000000000de96       0x3e contiki-sky.a(rpl-nbr-policy.)
                0x000000000000de96                find_removable_dio
 .text.find_removable_dao
                0x000000000000ded4       0x32 contiki-sky.a(rpl-nbr-policy.)
                0x000000000000ded4                find_removable_dao
 .text.rpl_nbr_policy_find_removable
                0x000000000000df06       0x30 contiki-sky.a(rpl-nbr-policy.)
                0x000000000000df06                rpl_nbr_policy_find_removable
 .text.mac_sequence_is_duplicate
                0x000000000000df36       0x6e contiki-sky.a(mac-sequence.o)
                0x000000000000df36                mac_sequence_is_duplicate
 .text.mac_sequence_register_seqno
                0x000000000000dfa4       0x88 contiki-sky.a(mac-sequence.o)
                0x000000000000dfa4                mac_sequence_register_seqno
 .text.frame802154_get_pan_id
                0x000000000000e02c        0x6 contiki-sky.a(frame802154.o)
                0x000000000000e02c                frame802154_get_pan_id
 .text.frame802154_has_panid
                0x000000000000e032       0xdc contiki-sky.a(frame802154.o)
                0x000000000000e032                frame802154_has_panid
 .text.field_len
                0x000000000000e10e       0xb2 contiki-sky.a(frame802154.o)
 .text.frame802154_is_broadcast_addr
                0x000000000000e1c0       0x24 contiki-sky.a(frame802154.o)
                0x000000000000e1c0                frame802154_is_broadcast_addr
 .text.frame802154_hdrlen
                0x000000000000e1e4       0x32 contiki-sky.a(frame802154.o)
                0x000000000000e1e4                frame802154_hdrlen
 .text.frame802154_create_fcf
                0x000000000000e216       0x96 contiki-sky.a(frame802154.o)
                0x000000000000e216                frame802154_create_fcf
 .text.frame802154_create
                0x000000000000e2ac       0xe4 contiki-sky.a(frame802154.o)
                0x000000000000e2ac                frame802154_create
 .text.frame802154_parse_fcf
                0x000000000000e390       0xbe contiki-sky.a(frame802154.o)
                0x000000000000e390                frame802154_parse_fcf
 .text.frame802154_parse
                0x000000000000e44e      0x18c contiki-sky.a(frame802154.o)
                0x000000000000e44e                frame802154_parse
 .text.mac_call_sent_callback
                0x000000000000e5da       0x14 contiki-sky.a(mac.o)
                0x000000000000e5da                mac_call_sent_callback
 .text.libgcc   0x000000000000e5ee       0x2c /usr/lib/gcc/msp430/4.6.3/mmpy-16/libgcc.a(_mulsi3.o)
                0x000000000000e5ee                __mulsi3
 .text.libgcc   0x000000000000e61a       0x22 /usr/lib/gcc/msp430/4.6.3/mmpy-16/libgcc.a(_udivmod16.o)
                0x000000000000e61a                __udivhi3
                0x000000000000e61a                __ext_udivmod16
                0x000000000000e634                __umodhi3
 .text.libgcc   0x000000000000e63c       0x3a /usr/lib/gcc/msp430/4.6.3/mmpy-16/libgcc.a(_divmod16.o)
                0x000000000000e63c                __ext_divmod16
                0x000000000000e63c                __divhi3
                0x000000000000e66e                __modhi3
 .text.libgcc   0x000000000000e676       0x40 /usr/lib/gcc/msp430/4.6.3/mmpy-16/libgcc.a(_udivmod32.o)
                0x000000000000e676                __udivsi3
                0x000000000000e676                __ext_udivmod32
                0x000000000000e6ac                __umodsi3
 .text.libgcc   0x000000000000e6b6       0x4c /usr/lib/gcc/msp430/4.6.3/mmpy-16/libgcc.a(_divmod32.o)
                0x000000000000e6b6                __ext_divmod32
                0x000000000000e6b6                __divsi3
                0x000000000000e6f8                __modsi3
 .text          0x000000000000e702       0x20 /usr/lib/gcc/msp430/4.6.3/../../../../msp430/lib/mmpy-16/libc.a(memcmp.o)
                0x000000000000e702                memcmp
 .text          0x000000000000e722       0xfa /usr/lib/gcc/msp430/4.6.3/../../../../msp430/lib/mmpy-16/libc.a(memcpy.o)
                0x000000000000e722                memcpy
 .text          0x000000000000e81c       0xfa /usr/lib/gcc/msp430/4.6.3/../../../../msp430/lib/mmpy-16/libc.a(memmove.o)
                0x000000000000e81c                memmove
 .text          0x000000000000e916       0x6a /usr/lib/gcc/msp430/4.6.3/../../../../msp430/lib/mmpy-16/libc.a(memset.o)
                0x000000000000e916                memset
 .text          0x000000000000e980       0x1e /usr/lib/gcc/msp430/4.6.3/../../../../msp430/lib/mmpy-16/libc.a(printf.o)
                0x000000000000e980                printf
                0x000000000000e990                vprintf
 .text          0x000000000000e99e       0xbc /usr/lib/gcc/msp430/4.6.3/../../../../msp430/lib/mmpy-16/libc.a(sprintf.o)
                0x000000000000e9fc                sprintf
                0x000000000000ea18                snprintf
                0x000000000000ea32                vsprintf
                0x000000000000ea48                vsnprintf
 .text          0x000000000000ea5a      0x836 /usr/lib/gcc/msp430/4.6.3/../../../../msp430/lib/mmpy-16/libc.a(vuprintf.o)
                0x000000000000ebf2                vuprintf
 .text          0x000000000000f290       0x2c /usr/lib/gcc/msp430/4.6.3/../../../../msp430/lib/mmpy-16/libc.a(puts.o)
                0x000000000000f290                puts
 .text          0x000000000000f2bc       0x54 /usr/lib/gcc/msp430/4.6.3/../../../../msp430/lib/mmpy-16/libc.a(rand.o)
                0x000000000000f2bc                rand_r
                0x000000000000f2e0                rand
                0x000000000000f306                srand
 .text.libgcc   0x000000000000f310       0xf0 /usr/lib/gcc/msp430/4.6.3/mmpy-16/libgcc.a(_udivmod64.o)
                0x000000000000f310                __xabi_udivmod64
                0x000000000000f36e                __udivdi3
                0x000000000000f394                __umoddi3
                0x000000000000f3c2                __udivmoddi4
 .text.crt0     0x000000000000f400        0x2 /usr/lib/gcc/msp430/4.6.3/mmpy-16/libcrt0.a(_unexpected_.o)
                0x000000000000f400                _unexpected_
                0x000000000000f402                . = ALIGN (0x2)

.rodata         0x000000000000f402      0x414
                0x000000000000f402                . = ALIGN (0x2)
 *(.rodata .rodata.* .gnu.linkonce.r.*)
 .rodata        0x000000000000f402      0x172 udp-client.co
                0x000000000000f55c                autostart_processes
 .rodata        0x000000000000f574      0x130 obj_sky/contiki-sky-main.o
 .rodata        0x000000000000f6a4       0x10 contiki-sky.a(button-sensor.o)
                0x000000000000f6ac                button_sensor
 .rodata        0x000000000000f6b4        0x8 contiki-sky.a(sensors.o)
 .rodata        0x000000000000f6bc       0x70 contiki-sky.a(cc2420.o)
                0x000000000000f6ee                cc2420_aes_128_driver
                0x000000000000f6f2                cc2420_driver
 .rodata        0x000000000000f72c        0xf contiki-sky.a(ctimer.o)
 .rodata        0x000000000000f73b        0xc contiki-sky.a(etimer.o)
 *fill*         0x000000000000f747        0x1 00
 .rodata        0x000000000000f748       0x20 contiki-sky.a(uip6.o)
 .rodata        0x000000000000f768       0x24 contiki-sky.a(sicslowpan.o)
                0x000000000000f774                sicslowpan_driver
                0x000000000000f77a                llprefix
                0x000000000000f77c                unc_mxconf
                0x000000000000f780                unc_ctxconf
                0x000000000000f784                unc_llconf
 .rodata        0x000000000000f78c        0xd contiki-sky.a(tcpip.o)
 .rodata        0x000000000000f799       0x28 contiki-sky.a(uip-debug.o)
 *fill*         0x000000000000f7c1        0x1 00
 .rodata        0x000000000000f7c2        0x6 contiki-sky.a(framer-802154.o)
                0x000000000000f7c2                framer_802154
 .rodata        0x000000000000f7c8       0x14 contiki-sky.a(csma.o)
                0x000000000000f7ce                csma_driver
 .rodata        0x000000000000f7dc       0x18 contiki-sky.a(nullrdc.o)
                0x000000000000f7e4                nullrdc_driver
 .rodata        0x000000000000f7f4        0x8 contiki-sky.a(linkaddr.o)
                0x000000000000f7f4                linkaddr_null
 .rodata        0x000000000000f7fc       0x10 contiki-sky.a(nullsec.o)
                0x000000000000f804                nullsec_driver
 .rodata        0x000000000000f80c        0x2 contiki-sky.a(frame802154.o)
 .rodata        0x000000000000f80e        0x7 /usr/lib/gcc/msp430/4.6.3/../../../../msp430/lib/mmpy-16/libc.a(vuprintf.o)
                0x000000000000f816                . = ALIGN (0x2)
 *fill*         0x000000000000f815        0x1 00
                0x000000000000f816                _etext = .

.data           0x0000000000001100       0xf6 load address 0x000000000000f816
                0x0000000000001100                . = ALIGN (0x2)
                0x0000000000001100                PROVIDE (__data_start, .)
 *(.data .data.* .gnu.linkonce.d.*)
 .data          0x0000000000001100        0xa udp-client.co
                0x0000000000001100                udp_client_process
 .data          0x000000000000110a        0x4 contiki-sky.a(contiki-sky-pla)
                0x000000000000110a                sensors
 .data          0x000000000000110e        0xa contiki-sky.a(sensors.o)
                0x000000000000110e                sensors_process
 .data          0x0000000000001118        0xc contiki-sky.a(cc2420.o)
                0x0000000000001118                cc2420_process
 .data          0x0000000000001124        0x2 contiki-sky.a(msp430.o)
 .data          0x0000000000001126        0xa contiki-sky.a(ctimer.o)
                0x0000000000001126                ctimer_process
 .data          0x0000000000001130        0xa contiki-sky.a(etimer.o)
                0x0000000000001130                etimer_process
 .data          0x000000000000113a       0x22 contiki-sky.a(uip-ds6-route.o)
                0x000000000000113a                nbr_routes
 .data          0x000000000000115c        0xa contiki-sky.a(uip-ds6-nbr.o)
                0x000000000000115c                ds6_neighbors
 .data          0x0000000000001166        0x6 contiki-sky.a(uip-nd6.o)
 .data          0x000000000000116c        0xa contiki-sky.a(tcpip.o)
                0x000000000000116c                tcpip_process
 .data          0x0000000000001176        0xa contiki-sky.a(rpl-dag.o)
                0x0000000000001176                rpl_parents
 .data          0x0000000000001180       0x12 contiki-sky.a(rpl-mrhof.o)
                0x0000000000001180                rpl_mrhof
 .data          0x0000000000001192       0x18 contiki-sky.a(csma.o)
 .data          0x00000000000011aa       0x10 contiki-sky.a(queuebuf.o)
 .data          0x00000000000011ba        0x8 contiki-sky.a(nbr-table.o)
 .data          0x00000000000011c2        0x8 contiki-sky.a(link-stats.o)
 .data          0x00000000000011ca        0xc contiki-sky.a(uip-icmp6.o)
 .data          0x00000000000011d6       0x1a contiki-sky.a(rpl-icmp6.o)
 .data          0x00000000000011f0        0x2 contiki-sky.a(frame802154.o)
 .data          0x00000000000011f2        0x4 /usr/lib/gcc/msp430/4.6.3/../../../../msp430/lib/mmpy-16/libc.a(rand.o)
                0x00000000000011f6                . = ALIGN (0x2)
                0x00000000000011f6                _edata = .
                0x000000000000f816                PROVIDE (__data_load_start, LOADADDR (.data))
                0x00000000000000f6                PROVIDE (__data_size, SIZEOF (.data))

.bss            0x00000000000011f6     0x1a96 load address 0x000000000000f90c
                0x00000000000011f6                PROVIDE (__bss_start, .)
 *(.bss .bss.*)
 .bss           0x00000000000011f6       0x36 udp-client.co
 .bss           0x000000000000122c        0xc obj_sky/contiki-sky-main.o
 .bss           0x0000000000001238        0x8 contiki-sky.a(button-sensor.o)
 .bss           0x0000000000001240        0x2 contiki-sky.a(node-id.o)
                0x0000000000001240                node_id
 .bss           0x0000000000001242        0x6 contiki-sky.a(sensors.o)
 .bss           0x0000000000001248        0xa contiki-sky.a(cc2420.o)
 .bss           0x0000000000001252       0x9a contiki-sky.a(uart1.o)
 .bss           0x00000000000012ec        0xa contiki-sky.a(clock.o)
 .bss           0x00000000000012f6        0x1 contiki-sky.a(leds.o)
 *fill*         0x00000000000012f7        0x1 00
 .bss           0x00000000000012f8        0x2 contiki-sky.a(watchdog.o)
 .bss           0x00000000000012fa        0x4 contiki-sky.a(ctimer.o)
 .bss           0x00000000000012fe        0x6 contiki-sky.a(etimer.o)
 .bss           0x0000000000001304       0x38 contiki-sky.a(process.o)
                0x0000000000001304                process_current
                0x0000000000001306                process_list
 .bss           0x000000000000133c        0x2 contiki-sky.a(rtimer.o)
 .bss           0x000000000000133e       0x18 contiki-sky.a(uip-ds6.o)
 .bss           0x0000000000001356      0x1e6 contiki-sky.a(uip-ds6-route.o)
 .bss           0x000000000000153c        0xc contiki-sky.a(uip6.o)
                0x000000000000153c                uip_ext_opt_offset
                0x000000000000153e                uip_ext_len
                0x0000000000001540                uip_ext_bitmap
 .bss           0x0000000000001548       0xb4 contiki-sky.a(uip-ds6-nbr.o)
 .bss           0x00000000000015fc        0x8 contiki-sky.a(uip-nd6.o)
 .bss           0x0000000000001604      0x6e6 contiki-sky.a(sicslowpan.o)
 .bss           0x0000000000001cea       0x30 contiki-sky.a(tcpip.o)
 .bss           0x0000000000001d1a       0x3c contiki-sky.a(rpl-dag.o)
 .bss           0x0000000000001d56       0x18 contiki-sky.a(rpl-timers.o)
 .bss           0x0000000000001d6e        0x2 contiki-sky.a(rpl.o)
 .bss           0x0000000000001d70        0x2 contiki-sky.a(framer-802154.o)
 .bss           0x0000000000001d72       0xc0 contiki-sky.a(csma.o)
 .bss           0x0000000000001e32      0x5a0 contiki-sky.a(queuebuf.o)
 .bss           0x00000000000023d2       0x96 contiki-sky.a(nbr-table.o)
 .bss           0x0000000000002468       0x86 contiki-sky.a(packetbuf.o)
 .bss           0x00000000000024ee       0x64 contiki-sky.a(link-stats.o)
 .bss           0x0000000000002552       0x14 contiki-sky.a(uip-icmp6.o)
 .bss           0x0000000000002566       0x20 contiki-sky.a(rpl-nbr-policy.)
 .bss           0x0000000000002586       0xe0 contiki-sky.a(mac-sequence.o)
 .bss           0x0000000000002666        0x4 /usr/lib/gcc/msp430/4.6.3/../../../../msp430/lib/mmpy-16/libc.a(sprintf.o)
 *(COMMON)
 COMMON         0x000000000000266a        0x2 contiki-sky.a(contiki-sky-pla)
                0x000000000000266a                sensors_flags
 COMMON         0x000000000000266c        0x8 contiki-sky.a(ds2411.o)
                0x000000000000266c                ds2411_id
 COMMON         0x0000000000002674        0x1 contiki-sky.a(sensors.o)
                0x0000000000002674                sensors_event
 *fill*         0x0000000000002675        0x1 00
 COMMON         0x0000000000002676       0x10 contiki-sky.a(cc2420.o)
                0x0000000000002676                cc2420_last_rssi
                0x0000000000002678                cc2420_sfd_start_time
                0x000000000000267a                cc2420_time_of_departure
                0x000000000000267c                cc2420_time_of_arrival
                0x000000000000267e                cc2420_last_correlation
                0x0000000000002680                cc2420_authority_level_of_sender
                0x0000000000002682                cc2420_sfd_counter
                0x0000000000002684                cc2420_sfd_end_time
 COMMON         0x0000000000002686        0x2 contiki-sky.a(msp430.o)
                0x0000000000002686                msp430_dco_required
 COMMON         0x0000000000002688       0x56 contiki-sky.a(energest.o)
                0x0000000000002688                energest_total_time
                0x00000000000026b8                energest_total_count
                0x00000000000026ba                energest_current_mode
                0x00000000000026c6                energest_current_time
 COMMON         0x00000000000026de        0x1 contiki-sky.a(process.o)
                0x00000000000026de                process_maxevents
 COMMON         0x00000000000026df        0x1 contiki-sky.a(serial-line.o)
                0x00000000000026df                serial_line_event_message
 COMMON         0x00000000000026e0      0x15c contiki-sky.a(uip-ds6.o)
                0x00000000000026e0                uip_ds6_timer_ra
                0x00000000000026e8                uip_ds6_if
                0x00000000000027d4                uip_ds6_netif_addr_list_offset
                0x00000000000027d5                uip_ds6_addr_size
                0x00000000000027d6                uip_ds6_prefix_list
                0x0000000000002830                uip_ds6_timer_periodic
 COMMON         0x000000000000283c      0x304 contiki-sky.a(uip6.o)
                0x000000000000283c                uip_len
                0x000000000000283e                uip_sappdata
                0x0000000000002840                uip_acc32
                0x0000000000002844                uip_lladdr
                0x000000000000284c                uip_aligned_buf
                0x000000000000293c                uip_flags
                0x000000000000293e                uip_next_hdr
                0x0000000000002940                uip_udp_conn
                0x0000000000002942                uip_appdata
                0x0000000000002944                uip_conn
                0x0000000000002946                uip_conns
                0x00000000000029f6                uip_listenports
                0x0000000000002a06                uip_slen
                0x0000000000002a08                uip_udp_conns
 COMMON         0x0000000000002b40        0x1 contiki-sky.a(tcpip.o)
                0x0000000000002b40                tcpip_event
 *fill*         0x0000000000002b41        0x1 00
 COMMON         0x0000000000002b42      0x100 contiki-sky.a(rpl-dag.o)
                0x0000000000002b42                default_instance
                0x0000000000002b44                instance_table
 COMMON         0x0000000000002c42       0x2e contiki-sky.a(packetbuf.o)
                0x0000000000002c42                packetbuf_addrs
                0x0000000000002c52                packetbuf_attrs
 COMMON         0x0000000000002c70        0x8 contiki-sky.a(linkaddr.o)
                0x0000000000002c70                linkaddr_node_addr
 COMMON         0x0000000000002c78       0x14 contiki-sky.a(link-stats.o)
                0x0000000000002c78                periodic_timer
                0x0000000000002c8c                . = ALIGN (0x2)
                0x0000000000002c8c                PROVIDE (__bss_end, .)
                0x0000000000001a96                PROVIDE (__bss_size, SIZEOF (.bss))

.noinit         0x0000000000002c8c        0x2 load address 0x000000000000f90c
                0x0000000000002c8c                PROVIDE (__noinit_start, .)
 *(.noinit .noinit.*)
 .noinit.crt0   0x0000000000002c8c        0x2 /usr/lib/gcc/msp430/4.6.3/mmpy-16/libcrt0.a(__watchdog_support.o)
                0x0000000000002c8c                __wdt_clear_value
                0x0000000000002c8e                . = ALIGN (0x2)
                0x0000000000002c8e                PROVIDE (__noinit_end, .)
                0x0000000000002c8e                . = ALIGN (0x2)
                0x0000000000002c8e                _end = .

.infomem        0x0000000000001000        0x0
 *(.infomem)
                0x0000000000001000                . = ALIGN (0x2)
 *(.infomem.*)

.infomemnobits  0x0000000000001000        0x0
 *(.infomemnobits)
                0x0000000000001000                . = ALIGN (0x2)
 *(.infomemnobits.*)

.infoa
 *(.infoa .infoa.*)

.infob
 *(.infob .infob.*)

.infoc
 *(.infoc .infoc.*)

.infod
 *(.infod .infod.*)

.vectors        0x000000000000ffe0       0x20
                0x000000000000ffe0                PROVIDE (__vectors_start, .)
 *(.vectors*)
 .vectors       0x000000000000ffe0       0x20 /usr/lib/gcc/msp430/4.6.3/mmpy-16/crt0ivtbl16.o
                0x000000000000ffe0                __ivtbl_16
                0x0000000000010000                _vectors_end = .

.fartext        0x0000000000000000        0x0
                0x0000000000000000                . = ALIGN (0x2)
 *(.fartext)
                0x0000000000000000                . = ALIGN (0x2)
 *(.fartext.*)
                0x0000000000000000                _efartext = .

.profiler
 *(.profiler)

.stab           0x0000000000000000    0x2a660
 *(.stab)
 .stab          0x0000000000000000     0x135c udp-client.co
 .stab          0x000000000000135c     0x16ec obj_sky/contiki-sky-main.o
                                       0x1b30 (size before relaxing)
 .stab          0x0000000000002a48      0x264 contiki-sky.a(contiki-sky-pla)
                                        0x5b8 (size before relaxing)
 .stab          0x0000000000002cac      0x468 contiki-sky.a(button-sensor.o)
                                        0x7d4 (size before relaxing)
 .stab          0x0000000000003114      0x624 contiki-sky.a(ds2411.o)
                                        0xb40 (size before relaxing)
 .stab          0x0000000000003738      0xa38 contiki-sky.a(xmem.o)
                                        0xf60 (size before relaxing)
 .stab          0x0000000000004170      0x2b8 contiki-sky.a(node-id.o)
                                        0x4e0 (size before relaxing)
 .stab          0x0000000000004428      0x654 contiki-sky.a(sensors.o)
                                        0xb70 (size before relaxing)
 .stab          0x0000000000004a7c     0x28bc contiki-sky.a(cc2420.o)
                                       0x2fe8 (size before relaxing)
 .stab          0x0000000000007338      0x768 contiki-sky.a(cc2420-arch.o)
                                       0x1734 (size before relaxing)
 .stab          0x0000000000007aa0      0x60c contiki-sky.a(uart1.o)
                                        0x960 (size before relaxing)
 .stab          0x00000000000080ac      0x234 contiki-sky.a(uart1-putchar.o)
                                        0x588 (size before relaxing)
 .stab          0x00000000000082e0      0x744 contiki-sky.a(msp430.o)