Archive member included because of file (symbol)

contiki-sky.a(contiki-sky-pla)
                              obj_sky/contiki-sky-main.o (init_platform)
contiki-sky.a(button-sensor.o)
                              contiki-sky.a(contiki-sky-pla) (button_sensor)
contiki-sky.a(ds2411.o)       obj_sky/contiki-sky-main.o (ds2411_init)
contiki-sky.a(xmem.o)         obj_sky/contiki-sky-main.o (xmem_init)
contiki-sky.a(node-id.o)      obj_sky/contiki-sky-main.o (node_id_restore)
contiki-sky.a(sensors.o)      contiki-sky.a(button-sensor.o) (sensors_changed)
contiki-sky.a(cc2420.o)       obj_sky/contiki-sky-main.o (cc2420_set_pan_addr)
contiki-sky.a(cc2420-arch.o)  contiki-sky.a(cc2420.o) (cc2420_arch_init)
contiki-sky.a(uart1.o)        obj_sky/contiki-sky-main.o (uart1_active)
contiki-sky.a(uart1-putchar.o)
                              obj_sky/contiki-sky-main.o (putchar)
contiki-sky.a(msp430.o)       contiki-sky.a(uart1.o) (msp430_add_lpm_req)
contiki-sky.a(clock.o)        obj_sky/contiki-sky-main.o (clock_init)
contiki-sky.a(leds.o)         obj_sky/contiki-sky-main.o (leds_init)
contiki-sky.a(leds-arch.o)    contiki-sky.a(leds.o) (leds_arch_init)
contiki-sky.a(watchdog.o)     obj_sky/contiki-sky-main.o (watchdog_start)
contiki-sky.a(rtimer-arch.o)  obj_sky/contiki-sky-main.o (rtimer_arch_now)
contiki-sky.a(autostart.o)    obj_sky/contiki-sky-main.o (autostart_start)
contiki-sky.a(ctimer.o)       obj_sky/contiki-sky-main.o (ctimer_init)
contiki-sky.a(energest.o)     obj_sky/contiki-sky-main.o (energest_init)
contiki-sky.a(etimer.o)       contiki-sky.a(clock.o) (etimer_request_poll)
contiki-sky.a(process.o)      contiki-sky.a(ctimer.o) (process_current)
contiki-sky.a(rtimer.o)       obj_sky/contiki-sky-main.o (rtimer_init)
contiki-sky.a(timer.o)        obj_sky/contiki-sky-main.o (timer_set)
contiki-sky.a(serial-line.o)  obj_sky/contiki-sky-main.o (serial_line_input_byte)
contiki-sky.a(list.o)         contiki-sky.a(ctimer.o) (list_init)
contiki-sky.a(memb.o)         obj_sky/tree_lib.o (memb_alloc)
contiki-sky.a(random.o)       obj_sky/contiki-sky-main.o (random_init)
contiki-sky.a(ringbuf.o)      contiki-sky.a(serial-line.o) (ringbuf_init)
contiki-sky.a(broadcast.o)    tree_RSSI_exp.co (broadcast_open)
contiki-sky.a(channel.o)      contiki-sky.a(broadcast.o) (channel_set_attributes)
contiki-sky.a(chameleon.o)    contiki-sky.a(channel.o) (chameleon_hdrsize)
contiki-sky.a(rime.o)         obj_sky/contiki-sky-main.o (rime_driver)
contiki-sky.a(unicast.o)      tree_RSSI_exp.co (unicast_open)
contiki-sky.a(abc.o)          contiki-sky.a(broadcast.o) (abc_open)
contiki-sky.a(announcement.o)
                              contiki-sky.a(rime.o) (announcement_init)
contiki-sky.a(csma.o)         obj_sky/contiki-sky-main.o (csma_driver)
contiki-sky.a(queuebuf.o)     contiki-sky.a(rime.o) (queuebuf_init)
contiki-sky.a(packetbuf.o)    contiki-sky.a(cc2420.o) (packetbuf_set_datalen)
contiki-sky.a(linkaddr.o)     obj_sky/tree_lib.o (linkaddr_copy)
contiki-sky.a(contikimac.o)   obj_sky/contiki-sky-main.o (contikimac_driver)
contiki-sky.a(contikimac-fram)
                              contiki-sky.a(contikimac.o) (contikimac_framer)
contiki-sky.a(nullsec.o)      obj_sky/contiki-sky-main.o (nullsec_driver)
contiki-sky.a(spi.o)          contiki-sky.a(xmem.o) (spi_init)
contiki-sky.a(compower.o)     contiki-sky.a(contikimac.o) (compower_accumulate)
contiki-sky.a(chameleon-bitop)
                              contiki-sky.a(chameleon.o) (chameleon_bitopt)
contiki-sky.a(broadcast-annou)
                              contiki-sky.a(rime.o) (broadcast_announcement_init)
contiki-sky.a(mac-sequence.o)
                              contiki-sky.a(contikimac.o) (mac_sequence_is_duplicate)
contiki-sky.a(mac.o)          contiki-sky.a(csma.o) (mac_call_sent_callback)
contiki-sky.a(framer-802154.o)
                              contiki-sky.a(contikimac-fram) (framer_802154)
contiki-sky.a(frame802154.o)  contiki-sky.a(framer-802154.o) (frame802154_get_pan_id)
/usr/lib/gcc/msp430/4.6.3/mmpy-16/libgcc.a(_mulsi3.o)
                              contiki-sky.a(csma.o) (__mulsi3)
/usr/lib/gcc/msp430/4.6.3/mmpy-16/libgcc.a(_udivmod32.o)
                              tree_RSSI_exp.co (__udivsi3)
/usr/lib/gcc/msp430/4.6.3/../../../../msp430/lib/mmpy-16/libc.a(strncmp.o)
                              contiki-sky.a(sensors.o) (strncmp)
/usr/lib/gcc/msp430/4.6.3/../../../../msp430/lib/mmpy-16/libc.a(memcmp.o)
                              contiki-sky.a(linkaddr.o) (memcmp)
/usr/lib/gcc/msp430/4.6.3/../../../../msp430/lib/mmpy-16/libc.a(memcpy.o)
                              tree_RSSI_exp.co (memcpy)
/usr/lib/gcc/msp430/4.6.3/../../../../msp430/lib/mmpy-16/libc.a(memset.o)
                              obj_sky/contiki-sky-main.o (memset)
/usr/lib/gcc/msp430/4.6.3/../../../../msp430/lib/mmpy-16/libc.a(printf.o)
                              tree_RSSI_exp.co (printf)
/usr/lib/gcc/msp430/4.6.3/../../../../msp430/lib/mmpy-16/libc.a(vuprintf.o)
[...]
Memory Configuration

Name             Origin             Length             Attributes
sfr              0x0000000000000000 0x0000000000000010
peripheral_8bit  0x0000000000000010 0x00000000000000f0
peripheral_16bit 0x0000000000000100 0x0000000000000100
ram_mirror       0x0000000000000200 0x0000000000000800 xw
infomem          0x0000000000001000 0x0000000000000100
infob            0x0000000000001000 0x0000000000000080
infoa            0x0000000000001080 0x0000000000000080
ram              0x0000000000001100 0x0000000000002800 xw
rom              0x0000000000004000 0x000000000000bfe0 xr
vectors          0x000000000000ffe0 0x0000000000000020
bsl              0x0000000000000000 0x0000000000000000
infoc            0x0000000000000000 0x0000000000000000
infod            0x0000000000000000 0x0000000000000000
ram2             0x0000000000000000 0x0000000000000000 xw
usbram           0x0000000000000000 0x0000000000000000 xw
far_rom          0x0000000000000000 0x0000000000000000
*default*        0x0000000000000000 0xffffffffffffffff

Linker script and memory map

LOAD /usr/lib/gcc/msp430/4.6.3/mmpy-16/crt0ivtbl16.o
LOAD tree_RSSI_exp.co
LOAD obj_sky/tree_lib.o
LOAD obj_sky/contiki-sky-main.o
LOAD contiki-sky.a
LOAD /usr/lib/gcc/msp430/4.6.3/mmpy-16/libgcc.a
LOAD /usr/lib/gcc/msp430/4.6.3/../../../../msp430/lib/mmpy-16/libc.a
LOAD /usr/lib/gcc/msp430/4.6.3/mmpy-16/libgcc.a
LOAD /usr/lib/gcc/msp430/4.6.3/mmpy-16/libcrt0.a
                0x0000000000000080                PROVIDE (__info_segment_size, 0x80)
                0x0000000000001000                PROVIDE (__infob, 0x1000)
                0x0000000000001080                PROVIDE (__infoa, 0x1080)
                0x0000000000000000                __IE1 = 0x0
                0x0000000000000002                __IFG1 = 0x2
                0x0000000000000004                __ME1 = 0x4
                0x0000000000000001                __IE2 = 0x1
                0x0000000000000003                __IFG2 = 0x3
                0x0000000000000005                __ME2 = 0x5
                0x0000000000000120                __WDTCTL = 0x120
                0x0000000000000130                __MPY = 0x130
                0x0000000000000132                __MPYS = 0x132
                0x0000000000000134                __MAC = 0x134
                0x0000000000000136                __MACS = 0x136
                0x0000000000000138                __OP2 = 0x138
                0x000000000000013a                __RESLO = 0x13a
                0x000000000000013c                __RESHI = 0x13c
                0x000000000000013e                __SUMEXT = 0x13e
                0x0000000000000020                __P1IN = 0x20
                0x0000000000000021                __P1OUT = 0x21
                0x0000000000000022                __P1DIR = 0x22
                0x0000000000000023                __P1IFG = 0x23
                0x0000000000000024                __P1IES = 0x24
                0x0000000000000025                __P1IE = 0x25
                0x0000000000000026                __P1SEL = 0x26
                0x0000000000000028                __P2IN = 0x28
                0x0000000000000029                __P2OUT = 0x29
                0x000000000000002a                __P2DIR = 0x2a
                0x000000000000002b                __P2IFG = 0x2b
                0x000000000000002c                __P2IES = 0x2c
                0x000000000000002d                __P2IE = 0x2d
                0x000000000000002e                __P2SEL = 0x2e
                0x0000000000000018                __P3IN = 0x18
                0x0000000000000019                __P3OUT = 0x19
                0x000000000000001a                __P3DIR = 0x1a
                0x000000000000001b                __P3SEL = 0x1b
                0x000000000000001c                __P4IN = 0x1c
                0x000000000000001d                __P4OUT = 0x1d
                0x000000000000001e                __P4DIR = 0x1e
                0x000000000000001f                __P4SEL = 0x1f
                0x0000000000000030                __P5IN = 0x30
                0x0000000000000031                __P5OUT = 0x31
                0x0000000000000032                __P5DIR = 0x32
                0x0000000000000033                __P5SEL = 0x33
                0x0000000000000034                __P6IN = 0x34
                0x0000000000000035                __P6OUT = 0x35
                0x0000000000000036                __P6DIR = 0x36
                0x0000000000000037                __P6SEL = 0x37
                0x0000000000000070                __U0CTL = 0x70
                0x0000000000000071                __U0TCTL = 0x71
                0x0000000000000072                __U0RCTL = 0x72
                0x0000000000000073                __U0MCTL = 0x73
                0x0000000000000074                __U0BR0 = 0x74
                0x0000000000000075                __U0BR1 = 0x75
                0x0000000000000076                __U0RXBUF = 0x76
                0x0000000000000077                __U0TXBUF = 0x77
                0x0000000000000078                __U1CTL = 0x78
                0x0000000000000079                __U1TCTL = 0x79
                0x000000000000007a                __U1RCTL = 0x7a
                0x000000000000007b                __U1MCTL = 0x7b
                0x000000000000007c                __U1BR0 = 0x7c
                0x000000000000007d                __U1BR1 = 0x7d
                0x000000000000007e                __U1RXBUF = 0x7e
                0x000000000000007f                __U1TXBUF = 0x7f
                0x0000000000000050                __I2CIE = 0x50
                0x0000000000000051                __I2CIFG = 0x51
                0x0000000000000052                __I2CNDAT = 0x52
                0x0000000000000071                __I2CTCTL = 0x71
                0x0000000000000072                __I2CDCTL = 0x72
                0x0000000000000073                __I2CPSC = 0x73
                0x0000000000000074                __I2CSCLH = 0x74
                0x0000000000000075                __I2CSCLL = 0x75
                0x0000000000000076                __I2CDRB = 0x76
                0x0000000000000076                __I2CDRW = 0x76
                0x0000000000000118                __I2COA = 0x118
                0x000000000000011a                __I2CSA = 0x11a
                0x000000000000011c                __I2CIV = 0x11c
                0x000000000000012e                __TAIV = 0x12e
                0x0000000000000160                __TACTL = 0x160
                0x0000000000000162                __TACCTL0 = 0x162
                0x0000000000000164                __TACCTL1 = 0x164
                0x0000000000000166                __TACCTL2 = 0x166
                0x0000000000000170                __TAR = 0x170
                0x0000000000000172                __TACCR0 = 0x172
                0x0000000000000174                __TACCR1 = 0x174
                0x0000000000000176                __TACCR2 = 0x176
                0x000000000000011e                __TBIV = 0x11e
                0x0000000000000180                __TBCTL = 0x180
                0x0000000000000182                __TBCCTL0 = 0x182
                0x0000000000000184                __TBCCTL1 = 0x184
                0x0000000000000186                __TBCCTL2 = 0x186
                0x0000000000000188                __TBCCTL3 = 0x188
                0x000000000000018a                __TBCCTL4 = 0x18a
                0x000000000000018c                __TBCCTL5 = 0x18c
                0x000000000000018e                __TBCCTL6 = 0x18e
                0x0000000000000190                __TBR = 0x190
                0x0000000000000192                __TBCCR0 = 0x192
                0x0000000000000194                __TBCCR1 = 0x194
                0x0000000000000196                __TBCCR2 = 0x196
                0x0000000000000198                __TBCCR3 = 0x198
                0x000000000000019a                __TBCCR4 = 0x19a
                0x000000000000019c                __TBCCR5 = 0x19c
                0x000000000000019e                __TBCCR6 = 0x19e
                0x0000000000000056                __DCOCTL = 0x56
                0x0000000000000057                __BCSCTL1 = 0x57
                0x0000000000000058                __BCSCTL2 = 0x58
                0x0000000000000055                __SVSCTL = 0x55
                0x0000000000000128                __FCTL1 = 0x128
                0x000000000000012a                __FCTL2 = 0x12a
                0x000000000000012c                __FCTL3 = 0x12c
                0x0000000000000059                __CACTL1 = 0x59
                0x000000000000005a                __CACTL2 = 0x5a
                0x000000000000005b                __CAPD = 0x5b
                0x00000000000001a0                __ADC12CTL0 = 0x1a0
                0x00000000000001a2                __ADC12CTL1 = 0x1a2
                0x00000000000001a4                __ADC12IFG = 0x1a4
                0x00000000000001a6                __ADC12IE = 0x1a6
                0x00000000000001a8                __ADC12IV = 0x1a8
                0x0000000000000140                __ADC12MEM0 = 0x140
                0x0000000000000142                __ADC12MEM1 = 0x142
                0x0000000000000144                __ADC12MEM2 = 0x144
                0x0000000000000146                __ADC12MEM3 = 0x146
                0x0000000000000148                __ADC12MEM4 = 0x148
                0x000000000000014a                __ADC12MEM5 = 0x14a
                0x000000000000014c                __ADC12MEM6 = 0x14c
                0x000000000000014e                __ADC12MEM7 = 0x14e
                0x0000000000000150                __ADC12MEM8 = 0x150
                0x0000000000000152                __ADC12MEM9 = 0x152
                0x0000000000000154                __ADC12MEM10 = 0x154
                0x0000000000000156                __ADC12MEM11 = 0x156
                0x0000000000000158                __ADC12MEM12 = 0x158
                0x000000000000015a                __ADC12MEM13 = 0x15a
                0x000000000000015c                __ADC12MEM14 = 0x15c
                0x000000000000015e                __ADC12MEM15 = 0x15e
                0x0000000000000080                __ADC12MCTL0 = 0x80
                0x0000000000000081                __ADC12MCTL1 = 0x81
                0x0000000000000082                __ADC12MCTL2 = 0x82
                0x0000000000000083                __ADC12MCTL3 = 0x83
                0x0000000000000084                __ADC12MCTL4 = 0x84
                0x0000000000000085                __ADC12MCTL5 = 0x85
                0x0000000000000086                __ADC12MCTL6 = 0x86
                0x0000000000000087                __ADC12MCTL7 = 0x87
                0x0000000000000088                __ADC12MCTL8 = 0x88
                0x0000000000000089                __ADC12MCTL9 = 0x89
                0x000000000000008a                __ADC12MCTL10 = 0x8a
                0x000000000000008b                __ADC12MCTL11 = 0x8b
                0x000000000000008c                __ADC12MCTL12 = 0x8c
                0x000000000000008d                __ADC12MCTL13 = 0x8d
                0x000000000000008e                __ADC12MCTL14 = 0x8e
                0x000000000000008f                __ADC12MCTL15 = 0x8f
                0x00000000000001c0                __DAC12_0CTL = 0x1c0
                0x00000000000001c2                __DAC12_1CTL = 0x1c2
                0x00000000000001c8                __DAC12_0DAT = 0x1c8
                0x00000000000001ca                __DAC12_1DAT = 0x1ca
                0x0000000000000122                __DMACTL0 = 0x122
                0x0000000000000124                __DMACTL1 = 0x124
                0x00000000000001e0                __DMA0CTL = 0x1e0
                0x00000000000001e8                __DMA1CTL = 0x1e8
                0x00000000000001f0                __DMA2CTL = 0x1f0
                0x00000000000001e2                __DMA0SA = 0x1e2
                0x00000000000001e4                __DMA0DA = 0x1e4
                0x00000000000001e6                __DMA0SZ = 0x1e6
                0x00000000000001ea                __DMA1SA = 0x1ea
                0x00000000000001ec                __DMA1DA = 0x1ec
                0x00000000000001ee                __DMA1SZ = 0x1ee
                0x00000000000001f2                __DMA2SA = 0x1f2
                0x00000000000001f4                __DMA2DA = 0x1f4
                0x00000000000001f6                __DMA2SZ = 0x1f6

.hash
 *(.hash)

.dynsym
 *(.dynsym)

.dynstr
 *(.dynstr)

.gnu.version
 *(.gnu.version)

.gnu.version_d
 *(.gnu.version_d)

.gnu.version_r
 *(.gnu.version_r)

.rel.init
 *(.rel.init)

.rela.init
 *(.rela.init)

.rel.fini
 *(.rel.fini)

.rela.fini
 *(.rela.fini)

.rel.text
 *(.rel.text .rel.text.* .rel.gnu.linkonce.t.*)

.rela.text
 *(.rela.text .rela.text.* .rela.gnu.linkonce.t.*)

.rel.rodata
 *(.rel.rodata .rel.rodata.* .rel.gnu.linkonce.r.*)

.rela.rodata
 *(.rela.rodata .rela.rodata.* .rela.gnu.linkonce.r.*)

.rel.data
 *(.rel.data .rel.data.* .rel.gnu.linkonce.d.*)

.rela.data
 *(.rela.data .rela.data.* .rela.gnu.linkonce.d.*)

.rel.bss
 *(.rel.bss .rel.bss.* .rel.gnu.linkonce.b.*)

.rela.bss
 *(.rela.bss .rela.bss.* .rela.gnu.linkonce.b.*)

.rel.ctors
 *(.rel.ctors)

.rela.ctors
 *(.rela.ctors)

.rel.dtors
 *(.rel.dtors)

.rela.dtors
 *(.rela.dtors)

.rel.got
 *(.rel.got)

.rela.got
 *(.rela.got)

.rel.plt
 *(.rel.plt)

.rela.plt
 *(.rela.plt)

.text           0x0000000000004000     0x584a
                0x0000000000004000                . = ALIGN (0x2)
 *(.init .init.*)
 *(.init0)
 .init0         0x0000000000004000        0x0 /usr/lib/gcc/msp430/4.6.3/mmpy-16/libcrt0.a(_reset_vector__.o)
                0x0000000000004000                _reset_vector__
 *(.init1)
 .init1         0x0000000000004000        0xc /usr/lib/gcc/msp430/4.6.3/mmpy-16/libcrt0.a(__watchdog_support.o)
                0x0000000000004000                __watchdog_support
 *(.init2)
 .init2         0x000000000000400c        0x4 /usr/lib/gcc/msp430/4.6.3/mmpy-16/libcrt0.a(__init_stack.o)
                0x000000000000400c                __init_stack
 *(.init3)
 .init3         0x0000000000004010        0x0 /usr/lib/gcc/msp430/4.6.3/mmpy-16/libcrt0.a(__low_level_init.o)
                0x0000000000004010                __low_level_init
 *(.init4)
 .init4         0x0000000000004010       0x18 /usr/lib/gcc/msp430/4.6.3/mmpy-16/libcrt0.a(_copy_data.o)
                0x0000000000004010                __do_copy_data
 .init4         0x0000000000004028       0x16 /usr/lib/gcc/msp430/4.6.3/mmpy-16/libcrt0.a(_clear_bss.o)
                0x0000000000004028                __do_clear_bss
 *(.init5)
 *(.init6)
 *(.init7)
 *(.init8)
 *(.init9)
 .init9         0x000000000000403e      0x2da obj_sky/contiki-sky-main.o
                0x000000000000403e                main
 *(.fini9)
 .fini9         0x0000000000004318        0x0 /usr/lib/gcc/msp430/4.6.3/mmpy-16/libcrt0.a(__stop_progExec__.o)
                0x0000000000004318                __stop_progExec__
 *(.fini8)
 *(.fini7)
 *(.fini6)
 *(.fini5)
 *(.fini4)
 *(.fini3)
 *(.fini2)
 *(.fini1)
 *(.fini0)
 .fini0         0x0000000000004318        0x6 /usr/lib/gcc/msp430/4.6.3/mmpy-16/libcrt0.a(_endless_loop__.o)
                0x0000000000004318                _endless_loop__
 *(.fini .fini.*)
                0x000000000000431e                . = ALIGN (0x2)
                0x000000000000431e                __ctors_start = .
 *(.ctors)
                0x000000000000431e                __ctors_end = .
                0x000000000000431e                __dtors_start = .
 *(.dtors)
                0x000000000000431e                __dtors_end = .
                0x000000000000431e                . = ALIGN (0x2)
 *(.text .text.* .gnu.linkonce.t.*)
 .text          0x000000000000431e        0x4 /usr/lib/gcc/msp430/4.6.3/mmpy-16/crt0ivtbl16.o
                0x000000000000431e                __isr_14
                0x000000000000431e                __isr_11
                0x000000000000431e                __isr_2
                0x000000000000431e                __isr_7
                0x000000000000431e                __isr_0
                0x000000000000431e                __isr_8
                0x000000000000431e                __isr_3
                0x000000000000431e                __isr_12
                0x000000000000431e                __isr_13
                0x000000000000431e                __isr_9
 .text.process_thread_ini_unicast
                0x0000000000004322       0x88 tree_RSSI_exp.co
 .text.process_thread_retx_unicast
                0x00000000000043aa       0xde tree_RSSI_exp.co
 .text.recv_uc  0x0000000000004488       0x5c tree_RSSI_exp.co
 .text.process_thread_send_unicast
                0x00000000000044e4      0x102 tree_RSSI_exp.co
 .text.process_thread_parent_select
                0x00000000000045e6       0x52 tree_RSSI_exp.co
 .text.process_thread_neighbor_discovery
                0x0000000000004638       0xd2 tree_RSSI_exp.co
 .text.sent_uc  0x000000000000470a       0x3a tree_RSSI_exp.co
 .text.broadcast_recv
                0x0000000000004744       0x72 tree_RSSI_exp.co
 .text.set_beacon
                0x00000000000047b6        0xa obj_sky/tree_lib.o
                0x00000000000047b6                set_beacon
 .text.set_unicast
                0x00000000000047c0       0x10 obj_sky/tree_lib.o
                0x00000000000047c0                set_unicast
 .text.set_message
                0x00000000000047d0       0x16 obj_sky/tree_lib.o
                0x00000000000047d0                set_message
 .text.print_rtx_table
                0x00000000000047e6       0x44 obj_sky/tree_lib.o
                0x00000000000047e6                print_rtx_table
 .text.pop_rtx  0x000000000000482a        0xa obj_sky/tree_lib.o
                0x000000000000482a                pop_rtx
 .text.clear_rtx
                0x0000000000004834        0xc obj_sky/tree_lib.o
                0x0000000000004834                clear_rtx
 .text.add_rtx  0x0000000000004840       0x96 obj_sky/tree_lib.o
                0x0000000000004840                add_rtx
 .text.update_parent
                0x00000000000048d6       0x7e obj_sky/tree_lib.o
                0x00000000000048d6                update_parent
 .text.print_select_table_parent
                0x0000000000004954       0x44 obj_sky/tree_lib.o
                0x0000000000004954                print_select_table_parent
 .text.add_parent
                0x0000000000004998       0x96 obj_sky/tree_lib.o
                0x0000000000004998                add_parent
 .text.init_platform
                0x0000000000004a2e        0xc contiki-sky.a(contiki-sky-pla)
                0x0000000000004a2e                init_platform
 .text.status   0x0000000000004a3a       0x16 contiki-sky.a(button-sensor.o)
 .text.configure
                0x0000000000004a50       0x52 contiki-sky.a(button-sensor.o)
 .text.value    0x0000000000004aa2       0x22 contiki-sky.a(button-sensor.o)
 .text.irq_p2   0x0000000000004ac4       0x8a contiki-sky.a(button-sensor.o)
                0x0000000000004ac4                irq_p2
                0x0000000000004ac4                __isr_1
 .text.owreadb  0x0000000000004b4e       0x52 contiki-sky.a(ds2411.o)
 .text.ds2411_init
                0x0000000000004ba0      0x122 contiki-sky.a(ds2411.o)
                0x0000000000004ba0                ds2411_init
 .text.wait_ready
                0x0000000000004cc2       0x50 contiki-sky.a(xmem.o)
 .text.xmem_init
                0x0000000000004d12       0x3e contiki-sky.a(xmem.o)
                0x0000000000004d12                xmem_init
 .text.xmem_pread
                0x0000000000004d50       0xea contiki-sky.a(xmem.o)
                0x0000000000004d50                xmem_pread
 .text.node_id_restore
                0x0000000000004e3a       0x38 contiki-sky.a(node-id.o)
                0x0000000000004e3a                node_id_restore
 .text.process_thread_sensors_process
                0x0000000000004e72       0xbe contiki-sky.a(sensors.o)
 .text.sensors_changed
                0x0000000000004f30       0x2a contiki-sky.a(sensors.o)
                0x0000000000004f30                sensors_changed
 .text.get_object
                0x0000000000004f5a        0x4 contiki-sky.a(cc2420.o)
 .text.set_object
                0x0000000000004f5e        0x4 contiki-sky.a(cc2420.o)
 .text.strobe   0x0000000000004f62       0x20 contiki-sky.a(cc2420.o)
 .text.getreg   0x0000000000004f82       0x54 contiki-sky.a(cc2420.o)
 .text.setreg   0x0000000000004fd6       0x52 contiki-sky.a(cc2420.o)
 .text.write_ram
                0x0000000000005028       0x80 contiki-sky.a(cc2420.o)
 .text.write_fifo_buf
                0x00000000000050a8       0x40 contiki-sky.a(cc2420.o)
 .text.get_status
                0x00000000000050e8       0x24 contiki-sky.a(cc2420.o)
 .text.set_txpower
                0x000000000000510c       0x26 contiki-sky.a(cc2420.o)
 .text.cc2420_receiving_packet
                0x0000000000005132        0xe contiki-sky.a(cc2420.o)
 .text.pending_packet
                0x0000000000005140        0x8 contiki-sky.a(cc2420.o)
 .text.on       0x0000000000005148       0x26 contiki-sky.a(cc2420.o)
 .text.wait_for_transmission
                0x000000000000516e       0x22 contiki-sky.a(cc2420.o)
 .text.wait_for_status
                0x0000000000005190       0x2a contiki-sky.a(cc2420.o)
 .text.getrxdata
                0x00000000000051ba       0x56 contiki-sky.a(cc2420.o)
 .text.flushrx  0x0000000000005210       0x1a contiki-sky.a(cc2420.o)
 .text.off      0x000000000000522a       0x62 contiki-sky.a(cc2420.o)
 .text.RELEASE_LOCK
                0x000000000000528c       0x28 contiki-sky.a(cc2420.o)
 .text.set_key  0x00000000000052b4       0x18 contiki-sky.a(cc2420.o)
 .text.set_frame_filtering
                0x00000000000052cc       0x30 contiki-sky.a(cc2420.o)
 .text.set_auto_ack
                0x00000000000052fc       0x30 contiki-sky.a(cc2420.o)
 .text.set_poll_mode
                0x000000000000532c       0x36 contiki-sky.a(cc2420.o)
 .text.cc2420_prepare
                0x0000000000005362       0x3c contiki-sky.a(cc2420.o)
 .text.cc2420_on
                0x000000000000539e       0x22 contiki-sky.a(cc2420.o)
                0x000000000000539e                cc2420_on
 .text.cc2420_off
                0x00000000000053c0       0x30 contiki-sky.a(cc2420.o)
                0x00000000000053c0                cc2420_off
 .text.cc2420_cca
                0x00000000000053f0       0x5e contiki-sky.a(cc2420.o)
 .text.cc2420_read
                0x000000000000544e       0xc0 contiki-sky.a(cc2420.o)
 .text.process_thread_cc2420_process
                0x000000000000550e       0x58 contiki-sky.a(cc2420.o)
 .text.encrypt  0x0000000000005566       0x8e contiki-sky.a(cc2420.o)
 .text.cc2420_set_channel
                0x00000000000055f4       0x3c contiki-sky.a(cc2420.o)
                0x00000000000055f4                cc2420_set_channel
 .text.cc2420_set_pan_addr
                0x0000000000005630       0x4c contiki-sky.a(cc2420.o)
                0x0000000000005630                cc2420_set_pan_addr
 .text.cc2420_interrupt
                0x000000000000567c       0x18 contiki-sky.a(cc2420.o)
                0x000000000000567c                cc2420_interrupt
 .text.cc2420_set_txpower
                0x0000000000005694        0xe contiki-sky.a(cc2420.o)
                0x0000000000005694                cc2420_set_txpower
 .text.cc2420_get_txpower
                0x00000000000056a2       0x1e contiki-sky.a(cc2420.o)
                0x00000000000056a2                cc2420_get_txpower
 .text.cc2420_transmit
                0x00000000000056c0      0x134 contiki-sky.a(cc2420.o)
 .text.cc2420_send
                0x00000000000057f4       0x12 contiki-sky.a(cc2420.o)
 .text.cc2420_rssi
                0x0000000000005806       0x4c contiki-sky.a(cc2420.o)
                0x0000000000005806                cc2420_rssi
 .text.get_value
                0x0000000000005852      0x108 contiki-sky.a(cc2420.o)
 .text.cc2420_set_cca_threshold
                0x000000000000595a       0x16 contiki-sky.a(cc2420.o)
                0x000000000000595a                cc2420_set_cca_threshold
 .text.set_value
                0x0000000000005970       0xba contiki-sky.a(cc2420.o)
 .text.cc2420_init
                0x0000000000005a2a       0xf0 contiki-sky.a(cc2420.o)
                0x0000000000005a2a                cc2420_init
 .text.cc2420_port1_interrupt
                0x0000000000005b1a       0x62 contiki-sky.a(cc2420-arch.o)
                0x0000000000005b1a                __isr_4
                0x0000000000005b1a                cc2420_port1_interrupt
 .text.cc2420_arch_init
                0x0000000000005b7c       0x1a contiki-sky.a(cc2420-arch.o)
                0x0000000000005b7c                cc2420_arch_init
 .text.handle_rxdma_timer
                0x0000000000005b96       0x3a contiki-sky.a(uart1.o)
 .text.uart1_active
                0x0000000000005bd0       0x1a contiki-sky.a(uart1.o)
                0x0000000000005bd0                uart1_active
 .text.uart1_set_input
                0x0000000000005bea       0x20 contiki-sky.a(uart1.o)
                0x0000000000005bea                uart1_set_input
 .text.uart1_writeb
                0x0000000000005c0a       0x1a contiki-sky.a(uart1.o)
                0x0000000000005c0a                uart1_writeb
 .text.uart1_init
                0x0000000000005c24       0xf6 contiki-sky.a(uart1.o)
                0x0000000000005c24                uart1_init
 .text.putchar  0x0000000000005d1a       0x10 contiki-sky.a(uart1-putchar.o)
                0x0000000000005d1a                putchar
 .text.msp430_init_dco
                0x0000000000005d2a       0x84 contiki-sky.a(msp430.o)
                0x0000000000005d2a                msp430_init_dco
 .text.msp430_add_lpm_req
                0x0000000000005dae        0xc contiki-sky.a(msp430.o)
                0x0000000000005dae                msp430_add_lpm_req
 .text.msp430_cpu_init
                0x0000000000005dba       0x2a contiki-sky.a(msp430.o)
                0x0000000000005dba                msp430_cpu_init
 .text.splhigh_
                0x0000000000005de4        0x8 contiki-sky.a(msp430.o)
                0x0000000000005de4                splhigh_
 .text.msp430_sync_dco
                0x0000000000005dec       0x68 contiki-sky.a(msp430.o)
                0x0000000000005dec                msp430_sync_dco
 .text.timera1  0x0000000000005e54      0x11e contiki-sky.a(clock.o)
                0x0000000000005e54                __isr_5
                0x0000000000005e54                timera1
 .text.clock_time
                0x0000000000005f72       0x1a contiki-sky.a(clock.o)
                0x0000000000005f72                clock_time
 .text.clock_init
                0x0000000000005f8c       0x28 contiki-sky.a(clock.o)
                0x0000000000005f8c                clock_init
 .text.clock_delay
                0x0000000000005fb4        0xc contiki-sky.a(clock.o)
                0x0000000000005fb4                clock_delay
 .text.show_leds
                0x0000000000005fc0       0xf6 contiki-sky.a(leds.o)
 .text.leds_init
                0x00000000000060b6        0xa contiki-sky.a(leds.o)
                0x00000000000060b6                leds_init
 .text.leds_on  0x00000000000060c0        0xa contiki-sky.a(leds.o)
                0x00000000000060c0                leds_on
 .text.leds_off
                0x00000000000060ca        0xe contiki-sky.a(leds.o)
                0x00000000000060ca                leds_off
 .text.leds_arch_init
                0x00000000000060d8        0xe contiki-sky.a(leds-arch.o)
                0x00000000000060d8                leds_arch_init
 .text.leds_arch_set
                0x00000000000060e6       0x3a contiki-sky.a(leds-arch.o)
                0x00000000000060e6                leds_arch_set
 .text.watchdog_interrupt
                0x0000000000006120        0x6 contiki-sky.a(watchdog.o)
                0x0000000000006120                __isr_10
                0x0000000000006120                watchdog_interrupt
 .text.watchdog_start
                0x0000000000006126       0x14 contiki-sky.a(watchdog.o)
                0x0000000000006126                watchdog_start
 .text.watchdog_periodic
                0x000000000000613a       0x12 contiki-sky.a(watchdog.o)
                0x000000000000613a                watchdog_periodic
 .text.watchdog_stop
                0x000000000000614c       0x16 contiki-sky.a(watchdog.o)
                0x000000000000614c                watchdog_stop
 .text.watchdog_init
                0x0000000000006162       0x14 contiki-sky.a(watchdog.o)
                0x0000000000006162                watchdog_init
 .text.rtimer_arch_init
                0x0000000000006176        0xe contiki-sky.a(rtimer-arch.o)
                0x0000000000006176                rtimer_arch_init
 .text.rtimer_arch_now
                0x0000000000006184        0xe contiki-sky.a(rtimer-arch.o)
                0x0000000000006184                rtimer_arch_now
 .text.timera0  0x0000000000006192       0x70 contiki-sky.a(rtimer-arch.o)
                0x0000000000006192                __isr_6
                0x0000000000006192                timera0
 .text.rtimer_arch_schedule
                0x0000000000006202        0x6 contiki-sky.a(rtimer-arch.o)
                0x0000000000006202                rtimer_arch_schedule
 .text.autostart_start
                0x0000000000006208       0x16 contiki-sky.a(autostart.o)
                0x0000000000006208                autostart_start
 .text.process_thread_ctimer_process
                0x000000000000621e       0xa4 contiki-sky.a(ctimer.o)
 .text.ctimer_init
                0x00000000000062c2       0x18 contiki-sky.a(ctimer.o)
                0x00000000000062c2                ctimer_init
 .text.ctimer_set_with_process
                0x00000000000062da       0x4e contiki-sky.a(ctimer.o)
                0x00000000000062da                ctimer_set_with_process
 .text.ctimer_set
                0x0000000000006328       0x10 contiki-sky.a(ctimer.o)
                0x0000000000006328                ctimer_set
 .text.ctimer_reset
                0x0000000000006338       0x30 contiki-sky.a(ctimer.o)
                0x0000000000006338                ctimer_reset
 .text.ctimer_stop
                0x0000000000006368       0x28 contiki-sky.a(ctimer.o)
                0x0000000000006368                ctimer_stop
 .text.energest_init
                0x0000000000006390       0x28 contiki-sky.a(energest.o)
                0x0000000000006390                energest_init
 .text.energest_type_time
                0x00000000000063b8       0x46 contiki-sky.a(energest.o)
                0x00000000000063b8                energest_type_time
 .text.energest_type_set
                0x00000000000063fe        0xe contiki-sky.a(energest.o)
                0x00000000000063fe                energest_type_set
 .text.energest_flush
                0x000000000000640c       0x48 contiki-sky.a(energest.o)
                0x000000000000640c                energest_flush
 .text.update_time
                0x0000000000006454       0x78 contiki-sky.a(etimer.o)
 .text.etimer_request_poll
                0x00000000000064cc        0xa contiki-sky.a(etimer.o)
                0x00000000000064cc                etimer_request_poll
 .text.process_thread_etimer_process
                0x00000000000064d6       0xc8 contiki-sky.a(etimer.o)
 .text.add_timer
                0x000000000000659e       0x40 contiki-sky.a(etimer.o)
 .text.etimer_set
                0x00000000000065de       0x12 contiki-sky.a(etimer.o)
                0x00000000000065de                etimer_set
 .text.etimer_reset
                0x00000000000065f0       0x12 contiki-sky.a(etimer.o)
                0x00000000000065f0                etimer_reset
 .text.etimer_expired
                0x0000000000006602        0xe contiki-sky.a(etimer.o)
                0x0000000000006602                etimer_expired
 .text.etimer_pending
                0x0000000000006610        0xc contiki-sky.a(etimer.o)
                0x0000000000006610                etimer_pending
 .text.etimer_next_expiration_time
                0x000000000000661c       0x16 contiki-sky.a(etimer.o)
                0x000000000000661c                etimer_next_expiration_time
 .text.etimer_stop
                0x0000000000006632       0x3c contiki-sky.a(etimer.o)
                0x0000000000006632                etimer_stop
 .text.call_process
                0x000000000000666e       0x4a contiki-sky.a(process.o)
 .text.exit_process
                0x00000000000066b8       0x96 contiki-sky.a(process.o)
 .text.do_poll  0x000000000000674e       0x30 contiki-sky.a(process.o)
 .text.process_alloc_event
                0x000000000000677e        0xe contiki-sky.a(process.o)
                0x000000000000677e                process_alloc_event
 .text.process_init
                0x000000000000678c       0x1c contiki-sky.a(process.o)
                0x000000000000678c                process_init
 .text.process_run
                0x00000000000067a8       0x92 contiki-sky.a(process.o)
                0x00000000000067a8                process_run
 .text.process_nevents
                0x000000000000683a        0xe contiki-sky.a(process.o)
                0x000000000000683a                process_nevents
 .text.process_post
                0x0000000000006848       0x4e contiki-sky.a(process.o)
                0x0000000000006848                process_post
 .text.process_post_synch
                0x0000000000006896       0x12 contiki-sky.a(process.o)
                0x0000000000006896                process_post_synch
 .text.process_start
                0x00000000000068a8       0x32 contiki-sky.a(process.o)
                0x00000000000068a8                process_start
 .text.process_poll
                0x00000000000068da       0x18 contiki-sky.a(process.o)
                0x00000000000068da                process_poll
 .text.rtimer_init
                0x00000000000068f2        0x6 contiki-sky.a(rtimer.o)
                0x00000000000068f2                rtimer_init
 .text.rtimer_set
                0x00000000000068f8       0x24 contiki-sky.a(rtimer.o)
                0x00000000000068f8                rtimer_set
 .text.rtimer_run_next
                0x000000000000691c       0x26 contiki-sky.a(rtimer.o)
                0x000000000000691c                rtimer_run_next
 .text.timer_set
                0x0000000000006942       0x1c contiki-sky.a(timer.o)
                0x0000000000006942                timer_set
 .text.timer_reset
                0x000000000000695e        0xe contiki-sky.a(timer.o)
                0x000000000000695e                timer_reset
 .text.timer_expired
                0x000000000000696c       0x2a contiki-sky.a(timer.o)
                0x000000000000696c                timer_expired
 .text.process_thread_serial_line_process
                0x0000000000006996       0x9c contiki-sky.a(serial-line.o)
 .text.serial_line_input_byte
                0x0000000000006a32       0x4a contiki-sky.a(serial-line.o)
                0x0000000000006a32                serial_line_input_byte
 .text.serial_line_init
                0x0000000000006a7c       0x1c contiki-sky.a(serial-line.o)
                0x0000000000006a7c                serial_line_init
 .text.list_init
                0x0000000000006a98        0x6 contiki-sky.a(list.o)
                0x0000000000006a98                list_init
 .text.list_head
                0x0000000000006a9e        0x4 contiki-sky.a(list.o)
                0x0000000000006a9e                list_head
 .text.list_tail
                0x0000000000006aa2       0x12 contiki-sky.a(list.o)
                0x0000000000006aa2                list_tail
 .text.list_pop
                0x0000000000006ab4        0xe contiki-sky.a(list.o)
                0x0000000000006ab4                list_pop
 .text.list_remove
                0x0000000000006ac2       0x34 contiki-sky.a(list.o)
                0x0000000000006ac2                list_remove
 .text.list_push
                0x0000000000006af6       0x1a contiki-sky.a(list.o)
                0x0000000000006af6                list_push
 .text.list_add
                0x0000000000006b10       0x2a contiki-sky.a(list.o)
                0x0000000000006b10                list_add
 .text.list_length
                0x0000000000006b3a       0x10 contiki-sky.a(list.o)
                0x0000000000006b3a                list_length
 .text.list_item_next
                0x0000000000006b4a        0xc contiki-sky.a(list.o)
                0x0000000000006b4a                list_item_next
 .text.memb_init
                0x0000000000006b56       0x36 contiki-sky.a(memb.o)
                0x0000000000006b56                memb_init
 .text.memb_alloc
                0x0000000000006b8c       0x3e contiki-sky.a(memb.o)
                0x0000000000006b8c                memb_alloc
 .text.memb_free
                0x0000000000006bca       0x3a contiki-sky.a(memb.o)
                0x0000000000006bca                memb_free
 .text.memb_inmemb
                0x0000000000006c04       0x2e contiki-sky.a(memb.o)
                0x0000000000006c04                memb_inmemb
 .text.random_init
                0x0000000000006c32        0x6 contiki-sky.a(random.o)
                0x0000000000006c32                random_init
 .text.random_rand
                0x0000000000006c38        0x6 contiki-sky.a(random.o)
                0x0000000000006c38                random_rand
 .text.ringbuf_init
                0x0000000000006c3e       0x14 contiki-sky.a(ringbuf.o)
                0x0000000000006c3e                ringbuf_init
 .text.ringbuf_put
                0x0000000000006c52       0x38 contiki-sky.a(ringbuf.o)
                0x0000000000006c52                ringbuf_put
 .text.ringbuf_get
                0x0000000000006c8a       0x34 contiki-sky.a(ringbuf.o)
                0x0000000000006c8a                ringbuf_get
 .text.sent_by_abc
                0x0000000000006cbe       0x10 contiki-sky.a(broadcast.o)
 .text.recv_from_abc
                0x0000000000006cce       0x26 contiki-sky.a(broadcast.o)
 .text.broadcast_open
                0x0000000000006cf4       0x2a contiki-sky.a(broadcast.o)
                0x0000000000006cf4                broadcast_open
 .text.broadcast_close
                0x0000000000006d1e        0x6 contiki-sky.a(broadcast.o)
                0x0000000000006d1e                broadcast_close
 .text.broadcast_send
                0x0000000000006d24       0x1a contiki-sky.a(broadcast.o)
                0x0000000000006d24                broadcast_send
 .text.channel_init
                0x0000000000006d3e        0xa contiki-sky.a(channel.o)
                0x0000000000006d3e                channel_init
 .text.channel_open
                0x0000000000006d48       0x10 contiki-sky.a(channel.o)
                0x0000000000006d48                channel_open
 .text.channel_close
                0x0000000000006d58        0xc contiki-sky.a(channel.o)
                0x0000000000006d58                channel_close
 .text.channel_lookup
                0x0000000000006d64       0x20 contiki-sky.a(channel.o)
                0x0000000000006d64                channel_lookup
 .text.channel_set_attributes
                0x0000000000006d84       0x24 contiki-sky.a(channel.o)
                0x0000000000006d84                channel_set_attributes
 .text.chameleon_init
                0x0000000000006da8        0x6 contiki-sky.a(chameleon.o)
                0x0000000000006da8                chameleon_init
 .text.chameleon_parse
                0x0000000000006dae       0x10 contiki-sky.a(chameleon.o)
                0x0000000000006dae                chameleon_parse
 .text.chameleon_create
                0x0000000000006dbe       0x1c contiki-sky.a(chameleon.o)
                0x0000000000006dbe                chameleon_create
 .text.chameleon_hdrsize
                0x0000000000006dda        0x6 contiki-sky.a(chameleon.o)
                0x0000000000006dda                chameleon_hdrsize
 .text.input    0x0000000000006de0       0x3a contiki-sky.a(rime.o)
 .text.init     0x0000000000006e1a       0x2e contiki-sky.a(rime.o)
 .text.packet_sent
                0x0000000000006e48       0x44 contiki-sky.a(rime.o)
 .text.rime_output
                0x0000000000006e8c       0x24 contiki-sky.a(rime.o)
                0x0000000000006e8c                rime_output
 .text.sent_by_broadcast
                0x0000000000006eb0       0x10 contiki-sky.a(unicast.o)
 .text.recv_from_broadcast
                0x0000000000006ec0       0x2e contiki-sky.a(unicast.o)
 .text.unicast_open
                0x0000000000006eee       0x2a contiki-sky.a(unicast.o)
                0x0000000000006eee                unicast_open
 .text.unicast_close
                0x0000000000006f18        0x6 contiki-sky.a(unicast.o)
                0x0000000000006f18                unicast_close
 .text.unicast_send
                0x0000000000006f1e       0x16 contiki-sky.a(unicast.o)
                0x0000000000006f1e                unicast_send
 .text.abc_open
                0x0000000000006f34       0x26 contiki-sky.a(abc.o)
                0x0000000000006f34                abc_open
 .text.abc_close
                0x0000000000006f5a        0x6 contiki-sky.a(abc.o)
                0x0000000000006f5a                abc_close
 .text.abc_send
                0x0000000000006f60        0x6 contiki-sky.a(abc.o)
                0x0000000000006f60                abc_send
 .text.abc_input
                0x0000000000006f66        0xe contiki-sky.a(abc.o)
                0x0000000000006f66                abc_input
 .text.abc_sent
                0x0000000000006f74       0x10 contiki-sky.a(abc.o)
                0x0000000000006f74                abc_sent
 .text.announcement_init
                0x0000000000006f84        0xa contiki-sky.a(announcement.o)
                0x0000000000006f84                announcement_init
 .text.announcement_register_observer_callback
                0x0000000000006f8e        0x6 contiki-sky.a(announcement.o)
                0x0000000000006f8e                announcement_register_observer_callback
 .text.announcement_list
                0x0000000000006f94        0xa contiki-sky.a(announcement.o)
                0x0000000000006f94                announcement_list
 .text.announcement_heard
                0x0000000000006f9e       0x42 contiki-sky.a(announcement.o)
                0x0000000000006f9e                announcement_heard
 .text.input_packet
                0x0000000000006fe0        0x6 contiki-sky.a(csma.o)
 .text.on       0x0000000000006fe6        0x6 contiki-sky.a(csma.o)
 .text.off      0x0000000000006fec        0x6 contiki-sky.a(csma.o)
 .text.channel_check_interval
                0x0000000000006ff2       0x10 contiki-sky.a(csma.o)
 .text.transmit_packet_list
                0x0000000000007002       0x24 contiki-sky.a(csma.o)
 .text.schedule_transmission
                0x0000000000007026       0x94 contiki-sky.a(csma.o)
 .text.send_packet
                0x00000000000070ba      0x170 contiki-sky.a(csma.o)
 .text.init     0x000000000000722a       0x1a contiki-sky.a(csma.o)
 .text.tx_done  0x0000000000007244       0x98 contiki-sky.a(csma.o)
 .text.packet_sent
                0x00000000000072dc       0xd2 contiki-sky.a(csma.o)
 .text.queuebuf_init
                0x00000000000073ae       0x12 contiki-sky.a(queuebuf.o)
                0x00000000000073ae                queuebuf_init
 .text.queuebuf_new_from_packetbuf
                0x00000000000073c0       0x52 contiki-sky.a(queuebuf.o)
                0x00000000000073c0                queuebuf_new_from_packetbuf
 .text.queuebuf_update_attr_from_packetbuf
                0x0000000000007412       0x12 contiki-sky.a(queuebuf.o)
                0x0000000000007412                queuebuf_update_attr_from_packetbuf
 .text.queuebuf_update_from_packetbuf
                0x0000000000007424       0x22 contiki-sky.a(queuebuf.o)
                0x0000000000007424                queuebuf_update_from_packetbuf
 .text.queuebuf_free
                0x0000000000007446       0x2a contiki-sky.a(queuebuf.o)
                0x0000000000007446                queuebuf_free
 .text.queuebuf_to_packetbuf
                0x0000000000007470       0x32 contiki-sky.a(queuebuf.o)
                0x0000000000007470                queuebuf_to_packetbuf
 .text.queuebuf_attr
                0x00000000000074a2        0xe contiki-sky.a(queuebuf.o)
                0x00000000000074a2                queuebuf_attr
 .text.packetbuf_hdrreduce
                0x00000000000074b0       0x1a contiki-sky.a(packetbuf.o)
                0x00000000000074b0                packetbuf_hdrreduce
 .text.packetbuf_set_datalen
                0x00000000000074ca        0x6 contiki-sky.a(packetbuf.o)
                0x00000000000074ca                packetbuf_set_datalen
 .text.packetbuf_hdrptr
                0x00000000000074d0        0x6 contiki-sky.a(packetbuf.o)
                0x00000000000074d0                packetbuf_hdrptr
 .text.packetbuf_datalen
                0x00000000000074d6        0x6 contiki-sky.a(packetbuf.o)
                0x00000000000074d6                packetbuf_datalen
 .text.packetbuf_hdrlen
                0x00000000000074dc        0xa contiki-sky.a(packetbuf.o)
                0x00000000000074dc                packetbuf_hdrlen
 .text.packetbuf_dataptr
                0x00000000000074e6        0xc contiki-sky.a(packetbuf.o)
                0x00000000000074e6                packetbuf_dataptr
 .text.packetbuf_copyto
                0x00000000000074f2       0x46 contiki-sky.a(packetbuf.o)
                0x00000000000074f2                packetbuf_copyto
 .text.packetbuf_compact
                0x0000000000007538       0x36 contiki-sky.a(packetbuf.o)
                0x0000000000007538                packetbuf_compact
 .text.packetbuf_totlen
                0x000000000000756e        0xc contiki-sky.a(packetbuf.o)
                0x000000000000756e                packetbuf_totlen
 .text.packetbuf_hdralloc
                0x000000000000757a       0x3a contiki-sky.a(packetbuf.o)
                0x000000000000757a                packetbuf_hdralloc
 .text.packetbuf_attr_clear
                0x00000000000075b4       0x2c contiki-sky.a(packetbuf.o)
                0x00000000000075b4                packetbuf_attr_clear
 .text.packetbuf_clear
                0x00000000000075e0       0x12 contiki-sky.a(packetbuf.o)
                0x00000000000075e0                packetbuf_clear
 .text.packetbuf_copyfrom
                0x00000000000075f2       0x2e contiki-sky.a(packetbuf.o)
                0x00000000000075f2                packetbuf_copyfrom
 .text.packetbuf_attr_copyto
                0x0000000000007620       0x20 contiki-sky.a(packetbuf.o)
                0x0000000000007620                packetbuf_attr_copyto
 .text.packetbuf_attr_copyfrom
                0x0000000000007640       0x22 contiki-sky.a(packetbuf.o)
                0x0000000000007640                packetbuf_attr_copyfrom
 .text.packetbuf_holds_broadcast
                0x0000000000007662        0xe contiki-sky.a(packetbuf.o)
                0x0000000000007662                packetbuf_holds_broadcast
 .text.linkaddr_copy
                0x0000000000007670        0xc contiki-sky.a(linkaddr.o)
                0x0000000000007670                linkaddr_copy
 .text.linkaddr_cmp
                0x000000000000767c       0x12 contiki-sky.a(linkaddr.o)
                0x000000000000767c                linkaddr_cmp
 .text.linkaddr_set_node_addr
                0x000000000000768e        0xc contiki-sky.a(linkaddr.o)
                0x000000000000768e                linkaddr_set_node_addr
 .text.duty_cycle
                0x000000000000769a        0x6 contiki-sky.a(contikimac.o)
 .text.init     0x00000000000076a0       0x2a contiki-sky.a(contikimac.o)
 .text.on       0x00000000000076ca       0x1a contiki-sky.a(contikimac.o)
 .text.off      0x00000000000076e4       0x22 contiki-sky.a(contikimac.o)
 .text.recv_burst_off
                0x0000000000007706        0xa contiki-sky.a(contikimac.o)
 .text.turn_off
                0x0000000000007710       0x20 contiki-sky.a(contikimac.o)
 .text.turn_on  0x0000000000007730       0x30 contiki-sky.a(contikimac.o)
 .text.schedule_powercycle_fixed.part.4
                0x0000000000007760       0x32 contiki-sky.a(contikimac.o)
 .text.powercycle_turn_radio_off
                0x0000000000007792       0x30 contiki-sky.a(contikimac.o)
 .text.powercycle_wrapper
                0x00000000000077c2      0x1c2 contiki-sky.a(contikimac.o)
 .text.input_packet
                0x0000000000007984       0xb2 contiki-sky.a(contikimac.o)
 .text.send_packet.isra.8
                0x0000000000007a36      0x1ec contiki-sky.a(contikimac.o)
 .text.qsend_list
                0x0000000000007c22       0xd2 contiki-sky.a(contikimac.o)
 .text.qsend_packet
                0x0000000000007cf4       0x28 contiki-sky.a(contikimac.o)
 .text.hdr_length
                0x0000000000007d1c        0x8 contiki-sky.a(contikimac-fram)
 .text.parse    0x0000000000007d24       0x3a contiki-sky.a(contikimac-fram)
 .text.create   0x0000000000007d5e       0x74 contiki-sky.a(contikimac-fram)
 .text.init     0x0000000000007dd2        0x2 contiki-sky.a(nullsec.o)
 .text.send     0x0000000000007dd4        0xa contiki-sky.a(nullsec.o)
 .text.input    0x0000000000007dde        0x6 contiki-sky.a(nullsec.o)
 .text.spi_init
                0x0000000000007de4       0x32 contiki-sky.a(spi.o)
                0x0000000000007de4                spi_init
 .text.compower_accumulate
                0x0000000000007e16       0x72 contiki-sky.a(compower.o)
                0x0000000000007e16                compower_accumulate
 .text.compower_clear
                0x0000000000007e88       0x12 contiki-sky.a(compower.o)
                0x0000000000007e88                compower_clear
 .text.compower_attrconv
                0x0000000000007e9a       0x10 contiki-sky.a(compower.o)
                0x0000000000007e9a                compower_attrconv
 .text.get_bits_in_byte
                0x0000000000007eaa       0x3a contiki-sky.a(chameleon-bitop)
 .text.header_size
                0x0000000000007ee4       0x16 contiki-sky.a(chameleon-bitop)
 .text.get_bits
                0x0000000000007efa       0xa4 contiki-sky.a(chameleon-bitop)
                0x0000000000007efa                get_bits
 .text.unpack_header
                0x0000000000007f9e       0xdc contiki-sky.a(chameleon-bitop)
 .text.set_bits
                0x000000000000807a      0x116 contiki-sky.a(chameleon-bitop)
                0x000000000000807a                set_bits
 .text.pack_header
                0x0000000000008190       0xc4 contiki-sky.a(chameleon-bitop)
 .text.adv_packet_sent
                0x0000000000008254        0x2 contiki-sky.a(broadcast-annou)
 .text.adv_packet_received
                0x0000000000008256       0x66 contiki-sky.a(broadcast-annou)
 .text.set_timers
                0x00000000000082bc       0x4a contiki-sky.a(broadcast-annou)
 .text.send_timer
                0x0000000000008306       0x36 contiki-sky.a(broadcast-annou)
 .text.new_announcement
                0x000000000000833c       0x18 contiki-sky.a(broadcast-annou)
 .text.send_adv
                0x0000000000008354       0x66 contiki-sky.a(broadcast-annou)
 .text.broadcast_announcement_init
                0x00000000000083ba       0x48 contiki-sky.a(broadcast-annou)
                0x00000000000083ba                broadcast_announcement_init
 .text.mac_sequence_is_duplicate
                0x0000000000008402       0x66 contiki-sky.a(mac-sequence.o)
                0x0000000000008402                mac_sequence_is_duplicate
 .text.mac_sequence_register_seqno
                0x0000000000008468       0x74 contiki-sky.a(mac-sequence.o)
                0x0000000000008468                mac_sequence_register_seqno
 .text.mac_call_sent_callback
                0x00000000000084dc       0x14 contiki-sky.a(mac.o)
                0x00000000000084dc                mac_call_sent_callback
 .text.parse    0x00000000000084f0       0xb0 contiki-sky.a(framer-802154.o)
 .text.create_frame.isra.0
                0x00000000000085a0      0x114 contiki-sky.a(framer-802154.o)
 .text.create   0x00000000000086b4        0x8 contiki-sky.a(framer-802154.o)
 .text.hdr_length
                0x00000000000086bc        0x8 contiki-sky.a(framer-802154.o)
 .text.frame802154_get_pan_id
                0x00000000000086c4        0x6 contiki-sky.a(frame802154.o)
                0x00000000000086c4                frame802154_get_pan_id
 .text.frame802154_has_panid
                0x00000000000086ca       0xdc contiki-sky.a(frame802154.o)
                0x00000000000086ca                frame802154_has_panid
 .text.field_len
                0x00000000000087a6       0xb2 contiki-sky.a(frame802154.o)
 .text.frame802154_is_broadcast_addr
                0x0000000000008858       0x24 contiki-sky.a(frame802154.o)
                0x0000000000008858                frame802154_is_broadcast_addr
 .text.frame802154_hdrlen
                0x000000000000887c       0x32 contiki-sky.a(frame802154.o)
                0x000000000000887c                frame802154_hdrlen
 .text.frame802154_create_fcf
                0x00000000000088ae       0x96 contiki-sky.a(frame802154.o)
                0x00000000000088ae                frame802154_create_fcf
 .text.frame802154_create
                0x0000000000008944       0xe4 contiki-sky.a(frame802154.o)
                0x0000000000008944                frame802154_create
 .text.frame802154_parse_fcf
                0x0000000000008a28       0xbe contiki-sky.a(frame802154.o)
                0x0000000000008a28                frame802154_parse_fcf
 .text.frame802154_parse
                0x0000000000008ae6      0x18c contiki-sky.a(frame802154.o)
                0x0000000000008ae6                frame802154_parse
 .text.libgcc   0x0000000000008c72       0x2c /usr/lib/gcc/msp430/4.6.3/mmpy-16/libgcc.a(_mulsi3.o)
                0x0000000000008c72                __mulsi3
 .text.libgcc   0x0000000000008c9e       0x40 /usr/lib/gcc/msp430/4.6.3/mmpy-16/libgcc.a(_udivmod32.o)
                0x0000000000008c9e                __udivsi3
                0x0000000000008c9e                __ext_udivmod32
                0x0000000000008cd4                __umodsi3
 .text          0x0000000000008cde       0x20 /usr/lib/gcc/msp430/4.6.3/../../../../msp430/lib/mmpy-16/libc.a(memcmp.o)
                0x0000000000008cde                memcmp
 .text          0x0000000000008cfe       0xfa /usr/lib/gcc/msp430/4.6.3/../../../../msp430/lib/mmpy-16/libc.a(memcpy.o)
                0x0000000000008cfe                memcpy
 .text          0x0000000000008df8       0x6a /usr/lib/gcc/msp430/4.6.3/../../../../msp430/lib/mmpy-16/libc.a(memset.o)
                0x0000000000008df8                memset
 .text          0x0000000000008e62       0x1e /usr/lib/gcc/msp430/4.6.3/../../../../msp430/lib/mmpy-16/libc.a(printf.o)
                0x0000000000008e62                printf
                0x0000000000008e72                vprintf
 .text          0x0000000000008e80      0x836 /usr/lib/gcc/msp430/4.6.3/../../../../msp430/lib/mmpy-16/libc.a(vuprintf.o)
                0x0000000000009018                vuprintf
 .text          0x00000000000096b6       0x2c /usr/lib/gcc/msp430/4.6.3/../../../../msp430/lib/mmpy-16/libc.a(puts.o)
                0x00000000000096b6                puts
 .text          0x00000000000096e2       0x54 /usr/lib/gcc/msp430/4.6.3/../../../../msp430/lib/mmpy-16/libc.a(rand.o)
                0x00000000000096e2                rand_r
                0x0000000000009706                rand
                0x000000000000972c                srand
 .text.libgcc   0x0000000000009736       0x22 /usr/lib/gcc/msp430/4.6.3/mmpy-16/libgcc.a(_udivmod16.o)
                0x0000000000009736                __udivhi3
                0x0000000000009736                __ext_udivmod16
                0x0000000000009750                __umodhi3
 .text.libgcc   0x0000000000009758       0xf0 /usr/lib/gcc/msp430/4.6.3/mmpy-16/libgcc.a(_udivmod64.o)
                0x0000000000009758                __xabi_udivmod64
                0x00000000000097b6                __udivdi3
                0x00000000000097dc                __umoddi3
                0x000000000000980a                __udivmoddi4
 .text.crt0     0x0000000000009848        0x2 /usr/lib/gcc/msp430/4.6.3/mmpy-16/libcrt0.a(_unexpected_.o)
                0x0000000000009848                _unexpected_
                0x000000000000984a                . = ALIGN (0x2)

.rodata         0x000000000000984a      0x6be
                0x000000000000984a                . = ALIGN (0x2)
 *(.rodata .rodata.* .gnu.linkonce.r.*)
 .rodata        0x000000000000984a      0x2e6 tree_RSSI_exp.co
                0x0000000000009a88                autostart_processes
 .rodata        0x0000000000009b30      0x1b3 obj_sky/tree_lib.o
 .rodata        0x0000000000009ce3       0xe7 obj_sky/contiki-sky-main.o
 .rodata        0x0000000000009dca       0x10 contiki-sky.a(button-sensor.o)
                0x0000000000009dd2                button_sensor
 .rodata        0x0000000000009dda        0x8 contiki-sky.a(sensors.o)
 .rodata        0x0000000000009de2       0x70 contiki-sky.a(cc2420.o)
                0x0000000000009e14                cc2420_aes_128_driver
                0x0000000000009e18                cc2420_driver
 .rodata        0x0000000000009e52        0xf contiki-sky.a(ctimer.o)
 .rodata        0x0000000000009e61        0xc contiki-sky.a(etimer.o)
 .rodata        0x0000000000009e6d        0xe contiki-sky.a(serial-line.o)
 *fill*         0x0000000000009e7b        0x1 00
 .rodata        0x0000000000009e7c        0x8 contiki-sky.a(broadcast.o)
 .rodata        0x0000000000009e84        0xc contiki-sky.a(rime.o)
                0x0000000000009e8a                rime_driver
 .rodata        0x0000000000009e90        0xa contiki-sky.a(unicast.o)
 .rodata        0x0000000000009e9a        0x2 contiki-sky.a(abc.o)
 .rodata        0x0000000000009e9c       0x14 contiki-sky.a(csma.o)
                0x0000000000009ea2                csma_driver
 .rodata        0x0000000000009eb0        0x2 contiki-sky.a(linkaddr.o)
                0x0000000000009eb0                linkaddr_null
 .rodata        0x0000000000009eb2       0x1c contiki-sky.a(contikimac.o)
                0x0000000000009ebe                contikimac_driver
 .rodata        0x0000000000009ece        0x6 contiki-sky.a(contikimac-fram)
                0x0000000000009ece                contikimac_framer
 .rodata        0x0000000000009ed4       0x10 contiki-sky.a(nullsec.o)
                0x0000000000009edc                nullsec_driver
 .rodata        0x0000000000009ee4       0x10 contiki-sky.a(chameleon-bitop)
                0x0000000000009ee4                chameleon_bitopt
 .rodata        0x0000000000009ef4        0x4 contiki-sky.a(broadcast-annou)
 .rodata        0x0000000000009ef8        0x6 contiki-sky.a(framer-802154.o)
                0x0000000000009ef8                framer_802154
 .rodata        0x0000000000009efe        0x2 contiki-sky.a(frame802154.o)
 .rodata        0x0000000000009f00        0x7 /usr/lib/gcc/msp430/4.6.3/../../../../msp430/lib/mmpy-16/libc.a(vuprintf.o)
                0x0000000000009f08                . = ALIGN (0x2)
 *fill*         0x0000000000009f07        0x1 00
                0x0000000000009f08                _etext = .

.data           0x0000000000001100       0xaa load address 0x0000000000009f08
                0x0000000000001100                . = ALIGN (0x2)
                0x0000000000001100                PROVIDE (__data_start, .)
 *(.data .data.* .gnu.linkonce.d.*)
 .data          0x0000000000001100       0x32 tree_RSSI_exp.co
                0x0000000000001100                ini_unicast
                0x000000000000110a                retx_unicast
                0x0000000000001114                send_unicast
                0x000000000000111e                parent_select
                0x0000000000001128                neighbor_discovery
 .data          0x0000000000001132       0x10 obj_sky/tree_lib.o
 .data          0x0000000000001142        0x4 contiki-sky.a(contiki-sky-pla)
                0x0000000000001142                sensors
 .data          0x0000000000001146        0xa contiki-sky.a(sensors.o)
                0x0000000000001146                sensors_process
 .data          0x0000000000001150        0xc contiki-sky.a(cc2420.o)
                0x0000000000001150                cc2420_process
 .data          0x000000000000115c        0x2 contiki-sky.a(msp430.o)
 .data          0x000000000000115e        0xa contiki-sky.a(ctimer.o)
                0x000000000000115e                ctimer_process
 .data          0x0000000000001168        0xa contiki-sky.a(etimer.o)
                0x0000000000001168                etimer_process
 .data          0x0000000000001172        0xa contiki-sky.a(serial-line.o)
                0x0000000000001172                serial_line_process
 .data          0x000000000000117c       0x18 contiki-sky.a(csma.o)
 .data          0x0000000000001194       0x10 contiki-sky.a(queuebuf.o)
 .data          0x00000000000011a4        0x2 contiki-sky.a(frame802154.o)
 .data          0x00000000000011a6        0x4 /usr/lib/gcc/msp430/4.6.3/../../../../msp430/lib/mmpy-16/libc.a(rand.o)
                0x00000000000011aa                . = ALIGN (0x2)
                0x00000000000011aa                _edata = .
                0x0000000000009f08                PROVIDE (__data_load_start, LOADADDR (.data))
                0x00000000000000aa                PROVIDE (__data_size, SIZEOF (.data))

.bss            0x00000000000011aa     0x12b4 load address 0x0000000000009fb2
                0x00000000000011aa                PROVIDE (__bss_start, .)
 *(.bss .bss.*)
 .bss           0x00000000000011aa       0x42 tree_RSSI_exp.co
 .bss           0x00000000000011ec       0xc4 obj_sky/tree_lib.o
 .bss           0x00000000000012b0        0xc obj_sky/contiki-sky-main.o
 .bss           0x00000000000012bc        0x8 contiki-sky.a(button-sensor.o)
 .bss           0x00000000000012c4        0x2 contiki-sky.a(node-id.o)
                0x00000000000012c4                node_id
 .bss           0x00000000000012c6        0x6 contiki-sky.a(sensors.o)
 .bss           0x00000000000012cc        0xa contiki-sky.a(cc2420.o)
 .bss           0x00000000000012d6       0x9a contiki-sky.a(uart1.o)
 .bss           0x0000000000001370        0xa contiki-sky.a(clock.o)
 .bss           0x000000000000137a        0x1 contiki-sky.a(leds.o)
 *fill*         0x000000000000137b        0x1 00
 .bss           0x000000000000137c        0x2 contiki-sky.a(watchdog.o)
 .bss           0x000000000000137e        0x4 contiki-sky.a(ctimer.o)
 .bss           0x0000000000001382        0x6 contiki-sky.a(etimer.o)
 .bss           0x0000000000001388       0x38 contiki-sky.a(process.o)
                0x0000000000001388                process_current
                0x000000000000138a                process_list
 .bss           0x00000000000013c0        0x2 contiki-sky.a(rtimer.o)
 .bss           0x00000000000013c2      0x10a contiki-sky.a(serial-line.o)
 .bss           0x00000000000014cc        0x2 contiki-sky.a(channel.o)
 .bss           0x00000000000014ce        0x2 contiki-sky.a(rime.o)
 .bss           0x00000000000014d0        0x6 contiki-sky.a(announcement.o)
 .bss           0x00000000000014d6      0x124 contiki-sky.a(csma.o)
 .bss           0x00000000000015fa      0xc20 contiki-sky.a(queuebuf.o)
 .bss           0x000000000000221a       0x86 contiki-sky.a(packetbuf.o)
 .bss           0x00000000000022a0       0x32 contiki-sky.a(contikimac.o)
 .bss           0x00000000000022d2        0x8 contiki-sky.a(compower.o)
 .bss           0x00000000000022da       0x46 contiki-sky.a(broadcast-annou)
 .bss           0x0000000000002320       0x80 contiki-sky.a(mac-sequence.o)
 .bss           0x00000000000023a0        0x2 contiki-sky.a(framer-802154.o)
 *(COMMON)
 COMMON         0x00000000000023a2        0x2 contiki-sky.a(contiki-sky-pla)
                0x00000000000023a2                sensors_flags
 COMMON         0x00000000000023a4        0x8 contiki-sky.a(ds2411.o)
                0x00000000000023a4                ds2411_id
 COMMON         0x00000000000023ac        0x1 contiki-sky.a(sensors.o)
                0x00000000000023ac                sensors_event
 *fill*         0x00000000000023ad        0x1 00
 COMMON         0x00000000000023ae       0x10 contiki-sky.a(cc2420.o)
                0x00000000000023ae                cc2420_last_rssi
                0x00000000000023b0                cc2420_sfd_start_time
                0x00000000000023b2                cc2420_time_of_departure
                0x00000000000023b4                cc2420_time_of_arrival
                0x00000000000023b6                cc2420_last_correlation
                0x00000000000023b8                cc2420_authority_level_of_sender
                0x00000000000023ba                cc2420_sfd_counter
                0x00000000000023bc                cc2420_sfd_end_time
 COMMON         0x00000000000023be        0x2 contiki-sky.a(msp430.o)
                0x00000000000023be                msp430_dco_required
 COMMON         0x00000000000023c0       0x56 contiki-sky.a(energest.o)
                0x00000000000023c0                energest_total_time
                0x00000000000023f0                energest_total_count
                0x00000000000023f2                energest_current_mode
                0x00000000000023fe                energest_current_time
 COMMON         0x0000000000002416        0x1 contiki-sky.a(process.o)
                0x0000000000002416                process_maxevents
 COMMON         0x0000000000002417        0x1 contiki-sky.a(serial-line.o)
                0x0000000000002417                serial_line_event_message
 COMMON         0x0000000000002418       0x3c contiki-sky.a(packetbuf.o)
                0x0000000000002418                packetbuf_addrs
                0x0000000000002420                packetbuf_attrs
 COMMON         0x0000000000002454        0x2 contiki-sky.a(linkaddr.o)
                0x0000000000002454                linkaddr_node_addr
 COMMON         0x0000000000002456        0x8 contiki-sky.a(compower.o)
                0x0000000000002456                compower_idle_activity
                0x000000000000245e                . = ALIGN (0x2)
                0x000000000000245e                PROVIDE (__bss_end, .)
                0x00000000000012b4                PROVIDE (__bss_size, SIZEOF (.bss))

.noinit         0x000000000000245e        0x2 load address 0x0000000000009fb2
                0x000000000000245e                PROVIDE (__noinit_start, .)
 *(.noinit .noinit.*)
 .noinit.crt0   0x000000000000245e        0x2 /usr/lib/gcc/msp430/4.6.3/mmpy-16/libcrt0.a(__watchdog_support.o)
                0x000000000000245e                __wdt_clear_value
                0x0000000000002460                . = ALIGN (0x2)
                0x0000000000002460                PROVIDE (__noinit_end, .)
                0x0000000000002460                . = ALIGN (0x2)
                0x0000000000002460                _end = .

.infomem        0x0000000000001000        0x0
 *(.infomem)
                0x0000000000001000                . = ALIGN (0x2)
 *(.infomem.*)

.infomemnobits  0x0000000000001000        0x0
 *(.infomemnobits)
                0x0000000000001000                . = ALIGN (0x2)
 *(.infomemnobits.*)

.infoa
 *(.infoa .infoa.*)

.infob
 *(.infob .infob.*)

.infoc
 *(.infoc .infoc.*)

.infod
 *(.infod .infod.*)

.vectors        0x000000000000ffe0       0x20
                0x000000000000ffe0                PROVIDE (__vectors_start, .)
 *(.vectors*)
 .vectors       0x000000000000ffe0       0x20 /usr/lib/gcc/msp430/4.6.3/mmpy-16/crt0ivtbl16.o
                0x000000000000ffe0                __ivtbl_16
                0x0000000000010000                _vectors_end = .

.fartext        0x0000000000000000        0x0
                0x0000000000000000                . = ALIGN (0x2)
 *(.fartext)
                0x0000000000000000                . = ALIGN (0x2)
 *(.fartext.*)
                0x0000000000000000                _efartext = .

.profiler
 *(.profiler)

.stab           0x0000000000000000    0x1b4f8
 *(.stab)
 .stab          0x0000000000000000     0x1a88 tree_RSSI_exp.co
 .stab          0x0000000000001a88      0xbf4 obj_sky/tree_lib.o
                                       0x1908 (size before relaxing)
 .stab          0x000000000000267c     0x1074 obj_sky/contiki-sky-main.o
                                       0x17a0 (size before relaxing)
 .stab          0x00000000000036f0      0x258 contiki-sky.a(contiki-sky-pla)
                                        0x5b8 (size before relaxing)
 .stab          0x0000000000003948      0x468 contiki-sky.a(button-sensor.o)
                                        0x7d4 (size before relaxing)
 .stab          0x0000000000003db0      0x624 contiki-sky.a(ds2411.o)
                                        0xb40 (size before relaxing)
 .stab          0x00000000000043d4      0xa38 contiki-sky.a(xmem.o)
                                        0xf60 (size before relaxing)
 .stab          0x0000000000004e0c      0x2b8 contiki-sky.a(node-id.o)
                                        0x4e0 (size before relaxing)
 .stab          0x00000000000050c4      0x654 contiki-sky.a(sensors.o)
                                        0xb70 (size before relaxing)
 .stab          0x0000000000005718     0x28d4 contiki-sky.a(cc2420.o)
                                       0x3030 (size before relaxing)
 .stab          0x0000000000007fec      0xa68 contiki-sky.a(cc2420-arch.o)
                                       0x13f8 (size before relaxing)
 .stab          0x0000000000008a54      0x60c contiki-sky.a(uart1.o)
                                        0x960 (size before relaxing)
 .stab          0x0000000000009060      0x234 contiki-sky.a(uart1-putchar.o)
                                        0x588 (size before relaxing)
 .stab          0x0000000000009294      0x744 contiki-sky.a(msp430.o)
                                        0xa98 (size before relaxing)
 .stab          0x00000000000099d8      0x948 contiki-sky.a(clock.o)
                                        0xc9c (size before relaxing)
 .stab          0x000000000000a320      0x5dc contiki-sky.a(leds.o)
                                        0x828 (size before relaxing)
 .stab          0x000000000000a8fc      0x3a8 contiki-sky.a(leds-arch.o)
                                        0x6fc (size before relaxing)
 .stab          0x000000000000aca4      0x3fc contiki-sky.a(watchdog.o)
                                        0x750 (size before relaxing)
 .stab          0x000000000000b0a0      0x3cc contiki-sky.a(rtimer-arch.o)
                                        0x720 (size before relaxing)
 .stab          0x000000000000b46c      0x294 contiki-sky.a(autostart.o)
                                        0x534 (size before relaxing)
 .stab          0x000000000000b700      0x858 contiki-sky.a(ctimer.o)
                                        0xbc4 (size before relaxing)
 .stab          0x000000000000bf58      0x474 contiki-sky.a(energest.o)
                                        0x6fc (size before relaxing)
 .stab          0x000000000000c3cc      0xabc contiki-sky.a(etimer.o)
                                        0xd8c (size before relaxing)
 .stab          0x000000000000ce88      0xba0 contiki-sky.a(process.o)
                                       0x1038 (size before relaxing)
 .stab          0x000000000000da28      0x3d8 contiki-sky.a(rtimer.o)
                                        0x6c0 (size before relaxing)
 .stab          0x000000000000de00      0x354 contiki-sky.a(timer.o)
                                        0x594 (size before relaxing)
 .stab          0x000000000000e154      0x534 contiki-sky.a(serial-line.o)
                                        0xa50 (size before relaxing)
 .stab          0x000000000000e688      0x7f8 contiki-sky.a(list.o)
                                        0x804 (size before relaxing)
 .stab          0x000000000000ee80      0x5c4 contiki-sky.a(memb.o)
                                        0xaf8 (size before relaxing)
 .stab          0x000000000000f444      0x24c contiki-sky.a(random.o)
                                        0x624 (size before relaxing)
 .stab          0x000000000000f690      0x3fc contiki-sky.a(ringbuf.o)
                                        0x63c (size before relaxing)
 .stab          0x000000000000fa8c      0x6d8 contiki-sky.a(broadcast.o)
                                       0x1500 (size before relaxing)
 .stab          0x0000000000010164      0x678 contiki-sky.a(channel.o)
                                       0x129c (size before relaxing)
 .stab          0x00000000000107dc      0x594 contiki-sky.a(chameleon.o)
                                       0x123c (size before relaxing)
 .stab          0x0000000000010d70      0xbc4 contiki-sky.a(rime.o)
                                       0x1410 (size before relaxing)
 .stab          0x0000000000011934      0x624 contiki-sky.a(unicast.o)
                                       0x129c (size before relaxing)
 .stab          0x0000000000011f58      0x66c contiki-sky.a(abc.o)
                                       0x1494 (size before relaxing)
 .stab          0x00000000000125c4      0x6e4 contiki-sky.a(announcement.o)
                                        0x984 (size before relaxing)
 .stab          0x0000000000012ca8      0xcf0 contiki-sky.a(csma.o)
                                       0x1680 (size before relaxing)
 .stab          0x0000000000013998      0xa5c contiki-sky.a(queuebuf.o)
                                       0x1884 (size before relaxing)
 .stab          0x00000000000143f4      0xc60 contiki-sky.a(packetbuf.o)
                                       0x1aa0 (size before relaxing)
 .stab          0x0000000000015054      0x2c4 contiki-sky.a(linkaddr.o)
                                        0x6c0 (size before relaxing)
 .stab          0x0000000000015318     0x1728 contiki-sky.a(contikimac.o)
                                       0x22ec (size before relaxing)
 .stab          0x0000000000016a40      0x81c contiki-sky.a(contikimac-fram)
                                        0xe58 (size before relaxing)
 .stab          0x000000000001725c      0x3c0 contiki-sky.a(nullsec.o)
                                        0xcf0 (size before relaxing)
 .stab          0x000000000001761c      0x204 contiki-sky.a(spi.o)
                                        0x42c (size before relaxing)
 .stab          0x0000000000017820      0x51c contiki-sky.a(compower.o)
                                        0xd20 (size before relaxing)
 .stab          0x0000000000017d3c      0xd80 contiki-sky.a(chameleon-bitop)
                                       0x19f8 (size before relaxing)
 .stab          0x0000000000018abc      0x948 contiki-sky.a(broadcast-annou)
                                       0x15c0 (size before relaxing)
 .stab          0x0000000000019404      0x630 contiki-sky.a(mac-sequence.o)
                                       0x1470 (size before relaxing)
 .stab          0x0000000000019a34      0x1f8 contiki-sky.a(mac.o)
                                        0x4ec (size before relaxing)
 .stab          0x0000000000019c2c      0x6f0 contiki-sky.a(framer-802154.o)
                                        0xf30 (size before relaxing)
 .stab          0x000000000001a31c     0x11dc contiki-sky.a(frame802154.o)
                                       0x19c8 (size before relaxing)

.stabstr        0x0000000000000000    0x15d0c
 *(.stabstr)
 .stabstr       0x0000000000000000    0x15d0c tree_RSSI_exp.co

.stab.excl
 *(.stab.excl)

.stab.exclstr
 *(.stab.exclstr)

.stab.index
 *(.stab.index)

.stab.indexstr
 *(.stab.indexstr)

.comment
 *(.comment)

.debug
 *(.debug)

.line
 *(.line)

.debug_srcinfo
 *(.debug_srcinfo)

.debug_sfnames
 *(.debug_sfnames)

.debug_aranges  0x0000000000000000      0x168
 *(.debug_aranges)
 .debug_aranges
                0x0000000000000000       0x14 /usr/lib/gcc/msp430/4.6.3/mmpy-16/libgcc.a(_mulsi3.o)
 .debug_aranges
                0x0000000000000014       0x14 /usr/lib/gcc/msp430/4.6.3/mmpy-16/libgcc.a(_udivmod32.o)
 .debug_aranges
                0x0000000000000028       0x14 /usr/lib/gcc/msp430/4.6.3/../../../../msp430/lib/mmpy-16/libc.a(strncmp.o)
 .debug_aranges
                0x000000000000003c       0x14 /usr/lib/gcc/msp430/4.6.3/../../../../msp430/lib/mmpy-16/libc.a(memcmp.o)
 .debug_aranges
                0x0000000000000050       0x14 /usr/lib/gcc/msp430/4.6.3/../../../../msp430/lib/mmpy-16/libc.a(memcpy.o)
 .debug_aranges
                0x0000000000000064       0x14 /usr/lib/gcc/msp430/4.6.3/../../../../msp430/lib/mmpy-16/libc.a(memset.o)
 .debug_aranges
                0x0000000000000078       0x14 /usr/lib/gcc/msp430/4.6.3/../../../../msp430/lib/mmpy-16/libc.a(printf.o)
 .debug_aranges
                0x000000000000008c       0x14 /usr/lib/gcc/msp430/4.6.3/../../../../msp430/lib/mmpy-16/libc.a(vuprintf.o)
 .debug_aranges
                0x00000000000000a0       0x14 /usr/lib/gcc/msp430/4.6.3/../../../../msp430/lib/mmpy-16/libc.a(puts.o)
 .debug_aranges
                0x00000000000000b4       0x14 /usr/lib/gcc/msp430/4.6.3/../../../../msp430/lib/mmpy-16/libc.a(rand.o)
 .debug_aranges
                0x00000000000000c8       0x14 /usr/lib/gcc/msp430/4.6.3/mmpy-16/libgcc.a(_udivmod16.o)
 .debug_aranges
                0x00000000000000dc       0x14 /usr/lib/gcc/msp430/4.6.3/mmpy-16/libgcc.a(_udivmod64.o)
 .debug_aranges
                0x00000000000000f0       0x14 /usr/lib/gcc/msp430/4.6.3/mmpy-16/libcrt0.a(__watchdog_support.o)
 .debug_aranges
                0x0000000000000104       0x14 /usr/lib/gcc/msp430/4.6.3/mmpy-16/libcrt0.a(__init_stack.o)
 .debug_aranges
                0x0000000000000118       0x14 /usr/lib/gcc/msp430/4.6.3/mmpy-16/libcrt0.a(_copy_data.o)
 .debug_aranges
                0x000000000000012c       0x14 /usr/lib/gcc/msp430/4.6.3/mmpy-16/libcrt0.a(_clear_bss.o)
 .debug_aranges
                0x0000000000000140       0x14 /usr/lib/gcc/msp430/4.6.3/mmpy-16/libcrt0.a(_endless_loop__.o)
 .debug_aranges
                0x0000000000000154       0x14 /usr/lib/gcc/msp430/4.6.3/mmpy-16/libcrt0.a(_unexpected_.o)

.debug_pubnames
 *(.debug_pubnames)

.debug_info     0x0000000000000000     0x1477
 *(.debug_info)
 .debug_info    0x0000000000000000       0xec /usr/lib/gcc/msp430/4.6.3/mmpy-16/libgcc.a(_mulsi3.o)
 .debug_info    0x00000000000000ec       0xec /usr/lib/gcc/msp430/4.6.3/mmpy-16/libgcc.a(_udivmod32.o)
 .debug_info    0x00000000000001d8       0xbb /usr/lib/gcc/msp430/4.6.3/../../../../msp430/lib/mmpy-16/libc.a(strncmp.o)
 .debug_info    0x0000000000000293       0xe8 /usr/lib/gcc/msp430/4.6.3/../../../../msp430/lib/mmpy-16/libc.a(memcmp.o)
 .debug_info    0x000000000000037b      0x113 /usr/lib/gcc/msp430/4.6.3/../../../../msp430/lib/mmpy-16/libc.a(memcpy.o)
 .debug_info    0x000000000000048e       0xfe /usr/lib/gcc/msp430/4.6.3/../../../../msp430/lib/mmpy-16/libc.a(memset.o)
 .debug_info    0x000000000000058c      0x105 /usr/lib/gcc/msp430/4.6.3/../../../../msp430/lib/mmpy-16/libc.a(printf.o)
 .debug_info    0x0000000000000691      0x565 /usr/lib/gcc/msp430/4.6.3/../../../../msp430/lib/mmpy-16/libc.a(vuprintf.o)
 .debug_info    0x0000000000000bf6       0x96 /usr/lib/gcc/msp430/4.6.3/../../../../msp430/lib/mmpy-16/libc.a(puts.o)
 .debug_info    0x0000000000000c8c      0x13f /usr/lib/gcc/msp430/4.6.3/../../../../msp430/lib/mmpy-16/libc.a(rand.o)
 .debug_info    0x0000000000000dcb       0xec /usr/lib/gcc/msp430/4.6.3/mmpy-16/libgcc.a(_udivmod16.o)
 .debug_info    0x0000000000000eb7       0xec /usr/lib/gcc/msp430/4.6.3/mmpy-16/libgcc.a(_udivmod64.o)
 .debug_info    0x0000000000000fa3       0xce /usr/lib/gcc/msp430/4.6.3/mmpy-16/libcrt0.a(__watchdog_support.o)
 .debug_info    0x0000000000001071       0xce /usr/lib/gcc/msp430/4.6.3/mmpy-16/libcrt0.a(__init_stack.o)
 .debug_info    0x000000000000113f       0xce /usr/lib/gcc/msp430/4.6.3/mmpy-16/libcrt0.a(_copy_data.o)
 .debug_info    0x000000000000120d       0xce /usr/lib/gcc/msp430/4.6.3/mmpy-16/libcrt0.a(_clear_bss.o)
 .debug_info    0x00000000000012db       0xce /usr/lib/gcc/msp430/4.6.3/mmpy-16/libcrt0.a(_endless_loop__.o)
 .debug_info    0x00000000000013a9       0xce /usr/lib/gcc/msp430/4.6.3/mmpy-16/libcrt0.a(_unexpected_.o)
 *(.gnu.linkonce.wi.*)

.debug_abbrev   0x0000000000000000      0x721
 *(.debug_abbrev)
 .debug_abbrev  0x0000000000000000       0x14 /usr/lib/gcc/msp430/4.6.3/mmpy-16/libgcc.a(_mulsi3.o)
 .debug_abbrev  0x0000000000000014       0x14 /usr/lib/gcc/msp430/4.6.3/mmpy-16/libgcc.a(_udivmod32.o)
 .debug_abbrev  0x0000000000000028       0x7c /usr/lib/gcc/msp430/4.6.3/../../../../msp430/lib/mmpy-16/libc.a(strncmp.o)
 .debug_abbrev  0x00000000000000a4       0x9b /usr/lib/gcc/msp430/4.6.3/../../../../msp430/lib/mmpy-16/libc.a(memcmp.o)
 .debug_abbrev  0x000000000000013f       0x97 /usr/lib/gcc/msp430/4.6.3/../../../../msp430/lib/mmpy-16/libc.a(memcpy.o)
 .debug_abbrev  0x00000000000001d6       0x9c /usr/lib/gcc/msp430/4.6.3/../../../../msp430/lib/mmpy-16/libc.a(memset.o)
 .debug_abbrev  0x0000000000000272       0xd0 /usr/lib/gcc/msp430/4.6.3/../../../../msp430/lib/mmpy-16/libc.a(printf.o)
 .debug_abbrev  0x0000000000000342      0x1ef /usr/lib/gcc/msp430/4.6.3/../../../../msp430/lib/mmpy-16/libc.a(vuprintf.o)
 .debug_abbrev  0x0000000000000531       0x60 /usr/lib/gcc/msp430/4.6.3/../../../../msp430/lib/mmpy-16/libc.a(puts.o)
 .debug_abbrev  0x0000000000000591       0xf0 /usr/lib/gcc/msp430/4.6.3/../../../../msp430/lib/mmpy-16/libc.a(rand.o)
 .debug_abbrev  0x0000000000000681       0x14 /usr/lib/gcc/msp430/4.6.3/mmpy-16/libgcc.a(_udivmod16.o)
 .debug_abbrev  0x0000000000000695       0x14 /usr/lib/gcc/msp430/4.6.3/mmpy-16/libgcc.a(_udivmod64.o)
 .debug_abbrev  0x00000000000006a9       0x14 /usr/lib/gcc/msp430/4.6.3/mmpy-16/libcrt0.a(__watchdog_support.o)
 .debug_abbrev  0x00000000000006bd       0x14 /usr/lib/gcc/msp430/4.6.3/mmpy-16/libcrt0.a(__init_stack.o)
 .debug_abbrev  0x00000000000006d1       0x14 /usr/lib/gcc/msp430/4.6.3/mmpy-16/libcrt0.a(_copy_data.o)
 .debug_abbrev  0x00000000000006e5       0x14 /usr/lib/gcc/msp430/4.6.3/mmpy-16/libcrt0.a(_clear_bss.o)
 .debug_abbrev  0x00000000000006f9       0x14 /usr/lib/gcc/msp430/4.6.3/mmpy-16/libcrt0.a(_endless_loop__.o)
 .debug_abbrev  0x000000000000070d       0x14 /usr/lib/gcc/msp430/4.6.3/mmpy-16/libcrt0.a(_unexpected_.o)

.debug_line     0x0000000000000000      0xcdd
 *(.debug_line)
 .debug_line    0x0000000000000000       0xae /usr/lib/gcc/msp430/4.6.3/mmpy-16/libgcc.a(_mulsi3.o)
 .debug_line    0x00000000000000ae       0xb6 /usr/lib/gcc/msp430/4.6.3/mmpy-16/libgcc.a(_udivmod32.o)
 .debug_line    0x0000000000000164       0x75 /usr/lib/gcc/msp430/4.6.3/../../../../msp430/lib/mmpy-16/libc.a(strncmp.o)
 .debug_line    0x00000000000001d9       0x73 /usr/lib/gcc/msp430/4.6.3/../../../../msp430/lib/mmpy-16/libc.a(memcmp.o)
 .debug_line    0x000000000000024c       0xe9 /usr/lib/gcc/msp430/4.6.3/../../../../msp430/lib/mmpy-16/libc.a(memcpy.o)
 .debug_line    0x0000000000000335       0xc8 /usr/lib/gcc/msp430/4.6.3/../../../../msp430/lib/mmpy-16/libc.a(memset.o)
 .debug_line    0x00000000000003fd       0x72 /usr/lib/gcc/msp430/4.6.3/../../../../msp430/lib/mmpy-16/libc.a(printf.o)
 .debug_line    0x000000000000046f      0x2d2 /usr/lib/gcc/msp430/4.6.3/../../../../msp430/lib/mmpy-16/libc.a(vuprintf.o)
 .debug_line    0x0000000000000741       0x4d /usr/lib/gcc/msp430/4.6.3/../../../../msp430/lib/mmpy-16/libc.a(puts.o)
 .debug_line    0x000000000000078e       0x4f /usr/lib/gcc/msp430/4.6.3/../../../../msp430/lib/mmpy-16/libc.a(rand.o)
 .debug_line    0x00000000000007dd       0xa7 /usr/lib/gcc/msp430/4.6.3/mmpy-16/libgcc.a(_udivmod16.o)
 .debug_line    0x0000000000000884       0xfc /usr/lib/gcc/msp430/4.6.3/mmpy-16/libgcc.a(_udivmod64.o)
 .debug_line    0x0000000000000980       0x8f /usr/lib/gcc/msp430/4.6.3/mmpy-16/libcrt0.a(__watchdog_support.o)
 .debug_line    0x0000000000000a0f       0x8d /usr/lib/gcc/msp430/4.6.3/mmpy-16/libcrt0.a(__init_stack.o)
 .debug_line    0x0000000000000a9c       0x93 /usr/lib/gcc/msp430/4.6.3/mmpy-16/libcrt0.a(_copy_data.o)
 .debug_line    0x0000000000000b2f       0x93 /usr/lib/gcc/msp430/4.6.3/mmpy-16/libcrt0.a(_clear_bss.o)
 .debug_line    0x0000000000000bc2       0x8e /usr/lib/gcc/msp430/4.6.3/mmpy-16/libcrt0.a(_endless_loop__.o)
 .debug_line    0x0000000000000c50       0x8d /usr/lib/gcc/msp430/4.6.3/mmpy-16/libcrt0.a(_unexpected_.o)

.debug_frame    0x0000000000000000      0x1ec
 *(.debug_frame)
 .debug_frame   0x0000000000000000       0x24 /usr/lib/gcc/msp430/4.6.3/../../../../msp430/lib/mmpy-16/libc.a(strncmp.o)
 .debug_frame   0x0000000000000024       0x24 /usr/lib/gcc/msp430/4.6.3/../../../../msp430/lib/mmpy-16/libc.a(memcmp.o)
 .debug_frame   0x0000000000000048       0x38 /usr/lib/gcc/msp430/4.6.3/../../../../msp430/lib/mmpy-16/libc.a(memcpy.o)
 .debug_frame   0x0000000000000080       0x32 /usr/lib/gcc/msp430/4.6.3/../../../../msp430/lib/mmpy-16/libc.a(memset.o)
 .debug_frame   0x00000000000000b2       0x2a /usr/lib/gcc/msp430/4.6.3/../../../../msp430/lib/mmpy-16/libc.a(printf.o)
 .debug_frame   0x00000000000000dc       0xb0 /usr/lib/gcc/msp430/4.6.3/../../../../msp430/lib/mmpy-16/libc.a(vuprintf.o)
 .debug_frame   0x000000000000018c       0x24 /usr/lib/gcc/msp430/4.6.3/../../../../msp430/lib/mmpy-16/libc.a(puts.o)
 .debug_frame   0x00000000000001b0       0x3c /usr/lib/gcc/msp430/4.6.3/../../../../msp430/lib/mmpy-16/libc.a(rand.o)

.debug_str      0x0000000000000000      0x3e8
 *(.debug_str)
 .debug_str     0x0000000000000000       0xd0 /usr/lib/gcc/msp430/4.6.3/../../../../msp430/lib/mmpy-16/libc.a(strncmp.o)
                                        0x109 (size before relaxing)
 .debug_str     0x00000000000000d0       0x19 /usr/lib/gcc/msp430/4.6.3/../../../../msp430/lib/mmpy-16/libc.a(memcmp.o)
                                        0x107 (size before relaxing)
 .debug_str     0x00000000000000e9       0x34 /usr/lib/gcc/msp430/4.6.3/../../../../msp430/lib/mmpy-16/libc.a(memcpy.o)
                                        0x122 (size before relaxing)
 .debug_str     0x000000000000011d       0x26 /usr/lib/gcc/msp430/4.6.3/../../../../msp430/lib/mmpy-16/libc.a(memset.o)
                                        0x120 (size before relaxing)
 .debug_str     0x0000000000000143       0x40 /usr/lib/gcc/msp430/4.6.3/../../../../msp430/lib/mmpy-16/libc.a(printf.o)
                                        0x136 (size before relaxing)
 .debug_str     0x0000000000000183      0x221 /usr/lib/gcc/msp430/4.6.3/../../../../msp430/lib/mmpy-16/libc.a(vuprintf.o)
                                        0x381 (size before relaxing)
 .debug_str     0x00000000000003a4       0x15 /usr/lib/gcc/msp430/4.6.3/../../../../msp430/lib/mmpy-16/libc.a(puts.o)
                                         0xfc (size before relaxing)
 .debug_str     0x00000000000003b9       0x2f /usr/lib/gcc/msp430/4.6.3/../../../../msp430/lib/mmpy-16/libc.a(rand.o)
                                        0x11b (size before relaxing)

.debug_loc      0x0000000000000000      0xaf3
 *(.debug_loc)
 .debug_loc     0x0000000000000000       0x38 /usr/lib/gcc/msp430/4.6.3/../../../../msp430/lib/mmpy-16/libc.a(strncmp.o)
 .debug_loc     0x0000000000000038       0x5e /usr/lib/gcc/msp430/4.6.3/../../../../msp430/lib/mmpy-16/libc.a(memcmp.o)
 .debug_loc     0x0000000000000096      0x1f0 /usr/lib/gcc/msp430/4.6.3/../../../../msp430/lib/mmpy-16/libc.a(memcpy.o)
 .debug_loc     0x0000000000000286       0xdb /usr/lib/gcc/msp430/4.6.3/../../../../msp430/lib/mmpy-16/libc.a(memset.o)
 .debug_loc     0x0000000000000361       0x38 /usr/lib/gcc/msp430/4.6.3/../../../../msp430/lib/mmpy-16/libc.a(printf.o)
 .debug_loc     0x0000000000000399      0x705 /usr/lib/gcc/msp430/4.6.3/../../../../msp430/lib/mmpy-16/libc.a(vuprintf.o)
 .debug_loc     0x0000000000000a9e       0x26 /usr/lib/gcc/msp430/4.6.3/../../../../msp430/lib/mmpy-16/libc.a(puts.o)
 .debug_loc     0x0000000000000ac4       0x2f /usr/lib/gcc/msp430/4.6.3/../../../../msp430/lib/mmpy-16/libc.a(rand.o)

.debug_macinfo
 *(.debug_macinfo)

.debug_pubtypes
 *(.debug_pubtypes)

.debug_ranges   0x0000000000000000       0x18
 *(.debug_ranges)
 .debug_ranges  0x0000000000000000       0x18 /usr/lib/gcc/msp430/4.6.3/../../../../msp430/lib/mmpy-16/libc.a(vuprintf.o)
                0x0000000000003900                PROVIDE (__stack, (ORIGIN (ram) + 0x2800))
                0x0000000000009f08                PROVIDE (__data_start_rom, _etext)
                0x0000000000009fb2                PROVIDE (__data_end_rom, (_etext + SIZEOF (.data)))
OUTPUT(tree_RSSI_exp.sky elf32-msp430)
